******************************************************************************
             TMS320C2000 Linker PC v22.6.3                     
******************************************************************************
>> Linked Sat Feb 21 14:02:10 2026

OUTPUT FILE NAME:   <three_phase_triac_drive.out>
ENTRY POINT SYMBOL: "code_start"  address: 00000000


MEMORY CONFIGURATION

         name            origin    length      used     unused   attr    fill
----------------------  --------  ---------  --------  --------  ----  --------
PAGE 0:
  BEGIN                 00000000   00000002  00000002  00000000  RWIX
  RAMM0                 000000f6   0000030a  0000001a  000002f0  RWIX
  RAMLS0                00008000   00000800  00000800  00000000  RWIX
  RAMLS1                00008800   00000800  00000800  00000000  RWIX
  RAMLS2                00009000   00000800  00000800  00000000  RWIX
  RAMLS3                00009800   00000800  00000800  00000000  RWIX
  RAMLS4                0000a000   00000800  00000800  00000000  RWIX
  FLASH_BANK0_SEC0      00080000   00001000  00000000  00001000  RWIX
  FLASH_BANK0_SEC1      00081000   00001000  00000000  00001000  RWIX
  FLASH_BANK0_SEC2      00082000   00001000  00000000  00001000  RWIX
  FLASH_BANK0_SEC3      00083000   00001000  00000000  00001000  RWIX
  FLASH_BANK0_SEC4      00084000   00001000  00000000  00001000  RWIX
  FLASH_BANK0_SEC5      00085000   00001000  00000000  00001000  RWIX
  FLASH_BANK0_SEC6      00086000   00001000  00000000  00001000  RWIX
  FLASH_BANK0_SEC7      00087000   00001000  00000000  00001000  RWIX
  FLASH_BANK0_SEC8      00088000   00001000  00000000  00001000  RWIX
  FLASH_BANK0_SEC9      00089000   00001000  00000000  00001000  RWIX
  FLASH_BANK0_SEC10     0008a000   00001000  00000000  00001000  RWIX
  FLASH_BANK0_SEC11     0008b000   00001000  00000000  00001000  RWIX
  FLASH_BANK0_SEC12     0008c000   00001000  00000000  00001000  RWIX
  FLASH_BANK0_SEC13     0008d000   00001000  00000000  00001000  RWIX
  FLASH_BANK0_SEC14     0008e000   00001000  00000000  00001000  RWIX
  FLASH_BANK0_SEC15     0008f000   00001000  00000000  00001000  RWIX
  FLASH_BANK1_SEC0      00090000   00001000  00000000  00001000  RWIX
  FLASH_BANK1_SEC1      00091000   00001000  00000000  00001000  RWIX
  FLASH_BANK1_SEC2      00092000   00001000  00000000  00001000  RWIX
  FLASH_BANK1_SEC3      00093000   00001000  00000000  00001000  RWIX
  FLASH_BANK1_SEC4      00094000   00001000  00000000  00001000  RWIX
  FLASH_BANK1_SEC5      00095000   00001000  00000000  00001000  RWIX
  FLASH_BANK1_SEC6      00096000   00001000  00000000  00001000  RWIX
  FLASH_BANK1_SEC7      00097000   00001000  00000000  00001000  RWIX
  FLASH_BANK1_SEC8      00098000   00001000  00000000  00001000  RWIX
  FLASH_BANK1_SEC9      00099000   00001000  00000000  00001000  RWIX
  FLASH_BANK1_SEC10     0009a000   00001000  00000000  00001000  RWIX
  FLASH_BANK1_SEC11     0009b000   00001000  00000000  00001000  RWIX
  FLASH_BANK1_SEC12     0009c000   00001000  00000000  00001000  RWIX
  FLASH_BANK1_SEC13     0009d000   00001000  00000000  00001000  RWIX
  FLASH_BANK1_SEC14     0009e000   00001000  00000000  00001000  RWIX
  FLASH_BANK1_SEC15     0009f000   00001000  00000000  00001000  RWIX
  RESET                 003fffc0   00000002  00000000  00000002  RWIX

PAGE 1:
  BOOT_RSVD             00000002   000000f1  00000000  000000f1  RWIX
  RAMM1                 00000400   000003f8  000003f8  00000000  RWIX
  RAMLS5                0000a800   00000800  0000055b  000002a5  RWIX
  RAMLS6                0000b000   00000800  00000000  00000800  RWIX
  RAMLS7                0000b800   00000800  00000000  00000800  RWIX
  RAMGS0                0000c000   00002000  00000000  00002000  RWIX
  RAMGS1                0000e000   00002000  00000000  00002000  RWIX
  RAMGS2                00010000   00002000  00000000  00002000  RWIX
  RAMGS3                00012000   00001ff8  00000000  00001ff8  RWIX


SECTION ALLOCATION MAP

 output                                  attributes/
section   page    origin      length       input sections
--------  ----  ----------  ----------   ----------------
codestart 
*          0    00000000    00000002     
                  00000000    00000002     f28004x_codestartbranch.obj (codestart)

.TI.ramfunc 
*          0    000000f6    00000004     
                  000000f6    00000004     driverlib_eabi.lib : sysctl.obj (.TI.ramfunc)

.cinit     0    000000fa    00000016     
                  000000fa    0000000d     (.cinit..data.load) [load image, compression = lzss]
                  00000107    00000001     --HOLE-- [fill = 0]
                  00000108    00000004     (__TI_handler_table)
                  0000010c    00000004     (__TI_cinit_table)

.reset     0    003fffc0    00000000     DSECT

.stack     1    00000400    000003f8     UNINITIALIZED
                  00000400    000003f8     --HOLE--

.init_array 
*          0    000000f6    00000000     UNINITIALIZED

.const     1    0000a800    00000536     
                  0000a800    00000110     three_phase_triac.obj (.const:.string)
                  0000a910    00000101     rts2800_fpu32_eabi.lib : ctype.c.obj (.const:.string:_ctypes_)
                  0000aa11    00000001     --HOLE-- [fill = 0]
                  0000aa12    0000009a     driverlib_eabi.lib : sysctl.obj (.const:.string)
                  0000aaac    00000098                        : gpio.obj (.const:.string)
                  0000ab44    00000097                        : sci.obj (.const:.string)
                  0000abdb    00000001     --HOLE-- [fill = 0]
                  0000abdc    00000053     device.obj (.const:.string)
                  0000ac2f    00000001     --HOLE-- [fill = 0]
                  0000ac30    00000051     driverlib_eabi.lib : interrupt.obj (.const:.string)
                  0000ac81    00000001     --HOLE-- [fill = 0]
                  0000ac82    0000004b                        : adc.obj (.const:.string)
                  0000accd    00000001     --HOLE-- [fill = 0]
                  0000acce    00000026     rts2800_fpu32_eabi.lib : _printfi.c.obj (.const:.string)
                  0000acf4    0000001c                            : _printfi.c.obj (.const)
                  0000ad10    0000001c                            : s_scalbn.c.obj (.const)
                  0000ad2c    00000008                            : s_frexp.c.obj (.const)
                  0000ad34    00000002     three_phase_triac.obj (.const)

.data      1    0000ad36    00000025     UNINITIALIZED
                  0000ad36    00000006     rts2800_fpu32_eabi.lib : exit.c.obj (.data)
                  0000ad3c    00000002                            : _lock.c.obj (.data:_lock)
                  0000ad3e    00000002                            : _lock.c.obj (.data:_unlock)
                  0000ad40    0000001a     three_phase_triac.obj (.data)
                  0000ad5a    00000001     rts2800_fpu32_eabi.lib : errno.c.obj (.data)

.text.1    0    00000000    000001c7     FAILED TO ALLOCATE
.text.2    0    00008000    00000800     
                  00008000    000006c2     rts2800_fpu32_eabi.lib : _printfi.c.obj (.text)
                  000086c2    00000107                            : ll_div28.asm.obj (.text)
                  000087c9    00000037     driverlib_eabi.lib : gpio.obj (.text:GPIO_setPinConfig)

.text.3    0    00008800    00000800     
                  00008800    00000614     rts2800_fpu32_eabi.lib : _printfi.c.obj (.text:__TI_printfi)
                  00008e14    00000104     three_phase_triac.obj (.text:main)
                  00008f18    000000e0     device.obj (.text:Device_enableAllPeripherals)
                  00008ff8    00000008     rts2800_fpu32_eabi.lib : copy_decompress_none.c.obj (.text:decompress:none)

.text.4    0    00009000    00000800     
                  00009000    000000c8     driverlib_eabi.lib : sysctl.obj (.text:SysCtl_setClock)
                  000090c8    000000bd                        : sysctl.obj (.text:SysCtl_isPLLValid)
                  00009185    000000a9     rts2800_fpu32_eabi.lib : s_scalbn.c.obj (.text)
                  0000922e    0000009c                            : fd_add28.asm.obj (.text)
                  000092ca    0000008b                            : fd_div28.asm.obj (.text)
                  00009355    00000088                            : fs_div28.asm.obj (.text)
                  000093dd    00000083                            : fd_mpy28.asm.obj (.text)
                  00009460    0000007f     driverlib_eabi.lib : interrupt.obj (.text:Interrupt_clearIFR)
                  000094df    00000073                        : sysctl.obj (.text:DCC_setCounterSeeds)
                  00009552    0000005e                        : sysctl.obj (.text:SysCtl_getClock)
                  000095b0    0000005a     rts2800_fpu32_eabi.lib : s_frexp.c.obj (.text)
                  0000960a    00000057     three_phase_triac.obj (.text:epwmSchedulerISR_B)
                  00009661    00000057     three_phase_triac.obj (.text:epwmSchedulerISR_R)
                  000096b8    00000057     three_phase_triac.obj (.text:epwmSchedulerISR_Y)
                  0000970f    00000052     driverlib_eabi.lib : gpio.obj (.text:GPIO_setPadConfig)
                  00009761    00000051     device.obj (.text:Device_init)
                  000097b2    0000004e     driverlib_eabi.lib : interrupt.obj (.text:Interrupt_disable)

.text.5    0    00009800    00000800     
                  00009800    00000051     three_phase_triac.obj (.text:initSCIA)
                  00009851    0000004d     driverlib_eabi.lib : sysctl.obj (.text:SysCtl_selectOscSource)
                  0000989e    0000004c                        : adc.obj (.text:ADC_setVREF)
                  000098ea    0000004b     three_phase_triac.obj (.text:EPWM_setInterruptSource)
                  00009935    0000004b     three_phase_triac.obj (.text:cpuTimer2_ISR)
                  00009980    0000004b     three_phase_triac.obj (.text:initEPWM1_R)
                  000099cb    0000004b     three_phase_triac.obj (.text:initEPWM2_Y)
                  00009a16    0000004b     three_phase_triac.obj (.text:initEPWM3_B)
                  00009a61    00000049     three_phase_triac.obj (.text:xint3_ISR_B)
                  00009aaa    00000048     three_phase_triac.obj (.text:xint1_ISR_R)
                  00009af2    00000048     three_phase_triac.obj (.text:xint2_ISR_Y)
                  00009b3a    00000046     three_phase_triac.obj (.text:ADC_setupSOC)
                  00009b80    00000045     driverlib_eabi.lib : sysctl.obj (.text:SysCtl_pollX1Counter)
                  00009bc5    00000043     three_phase_triac.obj (.text:initepwm_scheduler_B)
                  00009c08    00000043     three_phase_triac.obj (.text:initepwm_scheduler_R)
                  00009c4b    00000043     three_phase_triac.obj (.text:initepwm_scheduler_Y)
                  00009c8e    00000040     three_phase_triac.obj (.text:EPWM_setActionQualifierAction)
                  00009cce    00000040     driverlib_eabi.lib : sysctl.obj (.text:SysCtl_selectXTAL)
                  00009d0e    0000003e                        : sci.obj (.text:SCI_setConfig)
                  00009d4c    0000003d                        : interrupt.obj (.text:Interrupt_initModule)
                  00009d89    0000003a                        : gpio.obj (.text:GPIO_setAnalogMode)
                  00009dc3    00000037                        : gpio.obj (.text:GPIO_setQualificationMode)
                  00009dfa    00000037                        : interrupt.obj (.text:Interrupt_enable)
                  00009e31    00000034                        : gpio.obj (.text:GPIO_setInterruptPin)
                  00009e65    00000033     three_phase_triac.obj (.text:initADC)
                  00009e98    00000032     rts2800_fpu32_eabi.lib : sprintf.c.obj (.text)
                  00009eca    00000031     driverlib_eabi.lib : gpio.obj (.text:GPIO_setDirectionMode)
                  00009efb    00000031     rts2800_fpu32_eabi.lib : atoi.c.obj (.text)
                  00009f2c    00000030                            : _ltoa.c.obj (.text)
                  00009f5c    0000002f     three_phase_triac.obj (.text:ADC_setInterruptSource)
                  00009f8b    0000002e     rts2800_fpu32_eabi.lib : copy_decompress_lzss.c.obj (.text:decompress:lzss)
                  00009fb9    0000002b     three_phase_triac.obj (.text:EPWM_isBaseValid)
                  00009fe4    0000001c     driverlib_eabi.lib : sysctl.obj (.text:DCC_setCounter0ClkSource)

.text.6    0    0000a000    00000800     
                  0000a000    0000002b     rts2800_fpu32_eabi.lib : autoinit.c.obj (.text:__TI_auto_init_nobinit_nopinit)
                  0000a02b    0000002b     three_phase_triac.obj (.text:initSamplingTimer)
                  0000a056    0000002a     rts2800_fpu32_eabi.lib : fd_cmp28.asm.obj (.text)
                  0000a080    0000002a                            : l_div28.asm.obj (.text)
                  0000a0aa    00000029                            : exit.c.obj (.text)
                  0000a0d3    00000028     driverlib_eabi.lib : adc.obj (.text:ADC_setOffsetTrimAll)
                  0000a0fb    00000028     three_phase_triac.obj (.text:EPWM_setInterruptEventCount)
                  0000a123    00000001     c2000ware_libraries.obj (.text:C2000Ware_libraries_init)
                  0000a124    00000027     rts2800_fpu32_eabi.lib : e_sqrtf.c.obj (.text)
                  0000a14b    00000025     driverlib_eabi.lib : sysctl.obj (.text:SysCtl_selectXTALSingleEnded)
                  0000a170    00000024                        : sysctl.obj (.text:DCC_enableSingleShotMode)
                  0000a194    00000024     rts2800_fpu32_eabi.lib : s_copysign.c.obj (.text)
                  0000a1b8    00000022     three_phase_triac.obj (.text:EPWM_setCounterCompareValue)
                  0000a1da    00000022     three_phase_triac.obj (.text:EPWM_setTripZoneAction)
                  0000a1fc    00000021     rts2800_fpu32_eabi.lib : fd_toi28.asm.obj (.text)
                  0000a21d    00000020     three_phase_triac.obj (.text:ADC_enableInterrupt)
                  0000a23d    00000020     driverlib_eabi.lib : gpio.obj (.text:XBAR_setInputPin)
                  0000a25d    0000001f     three_phase_triac.obj (.text:EPWM_clearTripZoneFlag)
                  0000a27c    0000001f     three_phase_triac.obj (.text:EPWM_forceTripZoneEvent)
                  0000a29b    0000001f     rts2800_fpu32_eabi.lib : fd_tol28.asm.obj (.text)
                  0000a2ba    0000001e     driverlib_eabi.lib : sysctl.obj (.text:DCC_setCounter1ClkSource)
                  0000a2d8    0000001e     three_phase_triac.obj (.text:EPWM_setPhaseShift)
                  0000a2f6    0000001e     driverlib_eabi.lib : interrupt.obj (.text:Interrupt_initVectorTable)
                  0000a314    0000001e     three_phase_triac.obj (.text:initZVC_R)
                  0000a332    0000001e     rts2800_fpu32_eabi.lib : ll_cmp28.asm.obj (.text)
                  0000a350    0000001d     three_phase_triac.obj (.text:ADC_getInterruptStatus)
                  0000a36d    0000001d     three_phase_triac.obj (.text:SCI_enableFIFO)
                  0000a38a    0000001d     three_phase_triac.obj (.text:initZVC_B)
                  0000a3a7    0000001d     three_phase_triac.obj (.text:initZVC_Y)
                  0000a3c4    0000001d     rts2800_fpu32_eabi.lib : i_tofd28.asm.obj (.text)
                  0000a3e1    0000001d                            : memcpy.c.obj (.text)
                  0000a3fe    0000001c     three_phase_triac.obj (.text:EPWM_setClockPrescaler)
                  0000a41a    0000001c     three_phase_triac.obj (.text:readADC)
                  0000a436    0000001c     rts2800_fpu32_eabi.lib : l_tofd28.asm.obj (.text)
                  0000a452    0000001a     three_phase_triac.obj (.text:ADC_readResult)
                  0000a46c    0000001a     three_phase_triac.obj (.text:CPUTimer_startTimer)
                  0000a486    0000001a     driverlib_eabi.lib : sysctl.obj (.text:SysCtl_getLowSpeedClock)
                  0000a4a0    00000019     three_phase_triac.obj (.text:SCI_writeCharBlockingFIFO)
                  0000a4b9    00000018     driverlib_eabi.lib : sci.obj (.text:SCI_disableModule)
                  0000a4d1    00000018     three_phase_triac.obj (.text:SCI_resetChannels)
                  0000a4e9    00000018     three_phase_triac.obj (.text:SCI_resetRxFIFO)
                  0000a501    00000018     three_phase_triac.obj (.text:SCI_resetTxFIFO)
                  0000a519    00000018     three_phase_triac.obj (.text:SysCtl_disablePeripheral)
                  0000a531    00000018     rts2800_fpu32_eabi.lib : ll_aox28.asm.obj (.text)
                  0000a549    00000017     three_phase_triac.obj (.text:ADC_forceSOC)
                  0000a560    00000017     driverlib_eabi.lib : adc.obj (.text:ADC_isBaseValid)
                  0000a577    00000017     three_phase_triac.obj (.text:ADC_isBaseValid)
                  0000a58e    00000017     three_phase_triac.obj (.text:CPUTimer_isBaseValid)
                  0000a5a5    00000017     three_phase_triac.obj (.text:CPUTimer_setPreScaler)
                  0000a5bc    00000017     device.obj (.text:SysCtl_enablePeripheral)
                  0000a5d3    00000017     driverlib_eabi.lib : sysctl.obj (.text:SysCtl_enablePeripheral)
                  0000a5ea    00000017     three_phase_triac.obj (.text:SysCtl_enablePeripheral)
                  0000a601    00000017     rts2800_fpu32_eabi.lib : boot28.asm.obj (.text)
                  0000a618    00000016     three_phase_triac.obj (.text:ADC_setPrescaler)
                  0000a62e    00000016     driverlib_eabi.lib : sysctl.obj (.text:DCC_disableDoneSignal)
                  0000a644    00000016                        : sysctl.obj (.text:DCC_enableDoneSignal)
                  0000a65a    00000016                        : interrupt.obj (.text:Interrupt_defaultHandler)
                  0000a670    00000015     three_phase_triac.obj (.text:CPUTimer_enableInterrupt)
                  0000a685    00000015     driverlib_eabi.lib : sysctl.obj (.text:DCC_clearDoneFlag)
                  0000a69a    00000015                        : sysctl.obj (.text:DCC_clearErrorFlag)
                  0000a6af    00000015                        : sysctl.obj (.text:DCC_disableErrorSignal)
                  0000a6c4    00000015                        : sysctl.obj (.text:DCC_enableErrorSignal)
                  0000a6d9    00000015     device.obj (.text:GPIO_unlockPortConfig)
                  0000a6ee    00000014     three_phase_triac.obj (.text:ADC_clearInterruptStatus)
                  0000a702    00000014     three_phase_triac.obj (.text:CPUTimer_reloadTimerCounter)
                  0000a716    00000014     three_phase_triac.obj (.text:CPUTimer_stopTimer)
                  0000a72a    00000014     driverlib_eabi.lib : sysctl.obj (.text:DCC_disableModule)
                  0000a73e    00000014                        : sysctl.obj (.text:DCC_enableModule)
                  0000a752    00000014     three_phase_triac.obj (.text:EPWM_setTimeBaseCounterMode)
                  0000a766    00000014     three_phase_triac.obj (.text:EPWM_setTimeBasePeriod)
                  0000a77a    00000014     driverlib_eabi.lib : gpio.obj (.text:GPIO_isPinValid)
                  0000a78e    00000014     three_phase_triac.obj (.text:SCI_getTxFIFOStatus)
                  0000a7a2    00000014     device.obj (.text:SysCtl_deviceCal)
                  0000a7b6    00000013     three_phase_triac.obj (.text:ADC_enableConverter)
                  0000a7c9    00000013     three_phase_triac.obj (.text:EPWM_clearEventTriggerInterruptFlag)
                  0000a7dc    00000013     three_phase_triac.obj (.text:EPWM_enableInterrupt)
                  0000a7ef    00000011     three_phase_triac.obj (.text:CPUTimer_setPeriod)

MODULE SUMMARY

       Module                        code    ro data   rw data
       ------                        ----    -------   -------
    .\
       three_phase_triac.obj         2672    274       26     
    +--+-----------------------------+-------+---------+---------+
       Total:                        2672    274       26     
                                                              
    .\device\
       device.obj                    369     83        0      
       f28004x_codestartbranch.obj   2       0         0      
    +--+-----------------------------+-------+---------+---------+
       Total:                        371     83        0      
                                                              
    .\syscfg\
       c2000ware_libraries.obj       1       0         0      
    +--+-----------------------------+-------+---------+---------+
       Total:                        1       0         0      
                                                              
    C:\ti\C2000Ware_6_00_01_00\driverlib\f28004x\driverlib\ccs\Debug\driverlib_eabi.lib
       sysctl.obj                    1160    154       0      
       gpio.obj                      403     152       0      
       interrupt.obj                 373     81        0      
       sci.obj                       86      151       0      
       adc.obj                       139     75        0      
    +--+-----------------------------+-------+---------+---------+
       Total:                        2161    613       0      
                                                              
    C:\ti\ccs2041\ccs\tools\compiler\ti-cgt-c2000_22.6.3.LTS\lib\rts2800_fpu32_eabi.lib
       _printfi.c.obj                3286    66        0      
       ll_div28.asm.obj              263     0         0      
       ctype.c.obj                   0       257       0      
       s_scalbn.c.obj                169     28        0      
       fd_add28.asm.obj              156     0         0      
       fd_div28.asm.obj              139     0         0      
       fs_div28.asm.obj              136     0         0      
       fd_mpy28.asm.obj              131     0         0      
       s_frexp.c.obj                 90      8         0      
       sprintf.c.obj                 50      0         0      
       atoi.c.obj                    49      0         0      
       _ltoa.c.obj                   48      0         0      
       exit.c.obj                    41      0         6      
       copy_decompress_lzss.c.obj    46      0         0      
       autoinit.c.obj                43      0         0      
       fd_cmp28.asm.obj              42      0         0      
       l_div28.asm.obj               42      0         0      
       e_sqrtf.c.obj                 39      0         0      
       s_copysign.c.obj              36      0         0      
       fd_toi28.asm.obj              33      0         0      
       fd_tol28.asm.obj              31      0         0      
       ll_cmp28.asm.obj              30      0         0      
       i_tofd28.asm.obj              29      0         0      
       memcpy.c.obj                  29      0         0      
       l_tofd28.asm.obj              28      0         0      
       ll_aox28.asm.obj              24      0         0      
       boot28.asm.obj                23      0         0      
       copy_decompress_none.c.obj    8       0         0      
       _lock.c.obj                   0       0         4      
       errno.c.obj                   0       0         1      
    +--+-----------------------------+-------+---------+---------+
       Total:                        5041    359       11     
                                                              
       Stack:                        0       0         1016   
       Linker Generated:             0       21        0      
    +--+-----------------------------+-------+---------+---------+
       Grand Total:                  10246   1350      1053   


LINKER GENERATED COPY TABLES

__TI_cinit_table @ 0000010c records: 1, size/record: 4, table size: 4
	.data: load addr=000000fa, load size=0000000d bytes, run addr=0000ad36, run size=00000025 bytes, compression=lzss


LINKER GENERATED HANDLER TABLE

__TI_handler_table @ 00000108 records: 2, size/record: 2, table size: 4
	index: 0, handler: __TI_decompress_lzss
	index: 1, handler: __TI_decompress_none


GLOBAL DATA SYMBOLS: SORTED BY DATA PAGE

address     data page           name
--------    ----------------    ----
00000400      10 (00000400)     __stack

0000a910     2a4 (0000a900)     _ctypes_

0000ad34     2b4 (0000ad00)     VOLTS_PER_COUNT
0000ad36     2b4 (0000ad00)     __TI_enable_exit_profile_output
0000ad38     2b4 (0000ad00)     __TI_cleanup_ptr
0000ad3a     2b4 (0000ad00)     __TI_dtors_ptr
0000ad3c     2b4 (0000ad00)     _lock
0000ad3e     2b4 (0000ad00)     _unlock

0000ad40     2b5 (0000ad40)     currentDuty
0000ad41     2b5 (0000ad40)     rms_flag
0000ad42     2b5 (0000ad40)     schedState_R
0000ad43     2b5 (0000ad40)     schedState_Y
0000ad44     2b5 (0000ad40)     schedState_B
0000ad45     2b5 (0000ad40)     sample_counter
0000ad46     2b5 (0000ad40)     data_ready_flag
0000ad48     2b5 (0000ad40)     FIRE_DELAY_R
0000ad4a     2b5 (0000ad40)     FIRE_WIDTH_R
0000ad4c     2b5 (0000ad40)     FIRE_DELAY_Y
0000ad4e     2b5 (0000ad40)     FIRE_WIDTH_Y
0000ad50     2b5 (0000ad40)     FIRE_DELAY_B
0000ad52     2b5 (0000ad40)     FIRE_WIDTH_B
0000ad54     2b5 (0000ad40)     sum_squares_ac
0000ad56     2b5 (0000ad40)     final_rms
0000ad58     2b5 (0000ad40)     temp_sum_squares
0000ad5a     2b5 (0000ad40)     errno


GLOBAL SYMBOLS: SORTED ALPHABETICALLY BY Name 

page  address   name                             
----  -------   ----                             
0     0000a0d3  ADC_setOffsetTrimAll             
0     0000989e  ADC_setVREF                      
0     000001b9  Board_init                       
0     0000a0aa  C$$EXIT                          
0     0000a123  C2000Ware_libraries_init         
0     00008f18  Device_enableAllPeripherals      
0     00009761  Device_init                      
0     00000094  Device_initGPIO                  
1     0000ad50  FIRE_DELAY_B                     
1     0000ad48  FIRE_DELAY_R                     
1     0000ad4c  FIRE_DELAY_Y                     
1     0000ad52  FIRE_WIDTH_B                     
1     0000ad4a  FIRE_WIDTH_R                     
1     0000ad4e  FIRE_WIDTH_Y                     
0     00009d89  GPIO_setAnalogMode               
0     00009eca  GPIO_setDirectionMode            
0     00009e31  GPIO_setInterruptPin             
0     0000970f  GPIO_setPadConfig                
0     000087c9  GPIO_setPinConfig                
0     00009dc3  GPIO_setQualificationMode        
0     0000a65a  Interrupt_defaultHandler         
0     000097b2  Interrupt_disable                
0     00009dfa  Interrupt_enable                 
0     0000015f  Interrupt_illegalOperationHandler
0     00009d4c  Interrupt_initModule             
0     0000a2f6  Interrupt_initVectorTable        
0     00000169  Interrupt_nmiHandler             
0     000001c5  PinMux_init                      
0     00009d0e  SCI_setConfig                    
0     000000f6  SysCtl_delay                     
0     00009552  SysCtl_getClock                  
0     0000a486  SysCtl_getLowSpeedClock          
0     000090c8  SysCtl_isPLLValid                
0     00009851  SysCtl_selectOscSource           
0     00009cce  SysCtl_selectXTAL                
0     0000a14b  SysCtl_selectXTALSingleEnded     
0     00009000  SysCtl_setClock                  
1     0000ad34  VOLTS_PER_COUNT                  
0     0000010c  __TI_CINIT_Base                  
0     00000110  __TI_CINIT_Limit                 
0     00000110  __TI_CINIT_Warm                  
0     00000108  __TI_Handler_Table_Base          
0     0000010c  __TI_Handler_Table_Limit         
1     000007f8  __TI_STACK_END                   
abs   000003f8  __TI_STACK_SIZE                  
0     0000a000  __TI_auto_init_nobinit_nopinit   
1     0000ad38  __TI_cleanup_ptr                 
0     00009f8b  __TI_decompress_lzss             
0     00008ff8  __TI_decompress_none             
1     0000ad3a  __TI_dtors_ptr                   
1     0000ad36  __TI_enable_exit_profile_output  
0     00009f2c  __TI_ltoa                        
abs   ffffffff  __TI_pprof_out_hndl              
0     00008c8f  __TI_printfi                     
abs   ffffffff  __TI_prof_data_size              
abs   ffffffff  __TI_prof_data_start             
0     0000922e  __c28xabi_addd                   
0     0000a531  __c28xabi_andll                  
0     0000a056  __c28xabi_cmpd                   
0     0000a332  __c28xabi_cmpll                  
0     0000a344  __c28xabi_cmpull                 
0     000092ca  __c28xabi_divd                   
0     00009355  __c28xabi_divf                   
0     0000a080  __c28xabi_divl                   
0     000086c2  __c28xabi_divll                  
0     0000a09d  __c28xabi_divul                  
0     00008738  __c28xabi_divull                 
0     0000a1fc  __c28xabi_dtoi                   
0     0000a29b  __c28xabi_dtol                   
0     0000a3c4  __c28xabi_itod                   
0     0000a436  __c28xabi_ltod                   
0     0000a08f  __c28xabi_modl                   
0     000086fe  __c28xabi_modll                  
0     0000a0a4  __c28xabi_modul                  
0     00008767  __c28xabi_modull                 
0     000093dd  __c28xabi_mpyd                   
0     00000185  __c28xabi_negd                   
0     0000a539  __c28xabi_orll                   
0     000000f1  __c28xabi_subd                   
0     0000a541  __c28xabi_xorll                  
n/a   UNDEFED   __c_args__                       
0     000001a5  __error__                        
1     00000400  __stack                          
0     00000126  _args_main                       
0     0000a601  _c_int00                         
1     0000a910  _ctypes_                         
1     0000ad3c  _lock                            
0     00000184  _nop                             
0     00000180  _register_lock                   
0     0000017c  _register_unlock                 
0     000001c6  _system_post_cinit               
0     000001c3  _system_pre_init                 
1     0000ad3e  _unlock                          
0     0000a0aa  abort                            
0     00009efb  atoi                             
0     00000000  code_start                       
0     0000a194  copysign                         
0     0000a194  copysignl                        
0     00009935  cpuTimer2_ISR                    
1     0000ad40  currentDuty                      
1     0000ad46  data_ready_flag                  
0     0000960a  epwmSchedulerISR_B               
0     00009661  epwmSchedulerISR_R               
0     000096b8  epwmSchedulerISR_Y               
1     0000ad5a  errno                            
0     0000a0ac  exit                             
1     0000ad56  final_rms                        
0     000095b0  frexp                            
0     000095b0  frexpl                           
0     00009e65  initADC                          
0     00009980  initEPWM1_R                      
0     000099cb  initEPWM2_Y                      
0     00009a16  initEPWM3_B                      
0     00009800  initSCIA                         
0     0000a02b  initSamplingTimer                
0     0000a38a  initZVC_B                        
0     0000a314  initZVC_R                        
0     0000a3a7  initZVC_Y                        
0     00009bc5  initepwm_scheduler_B             
0     00009c08  initepwm_scheduler_R             
0     00009c4b  initepwm_scheduler_Y             
0     00009185  ldexp                            
0     00009185  ldexpl                           
0     00008e14  main                             
0     000000b4  memccpy                          
0     0000a3e1  memcpy                           
0     000001ac  memset                           
0     0000a41a  readADC                          
1     0000ad41  rms_flag                         
1     0000ad45  sample_counter                   
0     00009185  scalbn                           
0     00009185  scalbnl                          
1     0000ad44  schedState_B                     
1     0000ad42  schedState_R                     
1     0000ad43  schedState_Y                     
0     000000e2  sendSCIText                      
0     00009e98  sprintf                          
0     0000a124  sqrtf                            
0     00000132  strchr                           
0     000001be  strcpy                           
0     00000196  strlen                           
1     0000ad54  sum_squares_ac                   
1     0000ad58  temp_sum_squares                 
0     00000154  wcslen                           
0     00009aaa  xint1_ISR_R                      
0     00009af2  xint2_ISR_Y                      
0     00009a61  xint3_ISR_B                      


GLOBAL SYMBOLS: SORTED BY Symbol Address 

page  address   name                             
----  -------   ----                             
0     00000000  code_start                       
0     00000094  Device_initGPIO                  
0     000000b4  memccpy                          
0     000000e2  sendSCIText                      
0     000000f1  __c28xabi_subd                   
0     000000f6  SysCtl_delay                     
0     00000108  __TI_Handler_Table_Base          
0     0000010c  __TI_CINIT_Base                  
0     0000010c  __TI_Handler_Table_Limit         
0     00000110  __TI_CINIT_Limit                 
0     00000110  __TI_CINIT_Warm                  
0     00000126  _args_main                       
0     00000132  strchr                           
0     00000154  wcslen                           
0     0000015f  Interrupt_illegalOperationHandler
0     00000169  Interrupt_nmiHandler             
0     0000017c  _register_unlock                 
0     00000180  _register_lock                   
0     00000184  _nop                             
0     00000185  __c28xabi_negd                   
0     00000196  strlen                           
0     000001a5  __error__                        
0     000001ac  memset                           
0     000001b9  Board_init                       
0     000001be  strcpy                           
0     000001c3  _system_pre_init                 
0     000001c5  PinMux_init                      
0     000001c6  _system_post_cinit               
0     000086c2  __c28xabi_divll                  
0     000086fe  __c28xabi_modll                  
0     00008738  __c28xabi_divull                 
0     00008767  __c28xabi_modull                 
0     000087c9  GPIO_setPinConfig                
0     00008c8f  __TI_printfi                     
0     00008e14  main                             
0     00008f18  Device_enableAllPeripherals      
0     00008ff8  __TI_decompress_none             
0     00009000  SysCtl_setClock                  
0     000090c8  SysCtl_isPLLValid                
0     00009185  ldexp                            
0     00009185  ldexpl                           
0     00009185  scalbn                           
0     00009185  scalbnl                          
0     0000922e  __c28xabi_addd                   
0     000092ca  __c28xabi_divd                   
0     00009355  __c28xabi_divf                   
0     000093dd  __c28xabi_mpyd                   
0     00009552  SysCtl_getClock                  
0     000095b0  frexp                            
0     000095b0  frexpl                           
0     0000960a  epwmSchedulerISR_B               
0     00009661  epwmSchedulerISR_R               
0     000096b8  epwmSchedulerISR_Y               
0     0000970f  GPIO_setPadConfig                
0     00009761  Device_init                      
0     000097b2  Interrupt_disable                
0     00009800  initSCIA                         
0     00009851  SysCtl_selectOscSource           
0     0000989e  ADC_setVREF                      
0     00009935  cpuTimer2_ISR                    
0     00009980  initEPWM1_R                      
0     000099cb  initEPWM2_Y                      
0     00009a16  initEPWM3_B                      
0     00009a61  xint3_ISR_B                      
0     00009aaa  xint1_ISR_R                      
0     00009af2  xint2_ISR_Y                      
0     00009bc5  initepwm_scheduler_B             
0     00009c08  initepwm_scheduler_R             
0     00009c4b  initepwm_scheduler_Y             
0     00009cce  SysCtl_selectXTAL                
0     00009d0e  SCI_setConfig                    
0     00009d4c  Interrupt_initModule             
0     00009d89  GPIO_setAnalogMode               
0     00009dc3  GPIO_setQualificationMode        
0     00009dfa  Interrupt_enable                 
0     00009e31  GPIO_setInterruptPin             
0     00009e65  initADC                          
0     00009e98  sprintf                          
0     00009eca  GPIO_setDirectionMode            
0     00009efb  atoi                             
0     00009f2c  __TI_ltoa                        
0     00009f8b  __TI_decompress_lzss             
0     0000a000  __TI_auto_init_nobinit_nopinit   
0     0000a02b  initSamplingTimer                
0     0000a056  __c28xabi_cmpd                   
0     0000a080  __c28xabi_divl                   
0     0000a08f  __c28xabi_modl                   
0     0000a09d  __c28xabi_divul                  
0     0000a0a4  __c28xabi_modul                  
0     0000a0aa  C$$EXIT                          
0     0000a0aa  abort                            
0     0000a0ac  exit                             
0     0000a0d3  ADC_setOffsetTrimAll             
0     0000a123  C2000Ware_libraries_init         
0     0000a124  sqrtf                            
0     0000a14b  SysCtl_selectXTALSingleEnded     
0     0000a194  copysign                         
0     0000a194  copysignl                        
0     0000a1fc  __c28xabi_dtoi                   
0     0000a29b  __c28xabi_dtol                   
0     0000a2f6  Interrupt_initVectorTable        
0     0000a314  initZVC_R                        
0     0000a332  __c28xabi_cmpll                  
0     0000a344  __c28xabi_cmpull                 
0     0000a38a  initZVC_B                        
0     0000a3a7  initZVC_Y                        
0     0000a3c4  __c28xabi_itod                   
0     0000a3e1  memcpy                           
0     0000a41a  readADC                          
0     0000a436  __c28xabi_ltod                   
0     0000a486  SysCtl_getLowSpeedClock          
0     0000a531  __c28xabi_andll                  
0     0000a539  __c28xabi_orll                   
0     0000a541  __c28xabi_xorll                  
0     0000a601  _c_int00                         
0     0000a65a  Interrupt_defaultHandler         
1     00000400  __stack                          
1     000007f8  __TI_STACK_END                   
1     0000a910  _ctypes_                         
1     0000ad34  VOLTS_PER_COUNT                  
1     0000ad36  __TI_enable_exit_profile_output  
1     0000ad38  __TI_cleanup_ptr                 
1     0000ad3a  __TI_dtors_ptr                   
1     0000ad3c  _lock                            
1     0000ad3e  _unlock                          
1     0000ad40  currentDuty                      
1     0000ad41  rms_flag                         
1     0000ad42  schedState_R                     
1     0000ad43  schedState_Y                     
1     0000ad44  schedState_B                     
1     0000ad45  sample_counter                   
1     0000ad46  data_ready_flag                  
1     0000ad48  FIRE_DELAY_R                     
1     0000ad4a  FIRE_WIDTH_R                     
1     0000ad4c  FIRE_DELAY_Y                     
1     0000ad4e  FIRE_WIDTH_Y                     
1     0000ad50  FIRE_DELAY_B                     
1     0000ad52  FIRE_WIDTH_B                     
1     0000ad54  sum_squares_ac                   
1     0000ad56  final_rms                        
1     0000ad58  temp_sum_squares                 
1     0000ad5a  errno                            
abs   000003f8  __TI_STACK_SIZE                  
abs   ffffffff  __TI_pprof_out_hndl              
abs   ffffffff  __TI_prof_data_size              
abs   ffffffff  __TI_prof_data_start             
n/a   UNDEFED   __c_args__                       

[147 symbols]
