<?xml version="1.0" encoding="ISO-8859-1" ?>
<link_info>
   <banner>TMS320C2000 Linker PC v22.6.3.LTS</banner>
   <copyright>Copyright (c) 1996-2018 Texas Instruments Incorporated</copyright>
   <link_time>0x69996d8a</link_time>
   <link_errors>0x1</link_errors>
   <output_file>three_phase_triac_drive.out</output_file>
   <entry_point>
      <name>code_start</name>
      <address>0x0</address>
   </entry_point>
   <input_file_list>
      <input_file id="fl-2">
         <path>.\syscfg\</path>
         <kind>object</kind>
         <file>board.obj</file>
         <name>board.obj</name>
      </input_file>
      <input_file id="fl-3">
         <path>.\syscfg\</path>
         <kind>object</kind>
         <file>c2000ware_libraries.obj</file>
         <name>c2000ware_libraries.obj</name>
      </input_file>
      <input_file id="fl-4">
         <path>.\</path>
         <kind>object</kind>
         <file>three_phase_triac.obj</file>
         <name>three_phase_triac.obj</name>
      </input_file>
      <input_file id="fl-5">
         <path>.\device\</path>
         <kind>object</kind>
         <file>device.obj</file>
         <name>device.obj</name>
      </input_file>
      <input_file id="fl-6">
         <path>.\device\</path>
         <kind>object</kind>
         <file>f28004x_codestartbranch.obj</file>
         <name>f28004x_codestartbranch.obj</name>
      </input_file>
      <input_file id="fl-c">
         <kind>object</kind>
         <file>&lt;internal&gt;</file>
         <name>&lt;internal&gt;</name>
      </input_file>
      <input_file id="fl-10">
         <path>C:\ti\C2000Ware_6_00_01_00\driverlib\f28004x\driverlib\ccs\Debug\</path>
         <kind>archive</kind>
         <file>driverlib_eabi.lib</file>
         <name>adc.obj</name>
      </input_file>
      <input_file id="fl-11">
         <path>C:\ti\C2000Ware_6_00_01_00\driverlib\f28004x\driverlib\ccs\Debug\</path>
         <kind>archive</kind>
         <file>driverlib_eabi.lib</file>
         <name>dcc.obj</name>
      </input_file>
      <input_file id="fl-12">
         <path>C:\ti\C2000Ware_6_00_01_00\driverlib\f28004x\driverlib\ccs\Debug\</path>
         <kind>archive</kind>
         <file>driverlib_eabi.lib</file>
         <name>gpio.obj</name>
      </input_file>
      <input_file id="fl-13">
         <path>C:\ti\C2000Ware_6_00_01_00\driverlib\f28004x\driverlib\ccs\Debug\</path>
         <kind>archive</kind>
         <file>driverlib_eabi.lib</file>
         <name>interrupt.obj</name>
      </input_file>
      <input_file id="fl-14">
         <path>C:\ti\C2000Ware_6_00_01_00\driverlib\f28004x\driverlib\ccs\Debug\</path>
         <kind>archive</kind>
         <file>driverlib_eabi.lib</file>
         <name>sci.obj</name>
      </input_file>
      <input_file id="fl-15">
         <path>C:\ti\C2000Ware_6_00_01_00\driverlib\f28004x\driverlib\ccs\Debug\</path>
         <kind>archive</kind>
         <file>driverlib_eabi.lib</file>
         <name>sysctl.obj</name>
      </input_file>
      <input_file id="fl-21">
         <path>C:\ti\ccs2041\ccs\tools\compiler\ti-cgt-c2000_22.6.3.LTS\lib\</path>
         <kind>archive</kind>
         <file>rts2800_fpu32_eabi.lib</file>
         <name>sprintf.c.obj</name>
      </input_file>
      <input_file id="fl-22">
         <path>C:\ti\ccs2041\ccs\tools\compiler\ti-cgt-c2000_22.6.3.LTS\lib\</path>
         <kind>archive</kind>
         <file>rts2800_fpu32_eabi.lib</file>
         <name>e_sqrtf.c.obj</name>
      </input_file>
      <input_file id="fl-23">
         <path>C:\ti\ccs2041\ccs\tools\compiler\ti-cgt-c2000_22.6.3.LTS\lib\</path>
         <kind>archive</kind>
         <file>rts2800_fpu32_eabi.lib</file>
         <name>boot28.asm.obj</name>
      </input_file>
      <input_file id="fl-24">
         <path>C:\ti\ccs2041\ccs\tools\compiler\ti-cgt-c2000_22.6.3.LTS\lib\</path>
         <kind>archive</kind>
         <file>rts2800_fpu32_eabi.lib</file>
         <name>fs_div28.asm.obj</name>
      </input_file>
      <input_file id="fl-25">
         <path>C:\ti\ccs2041\ccs\tools\compiler\ti-cgt-c2000_22.6.3.LTS\lib\</path>
         <kind>archive</kind>
         <file>rts2800_fpu32_eabi.lib</file>
         <name>ll_cmp28.asm.obj</name>
      </input_file>
      <input_file id="fl-26">
         <path>C:\ti\ccs2041\ccs\tools\compiler\ti-cgt-c2000_22.6.3.LTS\lib\</path>
         <kind>archive</kind>
         <file>rts2800_fpu32_eabi.lib</file>
         <name>memcpy.c.obj</name>
      </input_file>
      <input_file id="fl-27">
         <path>C:\ti\ccs2041\ccs\tools\compiler\ti-cgt-c2000_22.6.3.LTS\lib\</path>
         <kind>archive</kind>
         <file>rts2800_fpu32_eabi.lib</file>
         <name>pre_init.c.obj</name>
      </input_file>
      <input_file id="fl-28">
         <path>C:\ti\ccs2041\ccs\tools\compiler\ti-cgt-c2000_22.6.3.LTS\lib\</path>
         <kind>archive</kind>
         <file>rts2800_fpu32_eabi.lib</file>
         <name>autoinit.c.obj</name>
      </input_file>
      <input_file id="fl-29">
         <path>C:\ti\ccs2041\ccs\tools\compiler\ti-cgt-c2000_22.6.3.LTS\lib\</path>
         <kind>archive</kind>
         <file>rts2800_fpu32_eabi.lib</file>
         <name>copy_zero_init.c.obj</name>
      </input_file>
      <input_file id="fl-2a">
         <path>C:\ti\ccs2041\ccs\tools\compiler\ti-cgt-c2000_22.6.3.LTS\lib\</path>
         <kind>archive</kind>
         <file>rts2800_fpu32_eabi.lib</file>
         <name>copy_decompress_none.c.obj</name>
      </input_file>
      <input_file id="fl-2b">
         <path>C:\ti\ccs2041\ccs\tools\compiler\ti-cgt-c2000_22.6.3.LTS\lib\</path>
         <kind>archive</kind>
         <file>rts2800_fpu32_eabi.lib</file>
         <name>copy_decompress_lzss.c.obj</name>
      </input_file>
      <input_file id="fl-2c">
         <path>C:\ti\ccs2041\ccs\tools\compiler\ti-cgt-c2000_22.6.3.LTS\lib\</path>
         <kind>archive</kind>
         <file>rts2800_fpu32_eabi.lib</file>
         <name>exit.c.obj</name>
      </input_file>
      <input_file id="fl-2d">
         <path>C:\ti\ccs2041\ccs\tools\compiler\ti-cgt-c2000_22.6.3.LTS\lib\</path>
         <kind>archive</kind>
         <file>rts2800_fpu32_eabi.lib</file>
         <name>_lock.c.obj</name>
      </input_file>
      <input_file id="fl-2e">
         <path>C:\ti\ccs2041\ccs\tools\compiler\ti-cgt-c2000_22.6.3.LTS\lib\</path>
         <kind>archive</kind>
         <file>rts2800_fpu32_eabi.lib</file>
         <name>args_main.c.obj</name>
      </input_file>
      <input_file id="fl-2f">
         <path>C:\ti\ccs2041\ccs\tools\compiler\ti-cgt-c2000_22.6.3.LTS\lib\</path>
         <kind>archive</kind>
         <file>rts2800_fpu32_eabi.lib</file>
         <name>memset.c.obj</name>
      </input_file>
      <input_file id="fl-30">
         <path>C:\ti\ccs2041\ccs\tools\compiler\ti-cgt-c2000_22.6.3.LTS\lib\</path>
         <kind>archive</kind>
         <file>rts2800_fpu32_eabi.lib</file>
         <name>errno.c.obj</name>
      </input_file>
      <input_file id="fl-31">
         <path>C:\ti\ccs2041\ccs\tools\compiler\ti-cgt-c2000_22.6.3.LTS\lib\</path>
         <kind>archive</kind>
         <file>rts2800_fpu32_eabi.lib</file>
         <name>_printfi.c.obj</name>
      </input_file>
      <input_file id="fl-32">
         <path>C:\ti\ccs2041\ccs\tools\compiler\ti-cgt-c2000_22.6.3.LTS\lib\</path>
         <kind>archive</kind>
         <file>rts2800_fpu32_eabi.lib</file>
         <name>wcslen.c.obj</name>
      </input_file>
      <input_file id="fl-33">
         <path>C:\ti\ccs2041\ccs\tools\compiler\ti-cgt-c2000_22.6.3.LTS\lib\</path>
         <kind>archive</kind>
         <file>rts2800_fpu32_eabi.lib</file>
         <name>fd_cmp28.asm.obj</name>
      </input_file>
      <input_file id="fl-34">
         <path>C:\ti\ccs2041\ccs\tools\compiler\ti-cgt-c2000_22.6.3.LTS\lib\</path>
         <kind>archive</kind>
         <file>rts2800_fpu32_eabi.lib</file>
         <name>fd_mpy28.asm.obj</name>
      </input_file>
      <input_file id="fl-35">
         <path>C:\ti\ccs2041\ccs\tools\compiler\ti-cgt-c2000_22.6.3.LTS\lib\</path>
         <kind>archive</kind>
         <file>rts2800_fpu32_eabi.lib</file>
         <name>fd_neg28.asm.obj</name>
      </input_file>
      <input_file id="fl-36">
         <path>C:\ti\ccs2041\ccs\tools\compiler\ti-cgt-c2000_22.6.3.LTS\lib\</path>
         <kind>archive</kind>
         <file>rts2800_fpu32_eabi.lib</file>
         <name>fd_sub28.asm.obj</name>
      </input_file>
      <input_file id="fl-37">
         <path>C:\ti\ccs2041\ccs\tools\compiler\ti-cgt-c2000_22.6.3.LTS\lib\</path>
         <kind>archive</kind>
         <file>rts2800_fpu32_eabi.lib</file>
         <name>fd_toi28.asm.obj</name>
      </input_file>
      <input_file id="fl-38">
         <path>C:\ti\ccs2041\ccs\tools\compiler\ti-cgt-c2000_22.6.3.LTS\lib\</path>
         <kind>archive</kind>
         <file>rts2800_fpu32_eabi.lib</file>
         <name>fd_tol28.asm.obj</name>
      </input_file>
      <input_file id="fl-39">
         <path>C:\ti\ccs2041\ccs\tools\compiler\ti-cgt-c2000_22.6.3.LTS\lib\</path>
         <kind>archive</kind>
         <file>rts2800_fpu32_eabi.lib</file>
         <name>ll_aox28.asm.obj</name>
      </input_file>
      <input_file id="fl-3a">
         <path>C:\ti\ccs2041\ccs\tools\compiler\ti-cgt-c2000_22.6.3.LTS\lib\</path>
         <kind>archive</kind>
         <file>rts2800_fpu32_eabi.lib</file>
         <name>ll_div28.asm.obj</name>
      </input_file>
      <input_file id="fl-3b">
         <path>C:\ti\ccs2041\ccs\tools\compiler\ti-cgt-c2000_22.6.3.LTS\lib\</path>
         <kind>archive</kind>
         <file>rts2800_fpu32_eabi.lib</file>
         <name>i_tofd28.asm.obj</name>
      </input_file>
      <input_file id="fl-3c">
         <path>C:\ti\ccs2041\ccs\tools\compiler\ti-cgt-c2000_22.6.3.LTS\lib\</path>
         <kind>archive</kind>
         <file>rts2800_fpu32_eabi.lib</file>
         <name>l_tofd28.asm.obj</name>
      </input_file>
      <input_file id="fl-3d">
         <path>C:\ti\ccs2041\ccs\tools\compiler\ti-cgt-c2000_22.6.3.LTS\lib\</path>
         <kind>archive</kind>
         <file>rts2800_fpu32_eabi.lib</file>
         <name>fd_div28.asm.obj</name>
      </input_file>
      <input_file id="fl-3e">
         <path>C:\ti\ccs2041\ccs\tools\compiler\ti-cgt-c2000_22.6.3.LTS\lib\</path>
         <kind>archive</kind>
         <file>rts2800_fpu32_eabi.lib</file>
         <name>cpy_tbl.c.obj</name>
      </input_file>
      <input_file id="fl-3f">
         <path>C:\ti\ccs2041\ccs\tools\compiler\ti-cgt-c2000_22.6.3.LTS\lib\</path>
         <kind>archive</kind>
         <file>rts2800_fpu32_eabi.lib</file>
         <name>startup.c.obj</name>
      </input_file>
      <input_file id="fl-40">
         <path>C:\ti\ccs2041\ccs\tools\compiler\ti-cgt-c2000_22.6.3.LTS\lib\</path>
         <kind>archive</kind>
         <file>rts2800_fpu32_eabi.lib</file>
         <name>_ltoa.c.obj</name>
      </input_file>
      <input_file id="fl-41">
         <path>C:\ti\ccs2041\ccs\tools\compiler\ti-cgt-c2000_22.6.3.LTS\lib\</path>
         <kind>archive</kind>
         <file>rts2800_fpu32_eabi.lib</file>
         <name>atoi.c.obj</name>
      </input_file>
      <input_file id="fl-42">
         <path>C:\ti\ccs2041\ccs\tools\compiler\ti-cgt-c2000_22.6.3.LTS\lib\</path>
         <kind>archive</kind>
         <file>rts2800_fpu32_eabi.lib</file>
         <name>ctype.c.obj</name>
      </input_file>
      <input_file id="fl-43">
         <path>C:\ti\ccs2041\ccs\tools\compiler\ti-cgt-c2000_22.6.3.LTS\lib\</path>
         <kind>archive</kind>
         <file>rts2800_fpu32_eabi.lib</file>
         <name>memccpy.c.obj</name>
      </input_file>
      <input_file id="fl-44">
         <path>C:\ti\ccs2041\ccs\tools\compiler\ti-cgt-c2000_22.6.3.LTS\lib\</path>
         <kind>archive</kind>
         <file>rts2800_fpu32_eabi.lib</file>
         <name>strchr.c.obj</name>
      </input_file>
      <input_file id="fl-45">
         <path>C:\ti\ccs2041\ccs\tools\compiler\ti-cgt-c2000_22.6.3.LTS\lib\</path>
         <kind>archive</kind>
         <file>rts2800_fpu32_eabi.lib</file>
         <name>strcpy.c.obj</name>
      </input_file>
      <input_file id="fl-46">
         <path>C:\ti\ccs2041\ccs\tools\compiler\ti-cgt-c2000_22.6.3.LTS\lib\</path>
         <kind>archive</kind>
         <file>rts2800_fpu32_eabi.lib</file>
         <name>strlen.c.obj</name>
      </input_file>
      <input_file id="fl-47">
         <path>C:\ti\ccs2041\ccs\tools\compiler\ti-cgt-c2000_22.6.3.LTS\lib\</path>
         <kind>archive</kind>
         <file>rts2800_fpu32_eabi.lib</file>
         <name>s_frexp.c.obj</name>
      </input_file>
      <input_file id="fl-48">
         <path>C:\ti\ccs2041\ccs\tools\compiler\ti-cgt-c2000_22.6.3.LTS\lib\</path>
         <kind>archive</kind>
         <file>rts2800_fpu32_eabi.lib</file>
         <name>s_scalbn.c.obj</name>
      </input_file>
      <input_file id="fl-49">
         <path>C:\ti\ccs2041\ccs\tools\compiler\ti-cgt-c2000_22.6.3.LTS\lib\</path>
         <kind>archive</kind>
         <file>rts2800_fpu32_eabi.lib</file>
         <name>s_copysign.c.obj</name>
      </input_file>
      <input_file id="fl-4a">
         <path>C:\ti\ccs2041\ccs\tools\compiler\ti-cgt-c2000_22.6.3.LTS\lib\</path>
         <kind>archive</kind>
         <file>rts2800_fpu32_eabi.lib</file>
         <name>fd_add28.asm.obj</name>
      </input_file>
      <input_file id="fl-4b">
         <path>C:\ti\ccs2041\ccs\tools\compiler\ti-cgt-c2000_22.6.3.LTS\lib\</path>
         <kind>archive</kind>
         <file>rts2800_fpu32_eabi.lib</file>
         <name>l_div28.asm.obj</name>
      </input_file>
   </input_file_list>
   <object_component_list>
      <object_component id="oc-20">
         <name>codestart</name>
         <load_address>0x0</load_address>
         <run_address>0x0</run_address>
         <size>0x2</size>
         <input_file_ref idref="fl-6"/>
      </object_component>
      <object_component id="oc-259">
         <name>.TI.ramfunc</name>
         <load_address>0xf6</load_address>
         <run_address>0xf6</run_address>
         <size>0x4</size>
         <input_file_ref idref="fl-15"/>
      </object_component>
      <object_component id="oc-397">
         <name>.text:SCI_enableModule</name>
         <load_address>0x0</load_address>
         <run_address>0x0</run_address>
         <size>0x13</size>
         <input_file_ref idref="fl-14"/>
      </object_component>
      <object_component id="oc-291">
         <name>.text:SCI_enableModule</name>
         <load_address>0x13</load_address>
         <run_address>0x13</run_address>
         <size>0x13</size>
         <input_file_ref idref="fl-4"/>
      </object_component>
      <object_component id="oc-29d">
         <name>.text:SCI_enableRxModule</name>
         <load_address>0x26</load_address>
         <run_address>0x26</run_address>
         <size>0x13</size>
         <input_file_ref idref="fl-4"/>
      </object_component>
      <object_component id="oc-297">
         <name>.text:SCI_enableTxModule</name>
         <load_address>0x39</load_address>
         <run_address>0x39</run_address>
         <size>0x13</size>
         <input_file_ref idref="fl-4"/>
      </object_component>
      <object_component id="oc-38a">
         <name>.text:SCI_isBaseValid</name>
         <load_address>0x4c</load_address>
         <run_address>0x4c</run_address>
         <size>0x13</size>
         <input_file_ref idref="fl-14"/>
      </object_component>
      <object_component id="oc-39f">
         <name>.text:SCI_isBaseValid</name>
         <load_address>0x5f</load_address>
         <run_address>0x5f</run_address>
         <size>0x13</size>
         <input_file_ref idref="fl-4"/>
      </object_component>
      <object_component id="oc-96">
         <name>.text:EPWM_setTimeBaseCounter</name>
         <load_address>0x72</load_address>
         <run_address>0x72</run_address>
         <size>0x12</size>
         <input_file_ref idref="fl-4"/>
      </object_component>
      <object_component id="oc-50a">
         <name>.text:DCC_isBaseValid</name>
         <load_address>0x84</load_address>
         <run_address>0x84</run_address>
         <size>0x10</size>
         <input_file_ref idref="fl-15"/>
      </object_component>
      <object_component id="oc-b1">
         <name>.text:Device_initGPIO</name>
         <load_address>0x94</load_address>
         <run_address>0x94</run_address>
         <size>0x10</size>
         <input_file_ref idref="fl-5"/>
      </object_component>
      <object_component id="oc-227">
         <name>.text:GPIO_setInterruptType</name>
         <load_address>0xa4</load_address>
         <run_address>0xa4</run_address>
         <size>0x10</size>
         <input_file_ref idref="fl-4"/>
      </object_component>
      <object_component id="oc-4a6">
         <name>.text</name>
         <load_address>0xb4</load_address>
         <run_address>0xb4</run_address>
         <size>0x10</size>
         <input_file_ref idref="fl-43"/>
      </object_component>
      <object_component id="oc-1c5">
         <name>.text:ASysCtl_disableDCDC</name>
         <load_address>0xc4</load_address>
         <run_address>0xc4</run_address>
         <size>0xf</size>
         <input_file_ref idref="fl-5"/>
      </object_component>
      <object_component id="oc-bd">
         <name>.text:Interrupt_register</name>
         <load_address>0xd3</load_address>
         <run_address>0xd3</run_address>
         <size>0xf</size>
         <input_file_ref idref="fl-4"/>
      </object_component>
      <object_component id="oc-14d">
         <name>.text:sendSCIText</name>
         <load_address>0xe2</load_address>
         <run_address>0xe2</run_address>
         <size>0xf</size>
         <input_file_ref idref="fl-4"/>
      </object_component>
      <object_component id="oc-554">
         <name>.text</name>
         <load_address>0xf1</load_address>
         <run_address>0xf1</run_address>
         <size>0xe</size>
         <input_file_ref idref="fl-36"/>
      </object_component>
      <object_component id="oc-1e6">
         <name>.text:Interrupt_disableGlobal</name>
         <load_address>0xff</load_address>
         <run_address>0xff</run_address>
         <size>0xd</size>
         <input_file_ref idref="fl-13"/>
      </object_component>
      <object_component id="oc-2d3">
         <name>.text:Interrupt_enableGlobal</name>
         <load_address>0x10c</load_address>
         <run_address>0x10c</run_address>
         <size>0xd</size>
         <input_file_ref idref="fl-13"/>
      </object_component>
      <object_component id="oc-1a6">
         <name>.text:SysCtl_setLowSpeedClock</name>
         <load_address>0x119</load_address>
         <run_address>0x119</run_address>
         <size>0xd</size>
         <input_file_ref idref="fl-5"/>
      </object_component>
      <object_component id="oc-318">
         <name>.text</name>
         <load_address>0x126</load_address>
         <run_address>0x126</run_address>
         <size>0xc</size>
         <input_file_ref idref="fl-2e"/>
      </object_component>
      <object_component id="oc-56f">
         <name>.text</name>
         <load_address>0x132</load_address>
         <run_address>0x132</run_address>
         <size>0xc</size>
         <input_file_ref idref="fl-44"/>
      </object_component>
      <object_component id="oc-19a">
         <name>.text:SysCtl_disableWatchdog</name>
         <load_address>0x13e</load_address>
         <run_address>0x13e</run_address>
         <size>0xb</size>
         <input_file_ref idref="fl-5"/>
      </object_component>
      <object_component id="oc-329">
         <name>.text:SysCtl_isMCDClockFailureDetected</name>
         <load_address>0x149</load_address>
         <run_address>0x149</run_address>
         <size>0xb</size>
         <input_file_ref idref="fl-15"/>
      </object_component>
      <object_component id="oc-4c3">
         <name>.text</name>
         <load_address>0x154</load_address>
         <run_address>0x154</run_address>
         <size>0xb</size>
         <input_file_ref idref="fl-32"/>
      </object_component>
      <object_component id="oc-61">
         <name>.text:Interrupt_illegalOperationHandler</name>
         <load_address>0x15f</load_address>
         <run_address>0x15f</run_address>
         <size>0xa</size>
         <input_file_ref idref="fl-13"/>
      </object_component>
      <object_component id="oc-67">
         <name>.text:Interrupt_nmiHandler</name>
         <load_address>0x169</load_address>
         <run_address>0x169</run_address>
         <size>0xa</size>
         <input_file_ref idref="fl-13"/>
      </object_component>
      <object_component id="oc-22d">
         <name>.text:GPIO_enableInterrupt</name>
         <load_address>0x173</load_address>
         <run_address>0x173</run_address>
         <size>0x9</size>
         <input_file_ref idref="fl-4"/>
      </object_component>
      <object_component id="oc-4ef">
         <name>.text</name>
         <load_address>0x17c</load_address>
         <run_address>0x17c</run_address>
         <size>0x9</size>
         <input_file_ref idref="fl-2d"/>
      </object_component>
      <object_component id="oc-535">
         <name>.text</name>
         <load_address>0x185</load_address>
         <run_address>0x185</run_address>
         <size>0x9</size>
         <input_file_ref idref="fl-35"/>
      </object_component>
      <object_component id="oc-84">
         <name>.text</name>
         <load_address>0x18e</load_address>
         <run_address>0x18e</run_address>
         <size>0x8</size>
         <input_file_ref idref="fl-6"/>
      </object_component>
      <object_component id="oc-49a">
         <name>.text</name>
         <load_address>0x196</load_address>
         <run_address>0x196</run_address>
         <size>0x8</size>
         <input_file_ref idref="fl-46"/>
      </object_component>
      <object_component id="oc-501">
         <name>.text:SysCtl_resetMCD</name>
         <load_address>0x19e</load_address>
         <run_address>0x19e</run_address>
         <size>0x7</size>
         <input_file_ref idref="fl-15"/>
      </object_component>
      <object_component id="oc-18d">
         <name>.text:__error__</name>
         <load_address>0x1a5</load_address>
         <run_address>0x1a5</run_address>
         <size>0x7</size>
         <input_file_ref idref="fl-5"/>
      </object_component>
      <object_component id="oc-17a">
         <name>.text</name>
         <load_address>0x1ac</load_address>
         <run_address>0x1ac</run_address>
         <size>0x7</size>
         <input_file_ref idref="fl-2f"/>
      </object_component>
      <object_component id="oc-a2">
         <name>.text:Interrupt_clearACKGroup</name>
         <load_address>0x1b3</load_address>
         <run_address>0x1b3</run_address>
         <size>0x6</size>
         <input_file_ref idref="fl-4"/>
      </object_component>
      <object_component id="oc-c3">
         <name>.text:Board_init</name>
         <load_address>0x1b9</load_address>
         <run_address>0x1b9</run_address>
         <size>0x5</size>
         <input_file_ref idref="fl-2"/>
      </object_component>
      <object_component id="oc-4a0">
         <name>.text</name>
         <load_address>0x1be</load_address>
         <run_address>0x1be</run_address>
         <size>0x5</size>
         <input_file_ref idref="fl-45"/>
      </object_component>
      <object_component id="oc-311">
         <name>.text</name>
         <load_address>0x1c3</load_address>
         <run_address>0x1c3</run_address>
         <size>0x2</size>
         <input_file_ref idref="fl-27"/>
      </object_component>
      <object_component id="oc-1ee">
         <name>.text:PinMux_init</name>
         <load_address>0x1c5</load_address>
         <run_address>0x1c5</run_address>
         <size>0x1</size>
         <input_file_ref idref="fl-2"/>
      </object_component>
      <object_component id="oc-4d5">
         <name>.text</name>
         <load_address>0x1c6</load_address>
         <run_address>0x1c6</run_address>
         <size>0x1</size>
         <input_file_ref idref="fl-3f"/>
      </object_component>
      <object_component id="oc-4ca">
         <name>.text</name>
         <load_address>0x8000</load_address>
         <run_address>0x8000</run_address>
         <size>0x6c2</size>
         <input_file_ref idref="fl-31"/>
      </object_component>
      <object_component id="oc-4b9">
         <name>.text</name>
         <load_address>0x86c2</load_address>
         <run_address>0x86c2</run_address>
         <size>0x107</size>
         <input_file_ref idref="fl-3a"/>
      </object_component>
      <object_component id="oc-1f6">
         <name>.text:GPIO_setPinConfig</name>
         <load_address>0x87c9</load_address>
         <run_address>0x87c9</run_address>
         <size>0x37</size>
         <input_file_ref idref="fl-12"/>
      </object_component>
      <object_component id="oc-3d0">
         <name>.text:__TI_printfi</name>
         <load_address>0x8800</load_address>
         <run_address>0x8800</run_address>
         <size>0x614</size>
         <input_file_ref idref="fl-31"/>
      </object_component>
      <object_component id="oc-26">
         <name>.text:main</name>
         <load_address>0x8e14</load_address>
         <run_address>0x8e14</run_address>
         <size>0x104</size>
         <input_file_ref idref="fl-4"/>
      </object_component>
      <object_component id="oc-1bf">
         <name>.text:Device_enableAllPeripherals</name>
         <load_address>0x8f18</load_address>
         <run_address>0x8f18</run_address>
         <size>0xe0</size>
         <input_file_ref idref="fl-5"/>
      </object_component>
      <object_component id="oc-19">
         <name>.text:decompress:none</name>
         <load_address>0x8ff8</load_address>
         <run_address>0x8ff8</run_address>
         <size>0x8</size>
         <input_file_ref idref="fl-2a"/>
      </object_component>
      <object_component id="oc-1a0">
         <name>.text:SysCtl_setClock</name>
         <load_address>0x9000</load_address>
         <run_address>0x9000</run_address>
         <size>0xc8</size>
         <input_file_ref idref="fl-15"/>
      </object_component>
      <object_component id="oc-335">
         <name>.text:SysCtl_isPLLValid</name>
         <load_address>0x90c8</load_address>
         <run_address>0x90c8</run_address>
         <size>0xbd</size>
         <input_file_ref idref="fl-15"/>
      </object_component>
      <object_component id="oc-564">
         <name>.text</name>
         <load_address>0x9185</load_address>
         <run_address>0x9185</run_address>
         <size>0xa9</size>
         <input_file_ref idref="fl-48"/>
      </object_component>
      <object_component id="oc-5a6">
         <name>.text</name>
         <load_address>0x922e</load_address>
         <run_address>0x922e</run_address>
         <size>0x9c</size>
         <input_file_ref idref="fl-4a"/>
      </object_component>
      <object_component id="oc-53a">
         <name>.text</name>
         <load_address>0x92ca</load_address>
         <run_address>0x92ca</run_address>
         <size>0x8b</size>
         <input_file_ref idref="fl-3d"/>
      </object_component>
      <object_component id="oc-123">
         <name>.text</name>
         <load_address>0x9355</load_address>
         <run_address>0x9355</run_address>
         <size>0x88</size>
         <input_file_ref idref="fl-24"/>
      </object_component>
      <object_component id="oc-53f">
         <name>.text</name>
         <load_address>0x93dd</load_address>
         <run_address>0x93dd</run_address>
         <size>0x83</size>
         <input_file_ref idref="fl-34"/>
      </object_component>
      <object_component id="oc-2db">
         <name>.text:Interrupt_clearIFR</name>
         <load_address>0x9460</load_address>
         <run_address>0x9460</run_address>
         <size>0x7f</size>
         <input_file_ref idref="fl-13"/>
      </object_component>
      <object_component id="oc-460">
         <name>.text:DCC_setCounterSeeds</name>
         <load_address>0x94df</load_address>
         <run_address>0x94df</run_address>
         <size>0x73</size>
         <input_file_ref idref="fl-15"/>
      </object_component>
      <object_component id="oc-1ac">
         <name>.text:SysCtl_getClock</name>
         <load_address>0x9552</load_address>
         <run_address>0x9552</run_address>
         <size>0x5e</size>
         <input_file_ref idref="fl-15"/>
      </object_component>
      <object_component id="oc-55e">
         <name>.text</name>
         <load_address>0x95b0</load_address>
         <run_address>0x95b0</run_address>
         <size>0x5a</size>
         <input_file_ref idref="fl-47"/>
      </object_component>
      <object_component id="oc-49">
         <name>.text:epwmSchedulerISR_B</name>
         <load_address>0x960a</load_address>
         <run_address>0x960a</run_address>
         <size>0x57</size>
         <input_file_ref idref="fl-4"/>
      </object_component>
      <object_component id="oc-3d">
         <name>.text:epwmSchedulerISR_R</name>
         <load_address>0x9661</load_address>
         <run_address>0x9661</run_address>
         <size>0x57</size>
         <input_file_ref idref="fl-4"/>
      </object_component>
      <object_component id="oc-43">
         <name>.text:epwmSchedulerISR_Y</name>
         <load_address>0x96b8</load_address>
         <run_address>0x96b8</run_address>
         <size>0x57</size>
         <input_file_ref idref="fl-4"/>
      </object_component>
      <object_component id="oc-1cb">
         <name>.text:GPIO_setPadConfig</name>
         <load_address>0x970f</load_address>
         <run_address>0x970f</run_address>
         <size>0x52</size>
         <input_file_ref idref="fl-12"/>
      </object_component>
      <object_component id="oc-ab">
         <name>.text:Device_init</name>
         <load_address>0x9761</load_address>
         <run_address>0x9761</run_address>
         <size>0x51</size>
         <input_file_ref idref="fl-5"/>
      </object_component>
      <object_component id="oc-13a">
         <name>.text:Interrupt_disable</name>
         <load_address>0x97b2</load_address>
         <run_address>0x97b2</run_address>
         <size>0x4e</size>
         <input_file_ref idref="fl-13"/>
      </object_component>
      <object_component id="oc-105">
         <name>.text:initSCIA</name>
         <load_address>0x9800</load_address>
         <run_address>0x9800</run_address>
         <size>0x51</size>
         <input_file_ref idref="fl-4"/>
      </object_component>
      <object_component id="oc-32f">
         <name>.text:SysCtl_selectOscSource</name>
         <load_address>0x9851</load_address>
         <run_address>0x9851</run_address>
         <size>0x4d</size>
         <input_file_ref idref="fl-15"/>
      </object_component>
      <object_component id="oc-247">
         <name>.text:ADC_setVREF</name>
         <load_address>0x989e</load_address>
         <run_address>0x989e</run_address>
         <size>0x4c</size>
         <input_file_ref idref="fl-10"/>
      </object_component>
      <object_component id="oc-90">
         <name>.text:EPWM_setInterruptSource</name>
         <load_address>0x98ea</load_address>
         <run_address>0x98ea</run_address>
         <size>0x4b</size>
         <input_file_ref idref="fl-4"/>
      </object_component>
      <object_component id="oc-4f">
         <name>.text:cpuTimer2_ISR</name>
         <load_address>0x9935</load_address>
         <run_address>0x9935</run_address>
         <size>0x4b</size>
         <input_file_ref idref="fl-4"/>
      </object_component>
      <object_component id="oc-c9">
         <name>.text:initEPWM1_R</name>
         <load_address>0x9980</load_address>
         <run_address>0x9980</run_address>
         <size>0x4b</size>
         <input_file_ref idref="fl-4"/>
      </object_component>
      <object_component id="oc-db">
         <name>.text:initEPWM2_Y</name>
         <load_address>0x99cb</load_address>
         <run_address>0x99cb</run_address>
         <size>0x4b</size>
         <input_file_ref idref="fl-4"/>
      </object_component>
      <object_component id="oc-ed">
         <name>.text:initEPWM3_B</name>
         <load_address>0x9a16</load_address>
         <run_address>0x9a16</run_address>
         <size>0x4b</size>
         <input_file_ref idref="fl-4"/>
      </object_component>
      <object_component id="oc-37">
         <name>.text:xint3_ISR_B</name>
         <load_address>0x9a61</load_address>
         <run_address>0x9a61</run_address>
         <size>0x49</size>
         <input_file_ref idref="fl-4"/>
      </object_component>
      <object_component id="oc-25">
         <name>.text:xint1_ISR_R</name>
         <load_address>0x9aaa</load_address>
         <run_address>0x9aaa</run_address>
         <size>0x48</size>
         <input_file_ref idref="fl-4"/>
      </object_component>
      <object_component id="oc-31">
         <name>.text:xint2_ISR_Y</name>
         <load_address>0x9af2</load_address>
         <run_address>0x9af2</run_address>
         <size>0x48</size>
         <input_file_ref idref="fl-4"/>
      </object_component>
      <object_component id="oc-25a">
         <name>.text:ADC_setupSOC</name>
         <load_address>0x9b3a</load_address>
         <run_address>0x9b3a</run_address>
         <size>0x46</size>
         <input_file_ref idref="fl-4"/>
      </object_component>
      <object_component id="oc-4fb">
         <name>.text:SysCtl_pollX1Counter</name>
         <load_address>0x9b80</load_address>
         <run_address>0x9b80</run_address>
         <size>0x45</size>
         <input_file_ref idref="fl-15"/>
      </object_component>
      <object_component id="oc-f9">
         <name>.text:initepwm_scheduler_B</name>
         <load_address>0x9bc5</load_address>
         <run_address>0x9bc5</run_address>
         <size>0x43</size>
         <input_file_ref idref="fl-4"/>
      </object_component>
      <object_component id="oc-d5">
         <name>.text:initepwm_scheduler_R</name>
         <load_address>0x9c08</load_address>
         <run_address>0x9c08</run_address>
         <size>0x43</size>
         <input_file_ref idref="fl-4"/>
      </object_component>
      <object_component id="oc-e7">
         <name>.text:initepwm_scheduler_Y</name>
         <load_address>0x9c4b</load_address>
         <run_address>0x9c4b</run_address>
         <size>0x43</size>
         <input_file_ref idref="fl-4"/>
      </object_component>
      <object_component id="oc-20e">
         <name>.text:EPWM_setActionQualifierAction</name>
         <load_address>0x9c8e</load_address>
         <run_address>0x9c8e</run_address>
         <size>0x40</size>
         <input_file_ref idref="fl-4"/>
      </object_component>
      <object_component id="oc-423">
         <name>.text:SysCtl_selectXTAL</name>
         <load_address>0x9cce</load_address>
         <run_address>0x9cce</run_address>
         <size>0x40</size>
         <input_file_ref idref="fl-15"/>
      </object_component>
      <object_component id="oc-273">
         <name>.text:SCI_setConfig</name>
         <load_address>0x9d0e</load_address>
         <run_address>0x9d0e</run_address>
         <size>0x3e</size>
         <input_file_ref idref="fl-14"/>
      </object_component>
      <object_component id="oc-b7">
         <name>.text:Interrupt_initModule</name>
         <load_address>0x9d4c</load_address>
         <run_address>0x9d4c</run_address>
         <size>0x3d</size>
         <input_file_ref idref="fl-13"/>
      </object_component>
      <object_component id="oc-1d7">
         <name>.text:GPIO_setAnalogMode</name>
         <load_address>0x9d89</load_address>
         <run_address>0x9d89</run_address>
         <size>0x3a</size>
         <input_file_ref idref="fl-12"/>
      </object_component>
      <object_component id="oc-21b">
         <name>.text:GPIO_setQualificationMode</name>
         <load_address>0x9dc3</load_address>
         <run_address>0x9dc3</run_address>
         <size>0x37</size>
         <input_file_ref idref="fl-12"/>
      </object_component>
      <object_component id="oc-12e">
         <name>.text:Interrupt_enable</name>
         <load_address>0x9dfa</load_address>
         <run_address>0x9dfa</run_address>
         <size>0x37</size>
         <input_file_ref idref="fl-13"/>
      </object_component>
      <object_component id="oc-221">
         <name>.text:GPIO_setInterruptPin</name>
         <load_address>0x9e31</load_address>
         <run_address>0x9e31</run_address>
         <size>0x34</size>
         <input_file_ref idref="fl-12"/>
      </object_component>
      <object_component id="oc-ff">
         <name>.text:initADC</name>
         <load_address>0x9e65</load_address>
         <run_address>0x9e65</run_address>
         <size>0x33</size>
         <input_file_ref idref="fl-4"/>
      </object_component>
      <object_component id="oc-147">
         <name>.text</name>
         <load_address>0x9e98</load_address>
         <run_address>0x9e98</run_address>
         <size>0x32</size>
         <input_file_ref idref="fl-21"/>
      </object_component>
      <object_component id="oc-1d1">
         <name>.text:GPIO_setDirectionMode</name>
         <load_address>0x9eca</load_address>
         <run_address>0x9eca</run_address>
         <size>0x31</size>
         <input_file_ref idref="fl-12"/>
      </object_component>
      <object_component id="oc-4ae">
         <name>.text</name>
         <load_address>0x9efb</load_address>
         <run_address>0x9efb</run_address>
         <size>0x31</size>
         <input_file_ref idref="fl-41"/>
      </object_component>
      <object_component id="oc-549">
         <name>.text</name>
         <load_address>0x9f2c</load_address>
         <run_address>0x9f2c</run_address>
         <size>0x30</size>
         <input_file_ref idref="fl-40"/>
      </object_component>
      <object_component id="oc-260">
         <name>.text:ADC_setInterruptSource</name>
         <load_address>0x9f5c</load_address>
         <run_address>0x9f5c</run_address>
         <size>0x2f</size>
         <input_file_ref idref="fl-4"/>
      </object_component>
      <object_component id="oc-13">
         <name>.text:decompress:lzss</name>
         <load_address>0x9f8b</load_address>
         <run_address>0x9f8b</run_address>
         <size>0x2e</size>
         <input_file_ref idref="fl-2b"/>
      </object_component>
      <object_component id="oc-187">
         <name>.text:EPWM_isBaseValid</name>
         <load_address>0x9fb9</load_address>
         <run_address>0x9fb9</run_address>
         <size>0x2b</size>
         <input_file_ref idref="fl-4"/>
      </object_component>
      <object_component id="oc-454">
         <name>.text:DCC_setCounter0ClkSource</name>
         <load_address>0x9fe4</load_address>
         <run_address>0x9fe4</run_address>
         <size>0x1c</size>
         <input_file_ref idref="fl-15"/>
      </object_component>
      <object_component id="oc-3e8">
         <name>.text:__TI_auto_init_nobinit_nopinit</name>
         <load_address>0xa000</load_address>
         <run_address>0xa000</run_address>
         <size>0x2b</size>
         <input_file_ref idref="fl-28"/>
      </object_component>
      <object_component id="oc-10b">
         <name>.text:initSamplingTimer</name>
         <load_address>0xa02b</load_address>
         <run_address>0xa02b</run_address>
         <size>0x2b</size>
         <input_file_ref idref="fl-4"/>
      </object_component>
      <object_component id="oc-530">
         <name>.text</name>
         <load_address>0xa056</load_address>
         <run_address>0xa056</run_address>
         <size>0x2a</size>
         <input_file_ref idref="fl-33"/>
      </object_component>
      <object_component id="oc-59e">
         <name>.text</name>
         <load_address>0xa080</load_address>
         <run_address>0xa080</run_address>
         <size>0x2a</size>
         <input_file_ref idref="fl-4b"/>
      </object_component>
      <object_component id="oc-31e">
         <name>.text</name>
         <load_address>0xa0aa</load_address>
         <run_address>0xa0aa</run_address>
         <size>0x29</size>
         <input_file_ref idref="fl-2c"/>
      </object_component>
      <object_component id="oc-376">
         <name>.text:ADC_setOffsetTrimAll</name>
         <load_address>0xa0d3</load_address>
         <run_address>0xa0d3</run_address>
         <size>0x28</size>
         <input_file_ref idref="fl-10"/>
      </object_component>
      <object_component id="oc-23a">
         <name>.text:EPWM_setInterruptEventCount</name>
         <load_address>0xa0fb</load_address>
         <run_address>0xa0fb</run_address>
         <size>0x28</size>
         <input_file_ref idref="fl-4"/>
      </object_component>
      <object_component id="oc-111">
         <name>.text:C2000Ware_libraries_init</name>
         <load_address>0xa123</load_address>
         <run_address>0xa123</run_address>
         <size>0x1</size>
         <input_file_ref idref="fl-3"/>
      </object_component>
      <object_component id="oc-128">
         <name>.text</name>
         <load_address>0xa124</load_address>
         <run_address>0xa124</run_address>
         <size>0x27</size>
         <input_file_ref idref="fl-22"/>
      </object_component>
      <object_component id="oc-429">
         <name>.text:SysCtl_selectXTALSingleEnded</name>
         <load_address>0xa14b</load_address>
         <run_address>0xa14b</run_address>
         <size>0x25</size>
         <input_file_ref idref="fl-15"/>
      </object_component>
      <object_component id="oc-466">
         <name>.text:DCC_enableSingleShotMode</name>
         <load_address>0xa170</load_address>
         <run_address>0xa170</run_address>
         <size>0x24</size>
         <input_file_ref idref="fl-15"/>
      </object_component>
      <object_component id="oc-5b5">
         <name>.text</name>
         <load_address>0xa194</load_address>
         <run_address>0xa194</run_address>
         <size>0x24</size>
         <input_file_ref idref="fl-49"/>
      </object_component>
      <object_component id="oc-134">
         <name>.text:EPWM_setCounterCompareValue</name>
         <load_address>0xa1b8</load_address>
         <run_address>0xa1b8</run_address>
         <size>0x22</size>
         <input_file_ref idref="fl-4"/>
      </object_component>
      <object_component id="oc-214">
         <name>.text:EPWM_setTripZoneAction</name>
         <load_address>0xa1da</load_address>
         <run_address>0xa1da</run_address>
         <size>0x22</size>
         <input_file_ref idref="fl-4"/>
      </object_component>
      <object_component id="oc-559">
         <name>.text</name>
         <load_address>0xa1fc</load_address>
         <run_address>0xa1fc</run_address>
         <size>0x21</size>
         <input_file_ref idref="fl-37"/>
      </object_component>
      <object_component id="oc-266">
         <name>.text:ADC_enableInterrupt</name>
         <load_address>0xa21d</load_address>
         <run_address>0xa21d</run_address>
         <size>0x20</size>
         <input_file_ref idref="fl-4"/>
      </object_component>
      <object_component id="oc-364">
         <name>.text:XBAR_setInputPin</name>
         <load_address>0xa23d</load_address>
         <run_address>0xa23d</run_address>
         <size>0x20</size>
         <input_file_ref idref="fl-12"/>
      </object_component>
      <object_component id="oc-140">
         <name>.text:EPWM_clearTripZoneFlag</name>
         <load_address>0xa25d</load_address>
         <run_address>0xa25d</run_address>
         <size>0x1f</size>
         <input_file_ref idref="fl-4"/>
      </object_component>
      <object_component id="oc-8a">
         <name>.text:EPWM_forceTripZoneEvent</name>
         <load_address>0xa27c</load_address>
         <run_address>0xa27c</run_address>
         <size>0x1f</size>
         <input_file_ref idref="fl-4"/>
      </object_component>
      <object_component id="oc-544">
         <name>.text</name>
         <load_address>0xa29b</load_address>
         <run_address>0xa29b</run_address>
         <size>0x1f</size>
         <input_file_ref idref="fl-38"/>
      </object_component>
      <object_component id="oc-45a">
         <name>.text:DCC_setCounter1ClkSource</name>
         <load_address>0xa2ba</load_address>
         <run_address>0xa2ba</run_address>
         <size>0x1e</size>
         <input_file_ref idref="fl-15"/>
      </object_component>
      <object_component id="oc-208">
         <name>.text:EPWM_setPhaseShift</name>
         <load_address>0xa2d8</load_address>
         <run_address>0xa2d8</run_address>
         <size>0x1e</size>
         <input_file_ref idref="fl-4"/>
      </object_component>
      <object_component id="oc-58">
         <name>.text:Interrupt_initVectorTable</name>
         <load_address>0xa2f6</load_address>
         <run_address>0xa2f6</run_address>
         <size>0x1e</size>
         <input_file_ref idref="fl-13"/>
      </object_component>
      <object_component id="oc-cf">
         <name>.text:initZVC_R</name>
         <load_address>0xa314</load_address>
         <run_address>0xa314</run_address>
         <size>0x1e</size>
         <input_file_ref idref="fl-4"/>
      </object_component>
      <object_component id="oc-4b4">
         <name>.text</name>
         <load_address>0xa332</load_address>
         <run_address>0xa332</run_address>
         <size>0x1e</size>
         <input_file_ref idref="fl-25"/>
      </object_component>
      <object_component id="oc-2f9">
         <name>.text:ADC_getInterruptStatus</name>
         <load_address>0xa350</load_address>
         <run_address>0xa350</run_address>
         <size>0x1d</size>
         <input_file_ref idref="fl-4"/>
      </object_component>
      <object_component id="oc-279">
         <name>.text:SCI_enableFIFO</name>
         <load_address>0xa36d</load_address>
         <run_address>0xa36d</run_address>
         <size>0x1d</size>
         <input_file_ref idref="fl-4"/>
      </object_component>
      <object_component id="oc-f3">
         <name>.text:initZVC_B</name>
         <load_address>0xa38a</load_address>
         <run_address>0xa38a</run_address>
         <size>0x1d</size>
         <input_file_ref idref="fl-4"/>
      </object_component>
      <object_component id="oc-e1">
         <name>.text:initZVC_Y</name>
         <load_address>0xa3a7</load_address>
         <run_address>0xa3a7</run_address>
         <size>0x1d</size>
         <input_file_ref idref="fl-4"/>
      </object_component>
      <object_component id="oc-56a">
         <name>.text</name>
         <load_address>0xa3c4</load_address>
         <run_address>0xa3c4</run_address>
         <size>0x1d</size>
         <input_file_ref idref="fl-3b"/>
      </object_component>
      <object_component id="oc-70">
         <name>.text</name>
         <load_address>0xa3e1</load_address>
         <run_address>0xa3e1</run_address>
         <size>0x1d</size>
         <input_file_ref idref="fl-26"/>
      </object_component>
      <object_component id="oc-1fc">
         <name>.text:EPWM_setClockPrescaler</name>
         <load_address>0xa3fe</load_address>
         <run_address>0xa3fe</run_address>
         <size>0x1c</size>
         <input_file_ref idref="fl-4"/>
      </object_component>
      <object_component id="oc-164">
         <name>.text:readADC</name>
         <load_address>0xa41a</load_address>
         <run_address>0xa41a</run_address>
         <size>0x1c</size>
         <input_file_ref idref="fl-4"/>
      </object_component>
      <object_component id="oc-54f">
         <name>.text</name>
         <load_address>0xa436</load_address>
         <run_address>0xa436</run_address>
         <size>0x1c</size>
         <input_file_ref idref="fl-3c"/>
      </object_component>
      <object_component id="oc-2ff">
         <name>.text:ADC_readResult</name>
         <load_address>0xa452</load_address>
         <run_address>0xa452</run_address>
         <size>0x1a</size>
         <input_file_ref idref="fl-4"/>
      </object_component>
      <object_component id="oc-2c2">
         <name>.text:CPUTimer_startTimer</name>
         <load_address>0xa46c</load_address>
         <run_address>0xa46c</run_address>
         <size>0x1a</size>
         <input_file_ref idref="fl-4"/>
      </object_component>
      <object_component id="oc-1b3">
         <name>.text:SysCtl_getLowSpeedClock</name>
         <load_address>0xa486</load_address>
         <run_address>0xa486</run_address>
         <size>0x1a</size>
         <input_file_ref idref="fl-15"/>
      </object_component>
      <object_component id="oc-2e6">
         <name>.text:SCI_writeCharBlockingFIFO</name>
         <load_address>0xa4a0</load_address>
         <run_address>0xa4a0</run_address>
         <size>0x19</size>
         <input_file_ref idref="fl-4"/>
      </object_component>
      <object_component id="oc-391">
         <name>.text:SCI_disableModule</name>
         <load_address>0xa4b9</load_address>
         <run_address>0xa4b9</run_address>
         <size>0x18</size>
         <input_file_ref idref="fl-14"/>
      </object_component>
      <object_component id="oc-27f">
         <name>.text:SCI_resetChannels</name>
         <load_address>0xa4d1</load_address>
         <run_address>0xa4d1</run_address>
         <size>0x18</size>
         <input_file_ref idref="fl-4"/>
      </object_component>
      <object_component id="oc-285">
         <name>.text:SCI_resetRxFIFO</name>
         <load_address>0xa4e9</load_address>
         <run_address>0xa4e9</run_address>
         <size>0x18</size>
         <input_file_ref idref="fl-4"/>
      </object_component>
      <object_component id="oc-28b">
         <name>.text:SCI_resetTxFIFO</name>
         <load_address>0xa501</load_address>
         <run_address>0xa501</run_address>
         <size>0x18</size>
         <input_file_ref idref="fl-4"/>
      </object_component>
      <object_component id="oc-117">
         <name>.text:SysCtl_disablePeripheral</name>
         <load_address>0xa519</load_address>
         <run_address>0xa519</run_address>
         <size>0x18</size>
         <input_file_ref idref="fl-4"/>
      </object_component>
      <object_component id="oc-4be">
         <name>.text</name>
         <load_address>0xa531</load_address>
         <run_address>0xa531</run_address>
         <size>0x18</size>
         <input_file_ref idref="fl-39"/>
      </object_component>
      <object_component id="oc-2f3">
         <name>.text:ADC_forceSOC</name>
         <load_address>0xa549</load_address>
         <run_address>0xa549</run_address>
         <size>0x17</size>
         <input_file_ref idref="fl-4"/>
      </object_component>
      <object_component id="oc-36f">
         <name>.text:ADC_isBaseValid</name>
         <load_address>0xa560</load_address>
         <run_address>0xa560</run_address>
         <size>0x17</size>
         <input_file_ref idref="fl-10"/>
      </object_component>
      <object_component id="oc-37e">
         <name>.text:ADC_isBaseValid</name>
         <load_address>0xa577</load_address>
         <run_address>0xa577</run_address>
         <size>0x17</size>
         <input_file_ref idref="fl-4"/>
      </object_component>
      <object_component id="oc-3ac">
         <name>.text:CPUTimer_isBaseValid</name>
         <load_address>0xa58e</load_address>
         <run_address>0xa58e</run_address>
         <size>0x17</size>
         <input_file_ref idref="fl-4"/>
      </object_component>
      <object_component id="oc-2aa">
         <name>.text:CPUTimer_setPreScaler</name>
         <load_address>0xa5a5</load_address>
         <run_address>0xa5a5</run_address>
         <size>0x17</size>
         <input_file_ref idref="fl-4"/>
      </object_component>
      <object_component id="oc-341">
         <name>.text:SysCtl_enablePeripheral</name>
         <load_address>0xa5bc</load_address>
         <run_address>0xa5bc</run_address>
         <size>0x17</size>
         <input_file_ref idref="fl-5"/>
      </object_component>
      <object_component id="oc-430">
         <name>.text:SysCtl_enablePeripheral</name>
         <load_address>0xa5d3</load_address>
         <run_address>0xa5d3</run_address>
         <size>0x17</size>
         <input_file_ref idref="fl-15"/>
      </object_component>
      <object_component id="oc-11d">
         <name>.text:SysCtl_enablePeripheral</name>
         <load_address>0xa5ea</load_address>
         <run_address>0xa5ea</run_address>
         <size>0x17</size>
         <input_file_ref idref="fl-4"/>
      </object_component>
      <object_component id="oc-181">
         <name>.text</name>
         <load_address>0xa601</load_address>
         <run_address>0xa601</run_address>
         <size>0x17</size>
         <input_file_ref idref="fl-23"/>
      </object_component>
      <object_component id="oc-24d">
         <name>.text:ADC_setPrescaler</name>
         <load_address>0xa618</load_address>
         <run_address>0xa618</run_address>
         <size>0x16</size>
         <input_file_ref idref="fl-4"/>
      </object_component>
      <object_component id="oc-44e">
         <name>.text:DCC_disableDoneSignal</name>
         <load_address>0xa62e</load_address>
         <run_address>0xa62e</run_address>
         <size>0x16</size>
         <input_file_ref idref="fl-15"/>
      </object_component>
      <object_component id="oc-472">
         <name>.text:DCC_enableDoneSignal</name>
         <load_address>0xa644</load_address>
         <run_address>0xa644</run_address>
         <size>0x16</size>
         <input_file_ref idref="fl-15"/>
      </object_component>
      <object_component id="oc-55">
         <name>.text:Interrupt_defaultHandler</name>
         <load_address>0xa65a</load_address>
         <run_address>0xa65a</run_address>
         <size>0x16</size>
         <input_file_ref idref="fl-13"/>
      </object_component>
      <object_component id="oc-2bc">
         <name>.text:CPUTimer_enableInterrupt</name>
         <load_address>0xa670</load_address>
         <run_address>0xa670</run_address>
         <size>0x15</size>
         <input_file_ref idref="fl-4"/>
      </object_component>
      <object_component id="oc-43c">
         <name>.text:DCC_clearDoneFlag</name>
         <load_address>0xa685</load_address>
         <run_address>0xa685</run_address>
         <size>0x15</size>
         <input_file_ref idref="fl-15"/>
      </object_component>
      <object_component id="oc-436">
         <name>.text:DCC_clearErrorFlag</name>
         <load_address>0xa69a</load_address>
         <run_address>0xa69a</run_address>
         <size>0x15</size>
         <input_file_ref idref="fl-15"/>
      </object_component>
      <object_component id="oc-448">
         <name>.text:DCC_disableErrorSignal</name>
         <load_address>0xa6af</load_address>
         <run_address>0xa6af</run_address>
         <size>0x15</size>
         <input_file_ref idref="fl-15"/>
      </object_component>
      <object_component id="oc-46c">
         <name>.text:DCC_enableErrorSignal</name>
         <load_address>0xa6c4</load_address>
         <run_address>0xa6c4</run_address>
         <size>0x15</size>
         <input_file_ref idref="fl-15"/>
      </object_component>
      <object_component id="oc-1df">
         <name>.text:GPIO_unlockPortConfig</name>
         <load_address>0xa6d9</load_address>
         <run_address>0xa6d9</run_address>
         <size>0x15</size>
         <input_file_ref idref="fl-5"/>
      </object_component>
      <object_component id="oc-26c">
         <name>.text:ADC_clearInterruptStatus</name>
         <load_address>0xa6ee</load_address>
         <run_address>0xa6ee</run_address>
         <size>0x14</size>
         <input_file_ref idref="fl-4"/>
      </object_component>
      <object_component id="oc-2b6">
         <name>.text:CPUTimer_reloadTimerCounter</name>
         <load_address>0xa702</load_address>
         <run_address>0xa702</run_address>
         <size>0x14</size>
         <input_file_ref idref="fl-4"/>
      </object_component>
      <object_component id="oc-2b0">
         <name>.text:CPUTimer_stopTimer</name>
         <load_address>0xa716</load_address>
         <run_address>0xa716</run_address>
         <size>0x14</size>
         <input_file_ref idref="fl-4"/>
      </object_component>
      <object_component id="oc-442">
         <name>.text:DCC_disableModule</name>
         <load_address>0xa72a</load_address>
         <run_address>0xa72a</run_address>
         <size>0x14</size>
         <input_file_ref idref="fl-15"/>
      </object_component>
      <object_component id="oc-478">
         <name>.text:DCC_enableModule</name>
         <load_address>0xa73e</load_address>
         <run_address>0xa73e</run_address>
         <size>0x14</size>
         <input_file_ref idref="fl-15"/>
      </object_component>
      <object_component id="oc-9c">
         <name>.text:EPWM_setTimeBaseCounterMode</name>
         <load_address>0xa752</load_address>
         <run_address>0xa752</run_address>
         <size>0x14</size>
         <input_file_ref idref="fl-4"/>
      </object_component>
      <object_component id="oc-202">
         <name>.text:EPWM_setTimeBasePeriod</name>
         <load_address>0xa766</load_address>
         <run_address>0xa766</run_address>
         <size>0x14</size>
         <input_file_ref idref="fl-4"/>
      </object_component>
      <object_component id="oc-349">
         <name>.text:GPIO_isPinValid</name>
         <load_address>0xa77a</load_address>
         <run_address>0xa77a</run_address>
         <size>0x14</size>
         <input_file_ref idref="fl-12"/>
      </object_component>
      <object_component id="oc-3d9">
         <name>.text:SCI_getTxFIFOStatus</name>
         <load_address>0xa78e</load_address>
         <run_address>0xa78e</run_address>
         <size>0x14</size>
         <input_file_ref idref="fl-4"/>
      </object_component>
      <object_component id="oc-1b9">
         <name>.text:SysCtl_deviceCal</name>
         <load_address>0xa7a2</load_address>
         <run_address>0xa7a2</run_address>
         <size>0x14</size>
         <input_file_ref idref="fl-5"/>
      </object_component>
      <object_component id="oc-253">
         <name>.text:ADC_enableConverter</name>
         <load_address>0xa7b6</load_address>
         <run_address>0xa7b6</run_address>
         <size>0x13</size>
         <input_file_ref idref="fl-4"/>
      </object_component>
      <object_component id="oc-15b">
         <name>.text:EPWM_clearEventTriggerInterruptFlag</name>
         <load_address>0xa7c9</load_address>
         <run_address>0xa7c9</run_address>
         <size>0x13</size>
         <input_file_ref idref="fl-4"/>
      </object_component>
      <object_component id="oc-234">
         <name>.text:EPWM_enableInterrupt</name>
         <load_address>0xa7dc</load_address>
         <run_address>0xa7dc</run_address>
         <size>0x13</size>
         <input_file_ref idref="fl-4"/>
      </object_component>
      <object_component id="oc-2a4">
         <name>.text:CPUTimer_setPeriod</name>
         <load_address>0xa7ef</load_address>
         <run_address>0xa7ef</run_address>
         <size>0x11</size>
         <input_file_ref idref="fl-4"/>
      </object_component>
      <object_component id="oc-60c">
         <name>.cinit..data.load</name>
         <load_address>0xfa</load_address>
         <run_address>0xfa</run_address>
         <size>0xd</size>
      </object_component>
      <object_component id="oc-60a">
         <name>__TI_handler_table</name>
         <load_address>0x108</load_address>
         <run_address>0x108</run_address>
         <size>0x4</size>
      </object_component>
      <object_component id="oc-60b">
         <name>__TI_cinit_table</name>
         <load_address>0x10c</load_address>
         <run_address>0x10c</run_address>
         <size>0x4</size>
      </object_component>
      <object_component id="oc-6d">
         <name>.stack</name>
         <uninitialized>true</uninitialized>
         <run_address>0x400</run_address>
         <size>0x0</size>
         <input_file_ref idref="fl-23"/>
      </object_component>
      <object_component id="oc-60d">
         <name>.stack</name>
         <uninitialized>true</uninitialized>
         <run_address>0x400</run_address>
         <size>0x0</size>
      </object_component>
      <object_component id="oc-146">
         <name>.const:.string</name>
         <load_address>0xa800</load_address>
         <run_address>0xa800</run_address>
         <size>0x110</size>
         <input_file_ref idref="fl-4"/>
      </object_component>
      <object_component id="oc-525">
         <name>.const:.string:_ctypes_</name>
         <load_address>0xa910</load_address>
         <run_address>0xa910</run_address>
         <size>0x101</size>
         <input_file_ref idref="fl-42"/>
      </object_component>
      <object_component id="oc-328">
         <name>.const:.string</name>
         <load_address>0xaa12</load_address>
         <run_address>0xaa12</run_address>
         <size>0x9a</size>
         <input_file_ref idref="fl-15"/>
      </object_component>
      <object_component id="oc-34f">
         <name>.const:.string</name>
         <load_address>0xaaac</load_address>
         <run_address>0xaaac</run_address>
         <size>0x98</size>
         <input_file_ref idref="fl-12"/>
      </object_component>
      <object_component id="oc-390">
         <name>.const:.string</name>
         <load_address>0xab44</load_address>
         <run_address>0xab44</run_address>
         <size>0x97</size>
         <input_file_ref idref="fl-14"/>
      </object_component>
      <object_component id="oc-1b2">
         <name>.const:.string</name>
         <load_address>0xabdc</load_address>
         <run_address>0xabdc</run_address>
         <size>0x53</size>
         <input_file_ref idref="fl-5"/>
      </object_component>
      <object_component id="oc-3c2">
         <name>.const:.string</name>
         <load_address>0xac30</load_address>
         <run_address>0xac30</run_address>
         <size>0x51</size>
         <input_file_ref idref="fl-13"/>
      </object_component>
      <object_component id="oc-375">
         <name>.const:.string</name>
         <load_address>0xac82</load_address>
         <run_address>0xac82</run_address>
         <size>0x4b</size>
         <input_file_ref idref="fl-10"/>
      </object_component>
      <object_component id="oc-499">
         <name>.const:.string</name>
         <load_address>0xacce</load_address>
         <run_address>0xacce</run_address>
         <size>0x26</size>
         <input_file_ref idref="fl-31"/>
      </object_component>
      <object_component id="oc-52f">
         <name>.const</name>
         <load_address>0xacf4</load_address>
         <run_address>0xacf4</run_address>
         <size>0x1c</size>
         <input_file_ref idref="fl-31"/>
      </object_component>
      <object_component id="oc-5b2">
         <name>.const</name>
         <load_address>0xad10</load_address>
         <run_address>0xad10</run_address>
         <size>0x1c</size>
         <input_file_ref idref="fl-48"/>
      </object_component>
      <object_component id="oc-5ad">
         <name>.const</name>
         <load_address>0xad2c</load_address>
         <run_address>0xad2c</run_address>
         <size>0x8</size>
         <input_file_ref idref="fl-47"/>
      </object_component>
      <object_component id="oc-153">
         <name>.const</name>
         <load_address>0xad34</load_address>
         <run_address>0xad34</run_address>
         <size>0x2</size>
         <input_file_ref idref="fl-4"/>
      </object_component>
      <object_component id="oc-a8">
         <name>.data</name>
         <load_address>0xad40</load_address>
         <run_address>0xad40</run_address>
         <size>0x1a</size>
         <input_file_ref idref="fl-4"/>
      </object_component>
      <object_component id="oc-41a">
         <name>.data</name>
         <load_address>0xad36</load_address>
         <run_address>0xad36</run_address>
         <size>0x6</size>
         <input_file_ref idref="fl-2c"/>
      </object_component>
      <object_component id="oc-41d">
         <name>.data:_lock</name>
         <load_address>0xad3c</load_address>
         <run_address>0xad3c</run_address>
         <size>0x2</size>
         <input_file_ref idref="fl-2d"/>
      </object_component>
      <object_component id="oc-57d">
         <name>.data:_unlock</name>
         <load_address>0xad3e</load_address>
         <run_address>0xad3e</run_address>
         <size>0x2</size>
         <input_file_ref idref="fl-2d"/>
      </object_component>
      <object_component id="oc-2ce">
         <name>.data</name>
         <load_address>0xad5a</load_address>
         <run_address>0xad5a</run_address>
         <size>0x1</size>
         <input_file_ref idref="fl-30"/>
      </object_component>
      <object_component id="oc-1f5">
         <name>.debug_types</name>
         <load_address>0x0</load_address>
         <run_address>0x0</run_address>
         <size>0x2d9</size>
         <input_file_ref idref="fl-2"/>
      </object_component>
      <object_component id="oc-2ca">
         <name>.debug_types</name>
         <load_address>0x0</load_address>
         <run_address>0x0</run_address>
         <size>0x0</size>
         <input_file_ref idref="fl-3"/>
      </object_component>
      <object_component id="oc-157">
         <name>.debug_types</name>
         <load_address>0x2d9</load_address>
         <run_address>0x2d9</run_address>
         <size>0x23e2</size>
         <input_file_ref idref="fl-4"/>
      </object_component>
      <object_component id="oc-1de">
         <name>.debug_types</name>
         <load_address>0x26bb</load_address>
         <run_address>0x26bb</run_address>
         <size>0x475</size>
         <input_file_ref idref="fl-5"/>
      </object_component>
      <object_component id="oc-37d">
         <name>.debug_types</name>
         <load_address>0x2b30</load_address>
         <run_address>0x2b30</run_address>
         <size>0x128</size>
         <input_file_ref idref="fl-10"/>
      </object_component>
      <object_component id="oc-351">
         <name>.debug_types</name>
         <load_address>0x2c58</load_address>
         <run_address>0x2c58</run_address>
         <size>0x212</size>
         <input_file_ref idref="fl-12"/>
      </object_component>
      <object_component id="oc-16c">
         <name>.debug_types</name>
         <load_address>0x0</load_address>
         <run_address>0x0</run_address>
         <size>0x0</size>
         <input_file_ref idref="fl-13"/>
      </object_component>
      <object_component id="oc-39e">
         <name>.debug_types</name>
         <load_address>0x2e6a</load_address>
         <run_address>0x2e6a</run_address>
         <size>0x259</size>
         <input_file_ref idref="fl-14"/>
      </object_component>
      <object_component id="oc-33c">
         <name>.debug_types</name>
         <load_address>0x30c3</load_address>
         <run_address>0x30c3</run_address>
         <size>0x1d4</size>
         <input_file_ref idref="fl-15"/>
      </object_component>
      <object_component id="oc-2e5">
         <name>.debug_types</name>
         <load_address>0x3297</load_address>
         <run_address>0x3297</run_address>
         <size>0x2c2</size>
         <input_file_ref idref="fl-21"/>
      </object_component>
      <object_component id="oc-2d2">
         <name>.debug_types</name>
         <load_address>0x3559</load_address>
         <run_address>0x3559</run_address>
         <size>0x5e</size>
         <input_file_ref idref="fl-22"/>
      </object_component>
      <object_component id="oc-174">
         <name>.debug_types</name>
         <load_address>0x35b7</load_address>
         <run_address>0x35b7</run_address>
         <size>0x89</size>
         <input_file_ref idref="fl-26"/>
      </object_component>
      <object_component id="oc-3e7">
         <name>.debug_types</name>
         <load_address>0x0</load_address>
         <run_address>0x0</run_address>
         <size>0x0</size>
         <input_file_ref idref="fl-27"/>
      </object_component>
      <object_component id="oc-4dc">
         <name>.debug_types</name>
         <load_address>0x3640</load_address>
         <run_address>0x3640</run_address>
         <size>0x412</size>
         <input_file_ref idref="fl-28"/>
      </object_component>
      <object_component id="oc-77">
         <name>.debug_types</name>
         <load_address>0x3a52</load_address>
         <run_address>0x3a52</run_address>
         <size>0x194</size>
         <input_file_ref idref="fl-2a"/>
      </object_component>
      <object_component id="oc-6f">
         <name>.debug_types</name>
         <load_address>0x3be6</load_address>
         <run_address>0x3be6</run_address>
         <size>0x191</size>
         <input_file_ref idref="fl-2b"/>
      </object_component>
      <object_component id="oc-421">
         <name>.debug_types</name>
         <load_address>0x3d77</load_address>
         <run_address>0x3d77</run_address>
         <size>0x90</size>
         <input_file_ref idref="fl-2c"/>
      </object_component>
      <object_component id="oc-4f7">
         <name>.debug_types</name>
         <load_address>0x3e07</load_address>
         <run_address>0x3e07</run_address>
         <size>0x2f</size>
         <input_file_ref idref="fl-2d"/>
      </object_component>
      <object_component id="oc-419">
         <name>.debug_types</name>
         <load_address>0x3e36</load_address>
         <run_address>0x3e36</run_address>
         <size>0xb6</size>
         <input_file_ref idref="fl-2e"/>
      </object_component>
      <object_component id="oc-310">
         <name>.debug_types</name>
         <load_address>0x0</load_address>
         <run_address>0x0</run_address>
         <size>0x0</size>
         <input_file_ref idref="fl-2f"/>
      </object_component>
      <object_component id="oc-3bd">
         <name>.debug_types</name>
         <load_address>0x0</load_address>
         <run_address>0x0</run_address>
         <size>0x0</size>
         <input_file_ref idref="fl-30"/>
      </object_component>
      <object_component id="oc-4ad">
         <name>.debug_types</name>
         <load_address>0x3eec</load_address>
         <run_address>0x3eec</run_address>
         <size>0x8c8</size>
         <input_file_ref idref="fl-31"/>
      </object_component>
      <object_component id="oc-52e">
         <name>.debug_types</name>
         <load_address>0x47b4</load_address>
         <run_address>0x47b4</run_address>
         <size>0x160</size>
         <input_file_ref idref="fl-32"/>
      </object_component>
      <object_component id="oc-577">
         <name>.debug_types</name>
         <load_address>0x0</load_address>
         <run_address>0x0</run_address>
         <size>0x0</size>
         <input_file_ref idref="fl-3f"/>
      </object_component>
      <object_component id="oc-5a4">
         <name>.debug_types</name>
         <load_address>0x4914</load_address>
         <run_address>0x4914</run_address>
         <size>0x61</size>
         <input_file_ref idref="fl-40"/>
      </object_component>
      <object_component id="oc-529">
         <name>.debug_types</name>
         <load_address>0x4975</load_address>
         <run_address>0x4975</run_address>
         <size>0x34</size>
         <input_file_ref idref="fl-41"/>
      </object_component>
      <object_component id="oc-592">
         <name>.debug_types</name>
         <load_address>0x0</load_address>
         <run_address>0x0</run_address>
         <size>0x0</size>
         <input_file_ref idref="fl-42"/>
      </object_component>
      <object_component id="oc-521">
         <name>.debug_types</name>
         <load_address>0x0</load_address>
         <run_address>0x0</run_address>
         <size>0x0</size>
         <input_file_ref idref="fl-43"/>
      </object_component>
      <object_component id="oc-5bf">
         <name>.debug_types</name>
         <load_address>0x0</load_address>
         <run_address>0x0</run_address>
         <size>0x0</size>
         <input_file_ref idref="fl-44"/>
      </object_component>
      <object_component id="oc-51f">
         <name>.debug_types</name>
         <load_address>0x49a9</load_address>
         <run_address>0x49a9</run_address>
         <size>0x34</size>
         <input_file_ref idref="fl-45"/>
      </object_component>
      <object_component id="oc-51d">
         <name>.debug_types</name>
         <load_address>0x0</load_address>
         <run_address>0x0</run_address>
         <size>0x0</size>
         <input_file_ref idref="fl-46"/>
      </object_component>
      <object_component id="oc-5b1">
         <name>.debug_types</name>
         <load_address>0x49dd</load_address>
         <run_address>0x49dd</run_address>
         <size>0x2f</size>
         <input_file_ref idref="fl-47"/>
      </object_component>
      <object_component id="oc-5bc">
         <name>.debug_types</name>
         <load_address>0x0</load_address>
         <run_address>0x0</run_address>
         <size>0x0</size>
         <input_file_ref idref="fl-48"/>
      </object_component>
      <object_component id="oc-5d8">
         <name>.debug_types</name>
         <load_address>0x0</load_address>
         <run_address>0x0</run_address>
         <size>0x0</size>
         <input_file_ref idref="fl-49"/>
      </object_component>
      <object_component id="oc-c6">
         <name>.debug_info</name>
         <load_address>0x0</load_address>
         <run_address>0x0</run_address>
         <size>0x125</size>
         <input_file_ref idref="fl-2"/>
      </object_component>
      <object_component id="oc-1f1">
         <name>.debug_info</name>
         <load_address>0x125</load_address>
         <run_address>0x125</run_address>
         <size>0x116</size>
         <input_file_ref idref="fl-2"/>
      </object_component>
      <object_component id="oc-112">
         <name>.debug_info</name>
         <load_address>0x23b</load_address>
         <run_address>0x23b</run_address>
         <size>0x14c</size>
         <input_file_ref idref="fl-3"/>
      </object_component>
      <object_component id="oc-a9">
         <name>.debug_info</name>
         <load_address>0x387</load_address>
         <run_address>0x387</run_address>
         <size>0x39c</size>
         <input_file_ref idref="fl-4"/>
      </object_component>
      <object_component id="oc-154">
         <name>.debug_info</name>
         <load_address>0x723</load_address>
         <run_address>0x723</run_address>
         <size>0x108</size>
         <input_file_ref idref="fl-4"/>
      </object_component>
      <object_component id="oc-37f">
         <name>.debug_info</name>
         <load_address>0x82b</load_address>
         <run_address>0x82b</run_address>
         <size>0x17f</size>
         <input_file_ref idref="fl-4"/>
      </object_component>
      <object_component id="oc-24e">
         <name>.debug_info</name>
         <load_address>0x9aa</load_address>
         <run_address>0x9aa</run_address>
         <size>0x1cc</size>
         <input_file_ref idref="fl-4"/>
      </object_component>
      <object_component id="oc-25b">
         <name>.debug_info</name>
         <load_address>0xb76</load_address>
         <run_address>0xb76</run_address>
         <size>0x24b</size>
         <input_file_ref idref="fl-4"/>
      </object_component>
      <object_component id="oc-254">
         <name>.debug_info</name>
         <load_address>0xdc1</load_address>
         <run_address>0xdc1</run_address>
         <size>0x1a3</size>
         <input_file_ref idref="fl-4"/>
      </object_component>
      <object_component id="oc-2f4">
         <name>.debug_info</name>
         <load_address>0xf64</load_address>
         <run_address>0xf64</run_address>
         <size>0x1c0</size>
         <input_file_ref idref="fl-4"/>
      </object_component>
      <object_component id="oc-2fa">
         <name>.debug_info</name>
         <load_address>0x1124</load_address>
         <run_address>0x1124</run_address>
         <size>0x1dc</size>
         <input_file_ref idref="fl-4"/>
      </object_component>
      <object_component id="oc-26d">
         <name>.debug_info</name>
         <load_address>0x1300</load_address>
         <run_address>0x1300</run_address>
         <size>0x1d8</size>
         <input_file_ref idref="fl-4"/>
      </object_component>
      <object_component id="oc-300">
         <name>.debug_info</name>
         <load_address>0x14d8</load_address>
         <run_address>0x14d8</run_address>
         <size>0x1c3</size>
         <input_file_ref idref="fl-4"/>
      </object_component>
      <object_component id="oc-267">
         <name>.debug_info</name>
         <load_address>0x169b</load_address>
         <run_address>0x169b</run_address>
         <size>0x1fa</size>
         <input_file_ref idref="fl-4"/>
      </object_component>
      <object_component id="oc-261">
         <name>.debug_info</name>
         <load_address>0x1895</load_address>
         <run_address>0x1895</run_address>
         <size>0x23c</size>
         <input_file_ref idref="fl-4"/>
      </object_component>
      <object_component id="oc-be">
         <name>.debug_info</name>
         <load_address>0x1ad1</load_address>
         <run_address>0x1ad1</run_address>
         <size>0x1d3</size>
         <input_file_ref idref="fl-4"/>
      </object_component>
      <object_component id="oc-a3">
         <name>.debug_info</name>
         <load_address>0x1ca4</load_address>
         <run_address>0x1ca4</run_address>
         <size>0x18f</size>
         <input_file_ref idref="fl-4"/>
      </object_component>
      <object_component id="oc-11e">
         <name>.debug_info</name>
         <load_address>0x1e33</load_address>
         <run_address>0x1e33</run_address>
         <size>0x1c0</size>
         <input_file_ref idref="fl-4"/>
      </object_component>
      <object_component id="oc-118">
         <name>.debug_info</name>
         <load_address>0x1ff3</load_address>
         <run_address>0x1ff3</run_address>
         <size>0x1c2</size>
         <input_file_ref idref="fl-4"/>
      </object_component>
      <object_component id="oc-3ad">
         <name>.debug_info</name>
         <load_address>0x21b5</load_address>
         <run_address>0x21b5</run_address>
         <size>0x18c</size>
         <input_file_ref idref="fl-4"/>
      </object_component>
      <object_component id="oc-2bd">
         <name>.debug_info</name>
         <load_address>0x2341</load_address>
         <run_address>0x2341</run_address>
         <size>0x1ca</size>
         <input_file_ref idref="fl-4"/>
      </object_component>
      <object_component id="oc-2b7">
         <name>.debug_info</name>
         <load_address>0x250b</load_address>
         <run_address>0x250b</run_address>
         <size>0x1d0</size>
         <input_file_ref idref="fl-4"/>
      </object_component>
      <object_component id="oc-2b1">
         <name>.debug_info</name>
         <load_address>0x26db</load_address>
         <run_address>0x26db</run_address>
         <size>0x1bf</size>
         <input_file_ref idref="fl-4"/>
      </object_component>
      <object_component id="oc-2c3">
         <name>.debug_info</name>
         <load_address>0x289a</load_address>
         <run_address>0x289a</run_address>
         <size>0x1c2</size>
         <input_file_ref idref="fl-4"/>
      </object_component>
      <object_component id="oc-2a5">
         <name>.debug_info</name>
         <load_address>0x2a5c</load_address>
         <run_address>0x2a5c</run_address>
         <size>0x1c3</size>
         <input_file_ref idref="fl-4"/>
      </object_component>
      <object_component id="oc-2ab">
         <name>.debug_info</name>
         <load_address>0x2c1f</load_address>
         <run_address>0x2c1f</run_address>
         <size>0x1dc</size>
         <input_file_ref idref="fl-4"/>
      </object_component>
[...]
      </symbol>
      <symbol id="sm-2d6">
         <name>initZVC_B</name>
         <value>0xa38a</value>
         <object_component_ref idref="oc-f3"/>
      </symbol>
      <symbol id="sm-2d7">
         <name>xint3_ISR_B</name>
         <value>0x9a61</value>
         <object_component_ref idref="oc-37"/>
      </symbol>
      <symbol id="sm-2d8">
         <name>epwmSchedulerISR_B</name>
         <value>0x960a</value>
         <object_component_ref idref="oc-49"/>
      </symbol>
      <symbol id="sm-2d9">
         <name>epwmSchedulerISR_Y</name>
         <value>0x96b8</value>
         <object_component_ref idref="oc-43"/>
      </symbol>
      <symbol id="sm-2da">
         <name>epwmSchedulerISR_R</name>
         <value>0x9661</value>
         <object_component_ref idref="oc-3d"/>
      </symbol>
      <symbol id="sm-2db">
         <name>initSCIA</name>
         <value>0x9800</value>
         <object_component_ref idref="oc-105"/>
      </symbol>
      <symbol id="sm-2dc">
         <name>final_rms</name>
         <value>0xad56</value>
         <object_component_ref idref="oc-a8"/>
      </symbol>
      <symbol id="sm-2dd">
         <name>initepwm_scheduler_Y</name>
         <value>0x9c4b</value>
         <object_component_ref idref="oc-e7"/>
      </symbol>
      <symbol id="sm-2de">
         <name>initepwm_scheduler_R</name>
         <value>0x9c08</value>
         <object_component_ref idref="oc-d5"/>
      </symbol>
      <symbol id="sm-2df">
         <name>initepwm_scheduler_B</name>
         <value>0x9bc5</value>
         <object_component_ref idref="oc-f9"/>
      </symbol>
      <symbol id="sm-2e0">
         <name>schedState_B</name>
         <value>0xad44</value>
         <object_component_ref idref="oc-a8"/>
      </symbol>
      <symbol id="sm-2e1">
         <name>schedState_Y</name>
         <value>0xad43</value>
         <object_component_ref idref="oc-a8"/>
      </symbol>
      <symbol id="sm-2e2">
         <name>schedState_R</name>
         <value>0xad42</value>
         <object_component_ref idref="oc-a8"/>
      </symbol>
      <symbol id="sm-2e3">
         <name>main</name>
         <value>0x8e14</value>
         <object_component_ref idref="oc-26"/>
      </symbol>
      <symbol id="sm-2e4">
         <name>initEPWM1_R</name>
         <value>0x9980</value>
         <object_component_ref idref="oc-c9"/>
      </symbol>
      <symbol id="sm-2e5">
         <name>xint2_ISR_Y</name>
         <value>0x9af2</value>
         <object_component_ref idref="oc-31"/>
      </symbol>
      <symbol id="sm-2e6">
         <name>rms_flag</name>
         <value>0xad41</value>
         <object_component_ref idref="oc-a8"/>
      </symbol>
      <symbol id="sm-2e7">
         <name>sum_squares_ac</name>
         <value>0xad54</value>
         <object_component_ref idref="oc-a8"/>
      </symbol>
      <symbol id="sm-2e8">
         <name>currentDuty</name>
         <value>0xad40</value>
         <object_component_ref idref="oc-a8"/>
      </symbol>
      <symbol id="sm-2e9">
         <name>data_ready_flag</name>
         <value>0xad46</value>
         <object_component_ref idref="oc-a8"/>
      </symbol>
      <symbol id="sm-2ea">
         <name>initADC</name>
         <value>0x9e65</value>
         <object_component_ref idref="oc-ff"/>
      </symbol>
      <symbol id="sm-2eb">
         <name>xint1_ISR_R</name>
         <value>0x9aaa</value>
         <object_component_ref idref="oc-25"/>
      </symbol>
      <symbol id="sm-2ec">
         <name>FIRE_DELAY_Y</name>
         <value>0xad4c</value>
         <object_component_ref idref="oc-a8"/>
      </symbol>
      <symbol id="sm-2ed">
         <name>FIRE_DELAY_R</name>
         <value>0xad48</value>
         <object_component_ref idref="oc-a8"/>
      </symbol>
      <symbol id="sm-2ee">
         <name>FIRE_DELAY_B</name>
         <value>0xad50</value>
         <object_component_ref idref="oc-a8"/>
      </symbol>
      <symbol id="sm-2ef">
         <name>temp_sum_squares</name>
         <value>0xad58</value>
         <object_component_ref idref="oc-a8"/>
      </symbol>
      <symbol id="sm-2f0">
         <name>VOLTS_PER_COUNT</name>
         <value>0xad34</value>
         <object_component_ref idref="oc-153"/>
      </symbol>
      <symbol id="sm-2f1">
         <name>FIRE_WIDTH_Y</name>
         <value>0xad4e</value>
         <object_component_ref idref="oc-a8"/>
      </symbol>
      <symbol id="sm-2f2">
         <name>FIRE_WIDTH_R</name>
         <value>0xad4a</value>
         <object_component_ref idref="oc-a8"/>
      </symbol>
      <symbol id="sm-2f3">
         <name>FIRE_WIDTH_B</name>
         <value>0xad52</value>
         <object_component_ref idref="oc-a8"/>
      </symbol>
      <symbol id="sm-2f4">
         <name>initEPWM3_B</name>
         <value>0x9a16</value>
         <object_component_ref idref="oc-ed"/>
      </symbol>
      <symbol id="sm-34b">
         <name>Device_enableAllPeripherals</name>
         <value>0x8f18</value>
         <object_component_ref idref="oc-1bf"/>
      </symbol>
      <symbol id="sm-34c">
         <name>Device_initGPIO</name>
         <value>0x94</value>
         <object_component_ref idref="oc-b1"/>
      </symbol>
      <symbol id="sm-34d">
         <name>Device_init</name>
         <value>0x9761</value>
         <object_component_ref idref="oc-ab"/>
      </symbol>
      <symbol id="sm-34e">
         <name>__error__</name>
         <value>0x1a5</value>
         <object_component_ref idref="oc-18d"/>
      </symbol>
      <symbol id="sm-35d">
         <name>code_start</name>
         <value>0x0</value>
         <object_component_ref idref="oc-20"/>
      </symbol>
      <symbol id="sm-389">
         <name>ADC_setOffsetTrimAll</name>
         <value>0xa0d3</value>
         <object_component_ref idref="oc-376"/>
      </symbol>
      <symbol id="sm-38a">
         <name>ADC_setVREF</name>
         <value>0x989e</value>
         <object_component_ref idref="oc-247"/>
      </symbol>
      <symbol id="sm-3ed">
         <name>GPIO_setQualificationMode</name>
         <value>0x9dc3</value>
         <object_component_ref idref="oc-21b"/>
      </symbol>
      <symbol id="sm-3ee">
         <name>GPIO_setPadConfig</name>
         <value>0x970f</value>
         <object_component_ref idref="oc-1cb"/>
      </symbol>
      <symbol id="sm-3ef">
         <name>GPIO_setInterruptPin</name>
         <value>0x9e31</value>
         <object_component_ref idref="oc-221"/>
      </symbol>
      <symbol id="sm-3f0">
         <name>GPIO_setAnalogMode</name>
         <value>0x9d89</value>
         <object_component_ref idref="oc-1d7"/>
      </symbol>
      <symbol id="sm-3f1">
         <name>GPIO_setDirectionMode</name>
         <value>0x9eca</value>
         <object_component_ref idref="oc-1d1"/>
      </symbol>
      <symbol id="sm-3f2">
         <name>GPIO_setPinConfig</name>
         <value>0x87c9</value>
         <object_component_ref idref="oc-1f6"/>
      </symbol>
      <symbol id="sm-46b">
         <name>Interrupt_defaultHandler</name>
         <value>0xa65a</value>
         <object_component_ref idref="oc-55"/>
      </symbol>
      <symbol id="sm-46c">
         <name>Interrupt_disable</name>
         <value>0x97b2</value>
         <object_component_ref idref="oc-13a"/>
      </symbol>
      <symbol id="sm-46d">
         <name>Interrupt_initModule</name>
         <value>0x9d4c</value>
         <object_component_ref idref="oc-b7"/>
      </symbol>
      <symbol id="sm-46e">
         <name>Interrupt_nmiHandler</name>
         <value>0x169</value>
         <object_component_ref idref="oc-67"/>
      </symbol>
      <symbol id="sm-46f">
         <name>Interrupt_enable</name>
         <value>0x9dfa</value>
         <object_component_ref idref="oc-12e"/>
      </symbol>
      <symbol id="sm-470">
         <name>Interrupt_initVectorTable</name>
         <value>0xa2f6</value>
         <object_component_ref idref="oc-58"/>
      </symbol>
      <symbol id="sm-471">
         <name>Interrupt_illegalOperationHandler</name>
         <value>0x15f</value>
         <object_component_ref idref="oc-61"/>
      </symbol>
      <symbol id="sm-4a0">
         <name>SCI_setConfig</name>
         <value>0x9d0e</value>
         <object_component_ref idref="oc-273"/>
      </symbol>
      <symbol id="sm-5b4">
         <name>SysCtl_isPLLValid</name>
         <value>0x90c8</value>
         <object_component_ref idref="oc-335"/>
      </symbol>
      <symbol id="sm-5b5">
         <name>SysCtl_delay</name>
         <value>0xf6</value>
         <object_component_ref idref="oc-259"/>
      </symbol>
      <symbol id="sm-5b6">
         <name>SysCtl_selectXTALSingleEnded</name>
         <value>0xa14b</value>
         <object_component_ref idref="oc-429"/>
      </symbol>
      <symbol id="sm-5b7">
         <name>SysCtl_selectXTAL</name>
         <value>0x9cce</value>
         <object_component_ref idref="oc-423"/>
      </symbol>
      <symbol id="sm-5b8">
         <name>SysCtl_selectOscSource</name>
         <value>0x9851</value>
         <object_component_ref idref="oc-32f"/>
      </symbol>
      <symbol id="sm-5b9">
         <name>SysCtl_getLowSpeedClock</name>
         <value>0xa486</value>
         <object_component_ref idref="oc-1b3"/>
      </symbol>
      <symbol id="sm-5ba">
         <name>SysCtl_setClock</name>
         <value>0x9000</value>
         <object_component_ref idref="oc-1a0"/>
      </symbol>
      <symbol id="sm-5bb">
         <name>SysCtl_getClock</name>
         <value>0x9552</value>
         <object_component_ref idref="oc-1ac"/>
      </symbol>
      <symbol id="sm-5ca">
         <name>sprintf</name>
         <value>0x9e98</value>
         <object_component_ref idref="oc-147"/>
      </symbol>
      <symbol id="sm-5db">
         <name>sqrtf</name>
         <value>0xa124</value>
         <object_component_ref idref="oc-128"/>
      </symbol>
      <symbol id="sm-5e5">
         <name>_c_int00</name>
         <value>0xa601</value>
         <object_component_ref idref="oc-181"/>
      </symbol>
      <symbol id="sm-5e6">
         <name>__stack</name>
         <value>0x400</value>
         <object_component_ref idref="oc-6d"/>
      </symbol>
      <symbol id="sm-5f3">
         <name>__c28xabi_divf</name>
         <value>0x9355</value>
         <object_component_ref idref="oc-123"/>
      </symbol>
      <symbol id="sm-5fd">
         <name>__c28xabi_cmpll</name>
         <value>0xa332</value>
         <object_component_ref idref="oc-4b4"/>
      </symbol>
      <symbol id="sm-5fe">
         <name>__c28xabi_cmpull</name>
         <value>0xa344</value>
         <object_component_ref idref="oc-4b4"/>
      </symbol>
      <symbol id="sm-610">
         <name>memcpy</name>
         <value>0xa3e1</value>
         <object_component_ref idref="oc-70"/>
      </symbol>
      <symbol id="sm-61d">
         <name>_system_pre_init</name>
         <value>0x1c3</value>
         <object_component_ref idref="oc-311"/>
      </symbol>
      <symbol id="sm-62c">
         <name>__TI_auto_init_nobinit_nopinit</name>
         <value>0xa000</value>
         <object_component_ref idref="oc-3e8"/>
      </symbol>
      <symbol id="sm-63a">
         <name>__TI_decompress_none</name>
         <value>0x8ff8</value>
         <object_component_ref idref="oc-19"/>
      </symbol>
      <symbol id="sm-64e">
         <name>__TI_decompress_lzss</name>
         <value>0x9f8b</value>
         <object_component_ref idref="oc-13"/>
      </symbol>
      <symbol id="sm-664">
         <name>C$$EXIT</name>
         <value>0xa0aa</value>
         <object_component_ref idref="oc-31e"/>
      </symbol>
      <symbol id="sm-665">
         <name>abort</name>
         <value>0xa0aa</value>
         <object_component_ref idref="oc-31e"/>
      </symbol>
      <symbol id="sm-666">
         <name>exit</name>
         <value>0xa0ac</value>
         <object_component_ref idref="oc-31e"/>
      </symbol>
      <symbol id="sm-667">
         <name>__TI_dtors_ptr</name>
         <value>0xad3a</value>
         <object_component_ref idref="oc-41a"/>
      </symbol>
      <symbol id="sm-668">
         <name>__TI_cleanup_ptr</name>
         <value>0xad38</value>
         <object_component_ref idref="oc-41a"/>
      </symbol>
      <symbol id="sm-669">
         <name>__TI_enable_exit_profile_output</name>
         <value>0xad36</value>
         <object_component_ref idref="oc-41a"/>
      </symbol>
      <symbol id="sm-680">
         <name>_nop</name>
         <value>0x184</value>
         <object_component_ref idref="oc-4ef"/>
      </symbol>
      <symbol id="sm-681">
         <name>_lock</name>
         <value>0xad3c</value>
         <object_component_ref idref="oc-41d"/>
      </symbol>
      <symbol id="sm-682">
         <name>_unlock</name>
         <value>0xad3e</value>
         <object_component_ref idref="oc-57d"/>
      </symbol>
      <symbol id="sm-683">
         <name>_register_lock</name>
         <value>0x180</value>
         <object_component_ref idref="oc-4ef"/>
      </symbol>
      <symbol id="sm-684">
         <name>_register_unlock</name>
         <value>0x17c</value>
         <object_component_ref idref="oc-4ef"/>
      </symbol>
      <symbol id="sm-693">
         <name>_args_main</name>
         <value>0x126</value>
         <object_component_ref idref="oc-318"/>
      </symbol>
      <symbol id="sm-6a2">
         <name>memset</name>
         <value>0x1ac</value>
         <object_component_ref idref="oc-17a"/>
      </symbol>
      <symbol id="sm-6ad">
         <name>errno</name>
         <value>0xad5a</value>
         <object_component_ref idref="oc-2ce"/>
      </symbol>
      <symbol id="sm-815">
         <name>__TI_printfi</name>
         <value>0x8c8f</value>
         <object_component_ref idref="oc-3d0"/>
      </symbol>
      <symbol id="sm-824">
         <name>wcslen</name>
         <value>0x154</value>
         <object_component_ref idref="oc-4c3"/>
      </symbol>
      <symbol id="sm-830">
         <name>__c28xabi_cmpd</name>
         <value>0xa056</value>
         <object_component_ref idref="oc-530"/>
      </symbol>
      <symbol id="sm-83e">
         <name>__c28xabi_mpyd</name>
         <value>0x93dd</value>
         <object_component_ref idref="oc-53f"/>
      </symbol>
      <symbol id="sm-847">
         <name>__c28xabi_negd</name>
         <value>0x185</value>
         <object_component_ref idref="oc-535"/>
      </symbol>
      <symbol id="sm-84f">
         <name>__c28xabi_subd</name>
         <value>0xf1</value>
         <object_component_ref idref="oc-554"/>
      </symbol>
      <symbol id="sm-85a">
         <name>__c28xabi_dtoi</name>
         <value>0xa1fc</value>
         <object_component_ref idref="oc-559"/>
      </symbol>
      <symbol id="sm-865">
         <name>__c28xabi_dtol</name>
         <value>0xa29b</value>
         <object_component_ref idref="oc-544"/>
      </symbol>
      <symbol id="sm-86d">
         <name>__c28xabi_orll</name>
         <value>0xa539</value>
         <object_component_ref idref="oc-4be"/>
      </symbol>
      <symbol id="sm-86e">
         <name>__c28xabi_xorll</name>
         <value>0xa541</value>
         <object_component_ref idref="oc-4be"/>
      </symbol>
      <symbol id="sm-86f">
         <name>__c28xabi_andll</name>
         <value>0xa531</value>
         <object_component_ref idref="oc-4be"/>
      </symbol>
      <symbol id="sm-896">
         <name>__c28xabi_modull</name>
         <value>0x8767</value>
         <object_component_ref idref="oc-4b9"/>
      </symbol>
      <symbol id="sm-897">
         <name>__c28xabi_divull</name>
         <value>0x8738</value>
         <object_component_ref idref="oc-4b9"/>
      </symbol>
      <symbol id="sm-898">
         <name>__c28xabi_divll</name>
         <value>0x86c2</value>
         <object_component_ref idref="oc-4b9"/>
      </symbol>
      <symbol id="sm-899">
         <name>__c28xabi_modll</name>
         <value>0x86fe</value>
         <object_component_ref idref="oc-4b9"/>
      </symbol>
      <symbol id="sm-8a5">
         <name>__c28xabi_itod</name>
         <value>0xa3c4</value>
         <object_component_ref idref="oc-56a"/>
      </symbol>
      <symbol id="sm-8b1">
         <name>__c28xabi_ltod</name>
         <value>0xa436</value>
         <object_component_ref idref="oc-54f"/>
      </symbol>
      <symbol id="sm-8c4">
         <name>__c28xabi_divd</name>
         <value>0x92ca</value>
         <object_component_ref idref="oc-53a"/>
      </symbol>
      <symbol id="sm-8d2">
         <name>_system_post_cinit</name>
         <value>0x1c6</value>
         <object_component_ref idref="oc-4d5"/>
      </symbol>
      <symbol id="sm-8e1">
         <name>__TI_ltoa</name>
         <value>0x9f2c</value>
         <object_component_ref idref="oc-549"/>
      </symbol>
      <symbol id="sm-8f6">
         <name>atoi</name>
         <value>0x9efb</value>
         <object_component_ref idref="oc-4ae"/>
      </symbol>
      <symbol id="sm-901">
         <name>_ctypes_</name>
         <value>0xa910</value>
         <object_component_ref idref="oc-525"/>
      </symbol>
      <symbol id="sm-911">
         <name>memccpy</name>
         <value>0xb4</value>
         <object_component_ref idref="oc-4a6"/>
      </symbol>
      <symbol id="sm-921">
         <name>strchr</name>
         <value>0x132</value>
         <object_component_ref idref="oc-56f"/>
      </symbol>
      <symbol id="sm-92f">
         <name>strcpy</name>
         <value>0x1be</value>
         <object_component_ref idref="oc-4a0"/>
      </symbol>
      <symbol id="sm-93d">
         <name>strlen</name>
         <value>0x196</value>
         <object_component_ref idref="oc-49a"/>
      </symbol>
      <symbol id="sm-954">
         <name>frexpl</name>
         <value>0x95b0</value>
         <object_component_ref idref="oc-55e"/>
      </symbol>
      <symbol id="sm-955">
         <name>frexp</name>
         <value>0x95b0</value>
         <object_component_ref idref="oc-55e"/>
      </symbol>
      <symbol id="sm-977">
         <name>scalbn</name>
         <value>0x9185</value>
         <object_component_ref idref="oc-564"/>
      </symbol>
      <symbol id="sm-978">
         <name>scalbnl</name>
         <value>0x9185</value>
         <object_component_ref idref="oc-564"/>
      </symbol>
      <symbol id="sm-979">
         <name>ldexpl</name>
         <value>0x9185</value>
         <object_component_ref idref="oc-564"/>
      </symbol>
      <symbol id="sm-97a">
         <name>ldexp</name>
         <value>0x9185</value>
         <object_component_ref idref="oc-564"/>
      </symbol>
      <symbol id="sm-988">
         <name>copysign</name>
         <value>0xa194</value>
         <object_component_ref idref="oc-5b5"/>
      </symbol>
      <symbol id="sm-989">
         <name>copysignl</name>
         <value>0xa194</value>
         <object_component_ref idref="oc-5b5"/>
      </symbol>
      <symbol id="sm-9a0">
         <name>__c28xabi_addd</name>
         <value>0x922e</value>
         <object_component_ref idref="oc-5a6"/>
      </symbol>
      <symbol id="sm-9a8">
         <name>__c28xabi_divul</name>
         <value>0xa09d</value>
         <object_component_ref idref="oc-59e"/>
      </symbol>
      <symbol id="sm-9a9">
         <name>__c28xabi_modul</name>
         <value>0xa0a4</value>
         <object_component_ref idref="oc-59e"/>
      </symbol>
      <symbol id="sm-9aa">
         <name>__c28xabi_modl</name>
         <value>0xa08f</value>
         <object_component_ref idref="oc-59e"/>
      </symbol>
      <symbol id="sm-9ab">
         <name>__c28xabi_divl</name>
         <value>0xa080</value>
         <object_component_ref idref="oc-59e"/>
      </symbol>
      <symbol id="sm-9ad">
         <name>__c_args__</name>
         <value>0x0</value>
      </symbol>
   </symbol_table>
   <title>Link errors: red sections failed placement,available memory ranges in purple</title>
</link_info>
