******************************************************************************
             TMS320C2000 Linker PC v22.6.3                     
******************************************************************************
>> Linked Tue Feb 24 15:34:46 2026

OUTPUT FILE NAME:   <three_phase_triac_drive.out>
ENTRY POINT SYMBOL: "code_start"  address: 00080000


MEMORY CONFIGURATION

         name            origin    length      used     unused   attr    fill
----------------------  --------  ---------  --------  --------  ----  --------
PAGE 0:
  RAMM0                 000000f6   0000030a  00000000  0000030a  RWIX
  RAMLS0                00008000   00000800  00000129  000006d7  RWIX
  RAMLS1                00008800   00000800  00000000  00000800  RWIX
  RAMLS2                00009000   00000800  00000000  00000800  RWIX
  RAMLS3                00009800   00000800  00000000  00000800  RWIX
  RAMLS4                0000a000   00000800  00000000  00000800  RWIX
  BEGIN                 00080000   00000002  00000002  00000000  RWIX
  FLASH_BANK0_SEC0      00080002   00000ffe  00000000  00000ffe  RWIX
  FLASH_BANK0_SEC1      00081000   00001000  00000143  00000ebd  RWIX
  FLASH_BANK0_SEC2      00082000   00001000  00001000  00000000  RWIX
  FLASH_BANK0_SEC3      00083000   00001000  00001000  00000000  RWIX
  FLASH_BANK0_SEC4      00084000   00001000  000005ea  00000a16  RWIX
  FLASH_BANK0_SEC5      00085000   00001000  00000a91  0000056f  RWIX
  FLASH_BANK0_SEC6      00086000   00001000  00000000  00001000  RWIX
  FLASH_BANK0_SEC7      00087000   00001000  00000000  00001000  RWIX
  FLASH_BANK0_SEC8      00088000   00001000  00000000  00001000  RWIX
  FLASH_BANK0_SEC9      00089000   00001000  00000000  00001000  RWIX
  FLASH_BANK0_SEC10     0008a000   00001000  00000000  00001000  RWIX
  FLASH_BANK0_SEC11     0008b000   00001000  00000000  00001000  RWIX
  FLASH_BANK0_SEC12     0008c000   00001000  00000000  00001000  RWIX
  FLASH_BANK0_SEC13     0008d000   00001000  00000000  00001000  RWIX
  FLASH_BANK0_SEC14     0008e000   00001000  00000000  00001000  RWIX
  FLASH_BANK0_SEC15     0008f000   00001000  00000000  00001000  RWIX
  FLASH_BANK1_SEC0      00090000   00001000  00000000  00001000  RWIX
  FLASH_BANK1_SEC1      00091000   00001000  00000000  00001000  RWIX
  FLASH_BANK1_SEC2      00092000   00001000  00000000  00001000  RWIX
  FLASH_BANK1_SEC3      00093000   00001000  00000000  00001000  RWIX
  FLASH_BANK1_SEC4      00094000   00001000  00000000  00001000  RWIX
  FLASH_BANK1_SEC5      00095000   00001000  00000000  00001000  RWIX
  FLASH_BANK1_SEC6      00096000   00001000  00000000  00001000  RWIX
  FLASH_BANK1_SEC7      00097000   00001000  00000000  00001000  RWIX
  FLASH_BANK1_SEC8      00098000   00001000  00000000  00001000  RWIX
  FLASH_BANK1_SEC9      00099000   00001000  00000000  00001000  RWIX
  FLASH_BANK1_SEC10     0009a000   00001000  00000000  00001000  RWIX
  FLASH_BANK1_SEC11     0009b000   00001000  00000000  00001000  RWIX
  FLASH_BANK1_SEC12     0009c000   00001000  00000000  00001000  RWIX
  FLASH_BANK1_SEC13     0009d000   00001000  00000000  00001000  RWIX
  FLASH_BANK1_SEC14     0009e000   00001000  00000000  00001000  RWIX
  FLASH_BANK1_SEC15     0009f000   00000ff0  00000000  00000ff0  RWIX
  RESET                 003fffc0   00000002  00000000  00000002  RWIX

PAGE 1:
  BOOT_RSVD             00000002   000000f1  00000000  000000f1  RWIX
  RAMM1                 00000400   000003f8  000003f8  00000000  RWIX
  RAMLS5                0000a800   00000800  00000027  000007d9  RWIX
  RAMLS6                0000b000   00000800  00000000  00000800  RWIX
  RAMLS7                0000b800   00000800  00000000  00000800  RWIX
  RAMGS0                0000c000   00002000  00000000  00002000  RWIX
  RAMGS1                0000e000   00002000  00000000  00002000  RWIX
  RAMGS2                00010000   00002000  00000000  00002000  RWIX
  RAMGS3                00012000   00001ff8  00000000  00001ff8  RWIX


SECTION ALLOCATION MAP

 output                                  attributes/
section   page    origin      length       input sections
--------  ----  ----------  ----------   ----------------
codestart 
*          0    00080000    00000002     
                  00080000    00000002     f28004x_codestartbranch.obj (codestart)

.cinit     0    0008112c    0000001a     
                  0008112c    00000011     (.cinit..data.load) [load image, compression = lzss]
                  0008113d    00000001     --HOLE-- [fill = 0]
                  0008113e    00000004     (__TI_handler_table)
                  00081142    00000004     (__TI_cinit_table)

.reset     0    003fffc0    00000000     DSECT

.stack     1    00000400    000003f8     UNINITIALIZED
                  00000400    000003f8     --HOLE--

.init_array 
*          0    00081000    00000000     UNINITIALIZED

.data      1    0000a800    00000027     UNINITIALIZED
                  0000a800    0000001c     three_phase_triac.obj (.data)
                  0000a81c    00000006     rts2800_fpu32_eabi.lib : exit.c.obj (.data)
                  0000a822    00000002                            : _lock.c.obj (.data:_lock)
                  0000a824    00000002                            : _lock.c.obj (.data:_unlock)
                  0000a826    00000001                            : errno.c.obj (.data)

.const     0    00084000    000005ea     
                  00084000    00000128     three_phase_triac.obj (.const:.string)
                  00084128    00000101     rts2800_fpu32_eabi.lib : ctype.c.obj (.const:.string:_ctypes_)
                  00084229    00000001     --HOLE-- [fill = 0]
                  0008422a    0000009b     driverlib_eabi.lib : flash.obj (.const:.string)
                  000842c5    00000001     --HOLE-- [fill = 0]
                  000842c6    0000009a                        : sysctl.obj (.const:.string)
                  00084360    00000098                        : gpio.obj (.const:.string)
                  000843f8    00000097                        : sci.obj (.const:.string)
                  0008448f    00000001     --HOLE-- [fill = 0]
                  00084490    00000053     device.obj (.const:.string)
                  000844e3    00000001     --HOLE-- [fill = 0]
                  000844e4    00000051     driverlib_eabi.lib : interrupt.obj (.const:.string)
                  00084535    00000001     --HOLE-- [fill = 0]
                  00084536    0000004b                        : adc.obj (.const:.string)
                  00084581    00000001     --HOLE-- [fill = 0]
                  00084582    00000026     rts2800_fpu32_eabi.lib : _printfi.c.obj (.const:.string)
                  000845a8    0000001c                            : _printfi.c.obj (.const)
                  000845c4    0000001c                            : s_scalbn.c.obj (.const)
                  000845e0    00000008                            : s_frexp.c.obj (.const)
                  000845e8    00000002     three_phase_triac.obj (.const)

.TI.ramfunc 
*          0    00081000    00000129     RUN ADDR = 00008000
                  00081000    00000044     driverlib_eabi.lib : flash.obj (.TI.ramfunc:Flash_initModule)
                  00081044    0000002c                        : flash.obj (.TI.ramfunc:Flash_setBankPowerMode)
                  00081070    00000024                        : flash.obj (.TI.ramfunc:Flash_setWaitstates)
                  00081094    0000001d                        : flash.obj (.TI.ramfunc:Flash_setPumpPowerMode)
                  000810b1    00000018                        : flash.obj (.TI.ramfunc:Flash_disableCache)
                  000810c9    00000018                        : flash.obj (.TI.ramfunc:Flash_disablePrefetch)
                  000810e1    00000017                        : flash.obj (.TI.ramfunc:Flash_enableCache)
                  000810f8    00000017                        : flash.obj (.TI.ramfunc:Flash_enablePrefetch)
                  0008110f    00000016                        : flash.obj (.TI.ramfunc:Flash_enableECC)
                  00081125    00000004                        : sysctl.obj (.TI.ramfunc)

.text.1    0    00082000    00001000     
                  00082000    000006c2     rts2800_fpu32_eabi.lib : _printfi.c.obj (.text)
                  000826c2    00000614                            : _printfi.c.obj (.text:__TI_printfi)
                  00082cd6    000001a7     three_phase_triac.obj (.text:main)
                  00082e7d    00000107     rts2800_fpu32_eabi.lib : ll_div28.asm.obj (.text)
                  00082f84    00000073     driverlib_eabi.lib : sysctl.obj (.text:DCC_setCounterSeeds)
                  00082ff7    00000009     three_phase_triac.obj (.text:GPIO_enableInterrupt)

.text.2    0    00083000    00001000     
                  00083000    000000e0     device.obj (.text:Device_enableAllPeripherals)
                  000830e0    000000c8     driverlib_eabi.lib : sysctl.obj (.text:SysCtl_setClock)
                  000831a8    000000bd                        : sysctl.obj (.text:SysCtl_isPLLValid)
                  00083265    000000a9     rts2800_fpu32_eabi.lib : s_scalbn.c.obj (.text)
                  0008330e    0000009c                            : fd_add28.asm.obj (.text)
                  000833aa    0000008b                            : fd_div28.asm.obj (.text)
                  00083435    00000088                            : fs_div28.asm.obj (.text)
                  000834bd    00000083                            : fd_mpy28.asm.obj (.text)
                  00083540    0000007f     driverlib_eabi.lib : interrupt.obj (.text:Interrupt_clearIFR)
                  000835bf    00000062     device.obj (.text:Device_init)
                  00083621    0000005e     driverlib_eabi.lib : sysctl.obj (.text:SysCtl_getClock)
                  0008367f    0000005a     rts2800_fpu32_eabi.lib : s_frexp.c.obj (.text)
                  000836d9    00000057     three_phase_triac.obj (.text:epwmSchedulerISR_B)
                  00083730    00000057     three_phase_triac.obj (.text:epwmSchedulerISR_R)
                  00083787    00000057     three_phase_triac.obj (.text:epwmSchedulerISR_Y)
                  000837de    00000055     three_phase_triac.obj (.text:cpuTimer2_ISR)
                  00083833    00000052     driverlib_eabi.lib : gpio.obj (.text:GPIO_setPadConfig)
                  00083885    00000051     three_phase_triac.obj (.text:initSCIA)
                  000838d6    0000004e     driverlib_eabi.lib : interrupt.obj (.text:Interrupt_disable)
                  00083924    0000004d                        : sysctl.obj (.text:SysCtl_selectOscSource)
                  00083971    0000004c                        : adc.obj (.text:ADC_setVREF)
                  000839bd    0000004b     three_phase_triac.obj (.text:EPWM_setInterruptSource)
                  00083a08    0000004b     three_phase_triac.obj (.text:initEPWM1_R)
                  00083a53    0000004b     three_phase_triac.obj (.text:initEPWM2_Y)
                  00083a9e    0000004b     three_phase_triac.obj (.text:initEPWM3_B)
                  00083ae9    00000049     three_phase_triac.obj (.text:xint3_ISR_B)
                  00083b32    00000048     three_phase_triac.obj (.text:xint1_ISR_R)
                  00083b7a    00000048     three_phase_triac.obj (.text:xint2_ISR_Y)
                  00083bc2    00000046     three_phase_triac.obj (.text:ADC_setupSOC)
                  00083c08    00000045     driverlib_eabi.lib : sysctl.obj (.text:SysCtl_pollX1Counter)
                  00083c4d    00000043     three_phase_triac.obj (.text:initepwm_scheduler_B)
                  00083c90    00000043     three_phase_triac.obj (.text:initepwm_scheduler_R)
                  00083cd3    00000043     three_phase_triac.obj (.text:initepwm_scheduler_Y)
                  00083d16    00000040     three_phase_triac.obj (.text:EPWM_setActionQualifierAction)
                  00083d56    00000040     driverlib_eabi.lib : sysctl.obj (.text:SysCtl_selectXTAL)
                  00083d96    0000003e                        : sci.obj (.text:SCI_setConfig)
                  00083dd4    0000003d                        : interrupt.obj (.text:Interrupt_initModule)
                  00083e11    0000003a                        : gpio.obj (.text:GPIO_setAnalogMode)
                  00083e4b    00000037                        : gpio.obj (.text:GPIO_setPinConfig)
                  00083e82    00000037                        : gpio.obj (.text:GPIO_setQualificationMode)
                  00083eb9    00000037                        : interrupt.obj (.text:Interrupt_enable)
                  00083ef0    00000034                        : gpio.obj (.text:GPIO_setInterruptPin)
                  00083f24    00000033     three_phase_triac.obj (.text:initADC)
                  00083f57    00000032     rts2800_fpu32_eabi.lib : sprintf.c.obj (.text)
                  00083f89    00000031     driverlib_eabi.lib : gpio.obj (.text:GPIO_setDirectionMode)
                  00083fba    00000031     rts2800_fpu32_eabi.lib : atoi.c.obj (.text)
                  00083feb    00000015     three_phase_triac.obj (.text:CPUTimer_enableInterrupt)

.text.3    0    00085000    00000a91     
                  00085000    00000030     rts2800_fpu32_eabi.lib : _ltoa.c.obj (.text)
                  00085030    0000002f     three_phase_triac.obj (.text:ADC_setInterruptSource)
                  0008505f    0000002e     rts2800_fpu32_eabi.lib : copy_decompress_lzss.c.obj (.text:decompress:lzss)
                  0008508d    0000002b     three_phase_triac.obj (.text:EPWM_isBaseValid)
                  000850b8    0000002b     rts2800_fpu32_eabi.lib : autoinit.c.obj (.text:__TI_auto_init_nobinit_nopinit)
                  000850e3    0000002b     three_phase_triac.obj (.text:initSamplingTimer)
                  0008510e    0000002a     rts2800_fpu32_eabi.lib : fd_cmp28.asm.obj (.text)
                  00085138    0000002a                            : l_div28.asm.obj (.text)
                  00085162    00000029                            : exit.c.obj (.text)
                  0008518b    00000028     driverlib_eabi.lib : adc.obj (.text:ADC_setOffsetTrimAll)
                  000851b3    00000028     three_phase_triac.obj (.text:EPWM_setInterruptEventCount)
                  000851db    00000001     c2000ware_libraries.obj (.text:C2000Ware_libraries_init)
                  000851dc    00000027     rts2800_fpu32_eabi.lib : e_sqrtf.c.obj (.text)
                  00085203    00000025     driverlib_eabi.lib : sysctl.obj (.text:SysCtl_selectXTALSingleEnded)
                  00085228    00000024                        : sysctl.obj (.text:DCC_enableSingleShotMode)
                  0008524c    00000024     rts2800_fpu32_eabi.lib : s_copysign.c.obj (.text)
                  00085270    00000022     three_phase_triac.obj (.text:EPWM_setCounterCompareValue)
                  00085292    00000022     three_phase_triac.obj (.text:EPWM_setTripZoneAction)
                  000852b4    00000021     rts2800_fpu32_eabi.lib : fd_toi28.asm.obj (.text)
                  000852d5    00000020     three_phase_triac.obj (.text:ADC_enableInterrupt)
                  000852f5    00000020     driverlib_eabi.lib : gpio.obj (.text:XBAR_setInputPin)
                  00085315    0000001f     three_phase_triac.obj (.text:EPWM_clearTripZoneFlag)
                  00085334    0000001f     three_phase_triac.obj (.text:EPWM_forceTripZoneEvent)
                  00085353    0000001f     rts2800_fpu32_eabi.lib : fd_tol28.asm.obj (.text)
                  00085372    0000001e     driverlib_eabi.lib : sysctl.obj (.text:DCC_setCounter1ClkSource)
                  00085390    0000001e     three_phase_triac.obj (.text:EPWM_setPhaseShift)
                  000853ae    0000001e     driverlib_eabi.lib : interrupt.obj (.text:Interrupt_initVectorTable)
                  000853cc    0000001e     three_phase_triac.obj (.text:initZVC_R)
                  000853ea    0000001e     rts2800_fpu32_eabi.lib : ll_cmp28.asm.obj (.text)
                  00085408    0000001d     three_phase_triac.obj (.text:ADC_getInterruptStatus)
                  00085425    0000001d     three_phase_triac.obj (.text:SCI_enableFIFO)
                  00085442    0000001d     three_phase_triac.obj (.text:initZVC_B)
                  0008545f    0000001d     three_phase_triac.obj (.text:initZVC_Y)
                  0008547c    0000001d     rts2800_fpu32_eabi.lib : i_tofd28.asm.obj (.text)
                  00085499    0000001d                            : memcpy.c.obj (.text)
                  000854b6    0000001c     driverlib_eabi.lib : sysctl.obj (.text:DCC_setCounter0ClkSource)
                  000854d2    0000001c     three_phase_triac.obj (.text:EPWM_setClockPrescaler)
                  000854ee    0000001c     three_phase_triac.obj (.text:readADC)
                  0008550a    0000001c     rts2800_fpu32_eabi.lib : l_tofd28.asm.obj (.text)
                  00085526    0000001a     three_phase_triac.obj (.text:ADC_readResult)
                  00085540    0000001a     three_phase_triac.obj (.text:CPUTimer_startTimer)
                  0008555a    0000001a     driverlib_eabi.lib : sysctl.obj (.text:SysCtl_getLowSpeedClock)
                  00085574    00000019     three_phase_triac.obj (.text:SCI_writeCharBlockingFIFO)
                  0008558d    00000018     driverlib_eabi.lib : sci.obj (.text:SCI_disableModule)
                  000855a5    00000018     three_phase_triac.obj (.text:SCI_resetChannels)
                  000855bd    00000018     three_phase_triac.obj (.text:SCI_resetRxFIFO)
                  000855d5    00000018     three_phase_triac.obj (.text:SCI_resetTxFIFO)
                  000855ed    00000018     three_phase_triac.obj (.text:SysCtl_disablePeripheral)
                  00085605    00000018     rts2800_fpu32_eabi.lib : ll_aox28.asm.obj (.text)
                  0008561d    00000017     three_phase_triac.obj (.text:ADC_forceSOC)
                  00085634    00000017     driverlib_eabi.lib : adc.obj (.text:ADC_isBaseValid)
                  0008564b    00000017     three_phase_triac.obj (.text:ADC_isBaseValid)
                  00085662    00000017     three_phase_triac.obj (.text:CPUTimer_isBaseValid)
                  00085679    00000017     three_phase_triac.obj (.text:CPUTimer_setPreScaler)
                  00085690    00000017     device.obj (.text:SysCtl_enablePeripheral)
                  000856a7    00000017     driverlib_eabi.lib : sysctl.obj (.text:SysCtl_enablePeripheral)
                  000856be    00000017     three_phase_triac.obj (.text:SysCtl_enablePeripheral)
                  000856d5    00000017     rts2800_fpu32_eabi.lib : boot28.asm.obj (.text)
                  000856ec    00000016     three_phase_triac.obj (.text:ADC_setPrescaler)
                  00085702    00000016     driverlib_eabi.lib : sysctl.obj (.text:DCC_disableDoneSignal)
                  00085718    00000016                        : sysctl.obj (.text:DCC_enableDoneSignal)
                  0008572e    00000016                        : interrupt.obj (.text:Interrupt_defaultHandler)
                  00085744    00000015                        : sysctl.obj (.text:DCC_clearDoneFlag)
                  00085759    00000015                        : sysctl.obj (.text:DCC_clearErrorFlag)
                  0008576e    00000015                        : sysctl.obj (.text:DCC_disableErrorSignal)
                  00085783    00000015                        : sysctl.obj (.text:DCC_enableErrorSignal)
                  00085798    00000015     device.obj (.text:GPIO_unlockPortConfig)
                  000857ad    00000014     three_phase_triac.obj (.text:ADC_clearInterruptStatus)
                  000857c1    00000014     three_phase_triac.obj (.text:CPUTimer_reloadTimerCounter)
                  000857d5    00000014     three_phase_triac.obj (.text:CPUTimer_stopTimer)
                  000857e9    00000014     driverlib_eabi.lib : sysctl.obj (.text:DCC_disableModule)
                  000857fd    00000014                        : sysctl.obj (.text:DCC_enableModule)
                  00085811    00000014     three_phase_triac.obj (.text:EPWM_setTimeBaseCounterMode)
                  00085825    00000014     three_phase_triac.obj (.text:EPWM_setTimeBasePeriod)
                  00085839    00000014     driverlib_eabi.lib : gpio.obj (.text:GPIO_isPinValid)
                  0008584d    00000014     three_phase_triac.obj (.text:SCI_getTxFIFOStatus)
                  00085861    00000013     three_phase_triac.obj (.text:ADC_enableConverter)
                  00085874    00000013     three_phase_triac.obj (.text:EPWM_clearEventTriggerInterruptFlag)
                  00085887    00000013     three_phase_triac.obj (.text:EPWM_enableInterrupt)
                  0008589a    00000013     driverlib_eabi.lib : sci.obj (.text:SCI_enableModule)
                  000858ad    00000013     three_phase_triac.obj (.text:SCI_enableModule)
                  000858c0    00000013     three_phase_triac.obj (.text:SCI_enableRxModule)
                  000858d3    00000013     three_phase_triac.obj (.text:SCI_enableTxModule)
                  000858e6    00000013     driverlib_eabi.lib : sci.obj (.text:SCI_isBaseValid)
                  000858f9    00000013     three_phase_triac.obj (.text:SCI_isBaseValid)
                  0008590c    00000012     three_phase_triac.obj (.text:EPWM_setTimeBaseCounter)
                  0008591e    00000011     three_phase_triac.obj (.text:CPUTimer_setPeriod)
                  0008592f    00000010     driverlib_eabi.lib : sysctl.obj (.text:DCC_isBaseValid)
                  0008593f    00000010     device.obj (.text:Device_initGPIO)
                  0008594f    00000010     driverlib_eabi.lib : flash.obj (.text:Flash_isCtrlBaseValid)
                  0008595f    00000010                        : flash.obj (.text:Flash_isECCBaseValid)
                  0008596f    00000010     three_phase_triac.obj (.text:GPIO_setInterruptType)
                  0008597f    00000010     rts2800_fpu32_eabi.lib : memccpy.c.obj (.text)
                  0008598f    0000000f     device.obj (.text:ASysCtl_disableDCDC)
                  0008599e    0000000f     three_phase_triac.obj (.text:Interrupt_register)
                  000859ad    0000000f     three_phase_triac.obj (.text:sendSCIText)
                  000859bc    0000000e     rts2800_fpu32_eabi.lib : fd_sub28.asm.obj (.text)
                  000859ca    0000000d     driverlib_eabi.lib : interrupt.obj (.text:Interrupt_disableGlobal)
                  000859d7    0000000d                        : interrupt.obj (.text:Interrupt_enableGlobal)
                  000859e4    0000000d     device.obj (.text:SysCtl_setLowSpeedClock)
                  000859f1    0000000c     rts2800_fpu32_eabi.lib : args_main.c.obj (.text)
                  000859fd    0000000c                            : strchr.c.obj (.text)
                  00085a09    0000000b     device.obj (.text:SysCtl_disableWatchdog)
                  00085a14    0000000b     driverlib_eabi.lib : sysctl.obj (.text:SysCtl_isMCDClockFailureDetected)
                  00085a1f    0000000b     rts2800_fpu32_eabi.lib : wcslen.c.obj (.text)
                  00085a2a    0000000a     driverlib_eabi.lib : interrupt.obj (.text:Interrupt_illegalOperationHandler)
                  00085a34    0000000a                        : interrupt.obj (.text:Interrupt_nmiHandler)
                  00085a3e    00000009     rts2800_fpu32_eabi.lib : _lock.c.obj (.text)
                  00085a47    00000009                            : fd_neg28.asm.obj (.text)
                  00085a50    00000008                            : copy_decompress_none.c.obj (.text:decompress:none)
                  00085a58    00000008     f28004x_codestartbranch.obj (.text)
                  00085a60    00000008     rts2800_fpu32_eabi.lib : strlen.c.obj (.text)
                  00085a68    00000007     driverlib_eabi.lib : sysctl.obj (.text:SysCtl_resetMCD)
                  00085a6f    00000007     device.obj (.text:__error__)
                  00085a76    00000007     rts2800_fpu32_eabi.lib : memset.c.obj (.text)
                  00085a7d    00000006     three_phase_triac.obj (.text:Interrupt_clearACKGroup)
                  00085a83    00000005     board.obj (.text:Board_init)
                  00085a88    00000005     rts2800_fpu32_eabi.lib : strcpy.c.obj (.text)
                  00085a8d    00000002                            : pre_init.c.obj (.text)
                  00085a8f    00000001     board.obj (.text:PinMux_init)
                  00085a90    00000001     rts2800_fpu32_eabi.lib : startup.c.obj (.text)

MODULE SUMMARY

       Module                        code    ro data   rw data
       ------                        ----    -------   -------
    .\
       three_phase_triac.obj         3000    298       28     
    +--+-----------------------------+-------+---------+---------+
       Total:                        3000    298       28     
                                                              
    .\device\
       device.obj                    428     83        0      
       f28004x_codestartbranch.obj   10      0         0      
    +--+-----------------------------+-------+---------+---------+
       Total:                        438     83        0      
                                                              
    .\syscfg\
       board.obj                     6       0         0      
       c2000ware_libraries.obj       1       0         0      
    +--+-----------------------------+-------+---------+---------+
       Total:                        7       0         0      
                                                              
    C:\ti\C2000Ware_6_00_01_00\driverlib\f28004x\driverlib\ccs\Debug\driverlib_eabi.lib
       sysctl.obj                    1198    154       0      
       flash.obj                     618     155       0      
       gpio.obj                      403     152       0      
       interrupt.obj                 419     81        0      
       sci.obj                       124     151       0      
       adc.obj                       139     75        0      
    +--+-----------------------------+-------+---------+---------+
       Total:                        2901    768       0      
                                                              
    C:\ti\ccs2041\ccs\tools\compiler\ti-cgt-c2000_22.6.3.LTS\lib\rts2800_fpu32_eabi.lib
       _printfi.c.obj                3286    66        0      
       ll_div28.asm.obj              263     0         0      
       ctype.c.obj                   0       257       0      
       s_scalbn.c.obj                169     28        0      
       fd_add28.asm.obj              156     0         0      
       fd_div28.asm.obj              139     0         0      
       fs_div28.asm.obj              136     0         0      
       fd_mpy28.asm.obj              131     0         0      
       s_frexp.c.obj                 90      8         0      
       sprintf.c.obj                 50      0         0      
       atoi.c.obj                    49      0         0      
       _ltoa.c.obj                   48      0         0      
       exit.c.obj                    41      0         6      
       copy_decompress_lzss.c.obj    46      0         0      
       autoinit.c.obj                43      0         0      
       fd_cmp28.asm.obj              42      0         0      
       l_div28.asm.obj               42      0         0      
       e_sqrtf.c.obj                 39      0         0      
       s_copysign.c.obj              36      0         0      
       fd_toi28.asm.obj              33      0         0      
       fd_tol28.asm.obj              31      0         0      
       ll_cmp28.asm.obj              30      0         0      
       i_tofd28.asm.obj              29      0         0      
       memcpy.c.obj                  29      0         0      
       l_tofd28.asm.obj              28      0         0      
       ll_aox28.asm.obj              24      0         0      
       boot28.asm.obj                23      0         0      
       memccpy.c.obj                 16      0         0      
       fd_sub28.asm.obj              14      0         0      
       _lock.c.obj                   9       0         4      
       args_main.c.obj               12      0         0      
       strchr.c.obj                  12      0         0      
       wcslen.c.obj                  11      0         0      
       fd_neg28.asm.obj              9       0         0      
       copy_decompress_none.c.obj    8       0         0      
       strlen.c.obj                  8       0         0      
       memset.c.obj                  7       0         0      
       strcpy.c.obj                  5       0         0      
       pre_init.c.obj                2       0         0      
       errno.c.obj                   0       0         1      
       startup.c.obj                 1       0         0      
    +--+-----------------------------+-------+---------+---------+
       Total:                        5147    359       11     
                                                              
       Stack:                        0       0         1016   
       Linker Generated:             0       25        0      
    +--+-----------------------------+-------+---------+---------+
       Grand Total:                  11493   1533      1055   


LINKER GENERATED COPY TABLES

__TI_cinit_table @ 00081142 records: 1, size/record: 4, table size: 4
	.data: load addr=0008112c, load size=00000011 bytes, run addr=0000a800, run size=00000027 bytes, compression=lzss


LINKER GENERATED HANDLER TABLE

__TI_handler_table @ 0008113e records: 2, size/record: 2, table size: 4
	index: 0, handler: __TI_decompress_lzss
	index: 1, handler: __TI_decompress_none


GLOBAL DATA SYMBOLS: SORTED BY DATA PAGE

address     data page           name
--------    ----------------    ----
00000400      10 (00000400)     __stack

0000a800     2a0 (0000a800)     currentDuty
0000a801     2a0 (0000a800)     rms_flag
0000a802     2a0 (0000a800)     schedState_R
0000a803     2a0 (0000a800)     schedState_Y
0000a804     2a0 (0000a800)     schedState_B
0000a805     2a0 (0000a800)     raw_cal
0000a806     2a0 (0000a800)     sample_counter
0000a807     2a0 (0000a800)     data_ready_flag
0000a808     2a0 (0000a800)     flatline_counter
0000a80a     2a0 (0000a800)     FIRE_DELAY_R
0000a80c     2a0 (0000a800)     FIRE_WIDTH_R
0000a80e     2a0 (0000a800)     FIRE_DELAY_Y
0000a810     2a0 (0000a800)     FIRE_WIDTH_Y
0000a812     2a0 (0000a800)     FIRE_DELAY_B
0000a814     2a0 (0000a800)     FIRE_WIDTH_B
0000a816     2a0 (0000a800)     sum_squares_ac
0000a818     2a0 (0000a800)     final_rms
0000a81a     2a0 (0000a800)     temp_sum_squares
0000a81c     2a0 (0000a800)     __TI_enable_exit_profile_output
0000a81e     2a0 (0000a800)     __TI_cleanup_ptr
0000a820     2a0 (0000a800)     __TI_dtors_ptr
0000a822     2a0 (0000a800)     _lock
0000a824     2a0 (0000a800)     _unlock
0000a826     2a0 (0000a800)     errno

00084128    2104 (00084100)     _ctypes_

000845e8    2117 (000845c0)     VOLTS_PER_COUNT


GLOBAL SYMBOLS: SORTED ALPHABETICALLY BY Name 

page  address   name                             
----  -------   ----                             
0     0008518b  ADC_setOffsetTrimAll             
0     00083971  ADC_setVREF                      
0     00085a83  Board_init                       
0     00085162  C$$EXIT                          
0     000851db  C2000Ware_libraries_init         
0     00083000  Device_enableAllPeripherals      
0     000835bf  Device_init                      
0     0008593f  Device_initGPIO                  
1     0000a812  FIRE_DELAY_B                     
1     0000a80a  FIRE_DELAY_R                     
1     0000a80e  FIRE_DELAY_Y                     
1     0000a814  FIRE_WIDTH_B                     
1     0000a80c  FIRE_WIDTH_R                     
1     0000a810  FIRE_WIDTH_Y                     
0     00008000  Flash_initModule                 
0     00083e11  GPIO_setAnalogMode               
0     00083f89  GPIO_setDirectionMode            
0     00083ef0  GPIO_setInterruptPin             
0     00083833  GPIO_setPadConfig                
0     00083e4b  GPIO_setPinConfig                
0     00083e82  GPIO_setQualificationMode        
0     0008572e  Interrupt_defaultHandler         
0     000838d6  Interrupt_disable                
0     00083eb9  Interrupt_enable                 
0     00085a2a  Interrupt_illegalOperationHandler
0     00083dd4  Interrupt_initModule             
0     000853ae  Interrupt_initVectorTable        
0     00085a34  Interrupt_nmiHandler             
0     00085a8f  PinMux_init                      
0     00081129  RamfuncsLoadEnd                  
abs   00000129  RamfuncsLoadSize                 
0     00081000  RamfuncsLoadStart                
0     00008129  RamfuncsRunEnd                   
abs   00000129  RamfuncsRunSize                  
0     00008000  RamfuncsRunStart                 
0     00083d96  SCI_setConfig                    
0     00008125  SysCtl_delay                     
0     00083621  SysCtl_getClock                  
0     0008555a  SysCtl_getLowSpeedClock          
0     000831a8  SysCtl_isPLLValid                
0     00083924  SysCtl_selectOscSource           
0     00083d56  SysCtl_selectXTAL                
0     00085203  SysCtl_selectXTALSingleEnded     
0     000830e0  SysCtl_setClock                  
0     000845e8  VOLTS_PER_COUNT                  
0     00081142  __TI_CINIT_Base                  
0     00081146  __TI_CINIT_Limit                 
0     00081146  __TI_CINIT_Warm                  
0     0008113e  __TI_Handler_Table_Base          
0     00081142  __TI_Handler_Table_Limit         
1     000007f8  __TI_STACK_END                   
abs   000003f8  __TI_STACK_SIZE                  
0     000850b8  __TI_auto_init_nobinit_nopinit   
1     0000a81e  __TI_cleanup_ptr                 
0     0008505f  __TI_decompress_lzss             
0     00085a50  __TI_decompress_none             
1     0000a820  __TI_dtors_ptr                   
1     0000a81c  __TI_enable_exit_profile_output  
0     00085000  __TI_ltoa                        
abs   ffffffff  __TI_pprof_out_hndl              
0     00082b51  __TI_printfi                     
abs   ffffffff  __TI_prof_data_size              
abs   ffffffff  __TI_prof_data_start             
0     0008330e  __c28xabi_addd                   
0     00085605  __c28xabi_andll                  
0     0008510e  __c28xabi_cmpd                   
0     000853ea  __c28xabi_cmpll                  
0     000853fc  __c28xabi_cmpull                 
0     000833aa  __c28xabi_divd                   
0     00083435  __c28xabi_divf                   
0     00085138  __c28xabi_divl                   
0     00082e7d  __c28xabi_divll                  
0     00085155  __c28xabi_divul                  
0     00082ef3  __c28xabi_divull                 
0     000852b4  __c28xabi_dtoi                   
0     00085353  __c28xabi_dtol                   
0     0008547c  __c28xabi_itod                   
0     0008550a  __c28xabi_ltod                   
0     00085147  __c28xabi_modl                   
0     00082eb9  __c28xabi_modll                  
0     0008515c  __c28xabi_modul                  
0     00082f22  __c28xabi_modull                 
0     000834bd  __c28xabi_mpyd                   
0     00085a47  __c28xabi_negd                   
0     0008560d  __c28xabi_orll                   
0     000859bc  __c28xabi_subd                   
0     00085615  __c28xabi_xorll                  
n/a   UNDEFED   __c_args__                       
0     00085a6f  __error__                        
1     00000400  __stack                          
0     000859f1  _args_main                       
0     000856d5  _c_int00                         
0     00084128  _ctypes_                         
1     0000a822  _lock                            
0     00085a46  _nop                             
0     00085a42  _register_lock                   
0     00085a3e  _register_unlock                 
0     00085a90  _system_post_cinit               
0     00085a8d  _system_pre_init                 
1     0000a824  _unlock                          
0     00085162  abort                            
0     00083fba  atoi                             
0     00080000  code_start                       
0     0008524c  copysign                         
0     0008524c  copysignl                        
0     000837de  cpuTimer2_ISR                    
1     0000a800  currentDuty                      
1     0000a807  data_ready_flag                  
0     000836d9  epwmSchedulerISR_B               
0     00083730  epwmSchedulerISR_R               
0     00083787  epwmSchedulerISR_Y               
1     0000a826  errno                            
0     00085164  exit                             
1     0000a818  final_rms                        
1     0000a808  flatline_counter                 
0     0008367f  frexp                            
0     0008367f  frexpl                           
0     00083f24  initADC                          
0     00083a08  initEPWM1_R                      
0     00083a53  initEPWM2_Y                      
0     00083a9e  initEPWM3_B                      
0     00083885  initSCIA                         
0     000850e3  initSamplingTimer                
0     00085442  initZVC_B                        
0     000853cc  initZVC_R                        
0     0008545f  initZVC_Y                        
0     00083c4d  initepwm_scheduler_B             
0     00083c90  initepwm_scheduler_R             
0     00083cd3  initepwm_scheduler_Y             
0     00083265  ldexp                            
0     00083265  ldexpl                           
0     00082cd6  main                             
0     0008597f  memccpy                          
0     00085499  memcpy                           
0     00085a76  memset                           
1     0000a805  raw_cal                          
0     000854ee  readADC                          
1     0000a801  rms_flag                         
1     0000a806  sample_counter                   
0     00083265  scalbn                           
0     00083265  scalbnl                          
1     0000a804  schedState_B                     
1     0000a802  schedState_R                     
1     0000a803  schedState_Y                     
0     000859ad  sendSCIText                      
0     00083f57  sprintf                          
0     000851dc  sqrtf                            
0     000859fd  strchr                           
0     00085a88  strcpy                           
0     00085a60  strlen                           
1     0000a816  sum_squares_ac                   
1     0000a81a  temp_sum_squares                 
0     00085a1f  wcslen                           
0     00083b32  xint1_ISR_R                      
0     00083b7a  xint2_ISR_Y                      
0     00083ae9  xint3_ISR_B                      


GLOBAL SYMBOLS: SORTED BY Symbol Address 

page  address   name                             
----  -------   ----                             
0     00008000  Flash_initModule                 
0     00008000  RamfuncsRunStart                 
0     00008125  SysCtl_delay                     
0     00008129  RamfuncsRunEnd                   
0     00080000  code_start                       
0     00081000  RamfuncsLoadStart                
0     00081129  RamfuncsLoadEnd                  
0     0008113e  __TI_Handler_Table_Base          
0     00081142  __TI_CINIT_Base                  
0     00081142  __TI_Handler_Table_Limit         
0     00081146  __TI_CINIT_Limit                 
0     00081146  __TI_CINIT_Warm                  
0     00082b51  __TI_printfi                     
0     00082cd6  main                             
0     00082e7d  __c28xabi_divll                  
0     00082eb9  __c28xabi_modll                  
0     00082ef3  __c28xabi_divull                 
0     00082f22  __c28xabi_modull                 
0     00083000  Device_enableAllPeripherals      
0     000830e0  SysCtl_setClock                  
0     000831a8  SysCtl_isPLLValid                
0     00083265  ldexp                            
0     00083265  ldexpl                           
0     00083265  scalbn                           
0     00083265  scalbnl                          
0     0008330e  __c28xabi_addd                   
0     000833aa  __c28xabi_divd                   
0     00083435  __c28xabi_divf                   
0     000834bd  __c28xabi_mpyd                   
0     000835bf  Device_init                      
0     00083621  SysCtl_getClock                  
0     0008367f  frexp                            
0     0008367f  frexpl                           
0     000836d9  epwmSchedulerISR_B               
0     00083730  epwmSchedulerISR_R               
0     00083787  epwmSchedulerISR_Y               
0     000837de  cpuTimer2_ISR                    
0     00083833  GPIO_setPadConfig                
0     00083885  initSCIA                         
0     000838d6  Interrupt_disable                
0     00083924  SysCtl_selectOscSource           
0     00083971  ADC_setVREF                      
0     00083a08  initEPWM1_R                      
0     00083a53  initEPWM2_Y                      
0     00083a9e  initEPWM3_B                      
0     00083ae9  xint3_ISR_B                      
0     00083b32  xint1_ISR_R                      
0     00083b7a  xint2_ISR_Y                      
0     00083c4d  initepwm_scheduler_B             
0     00083c90  initepwm_scheduler_R             
0     00083cd3  initepwm_scheduler_Y             
0     00083d56  SysCtl_selectXTAL                
0     00083d96  SCI_setConfig                    
0     00083dd4  Interrupt_initModule             
0     00083e11  GPIO_setAnalogMode               
0     00083e4b  GPIO_setPinConfig                
0     00083e82  GPIO_setQualificationMode        
0     00083eb9  Interrupt_enable                 
0     00083ef0  GPIO_setInterruptPin             
0     00083f24  initADC                          
0     00083f57  sprintf                          
0     00083f89  GPIO_setDirectionMode            
0     00083fba  atoi                             
0     00084128  _ctypes_                         
0     000845e8  VOLTS_PER_COUNT                  
0     00085000  __TI_ltoa                        
0     0008505f  __TI_decompress_lzss             
0     000850b8  __TI_auto_init_nobinit_nopinit   
0     000850e3  initSamplingTimer                
0     0008510e  __c28xabi_cmpd                   
0     00085138  __c28xabi_divl                   
0     00085147  __c28xabi_modl                   
0     00085155  __c28xabi_divul                  
0     0008515c  __c28xabi_modul                  
0     00085162  C$$EXIT                          
0     00085162  abort                            
0     00085164  exit                             
0     0008518b  ADC_setOffsetTrimAll             
0     000851db  C2000Ware_libraries_init         
0     000851dc  sqrtf                            
0     00085203  SysCtl_selectXTALSingleEnded     
0     0008524c  copysign                         
0     0008524c  copysignl                        
0     000852b4  __c28xabi_dtoi                   
0     00085353  __c28xabi_dtol                   
0     000853ae  Interrupt_initVectorTable        
0     000853cc  initZVC_R                        
0     000853ea  __c28xabi_cmpll                  
0     000853fc  __c28xabi_cmpull                 
0     00085442  initZVC_B                        
0     0008545f  initZVC_Y                        
0     0008547c  __c28xabi_itod                   
0     00085499  memcpy                           
0     000854ee  readADC                          
0     0008550a  __c28xabi_ltod                   
0     0008555a  SysCtl_getLowSpeedClock          
0     00085605  __c28xabi_andll                  
0     0008560d  __c28xabi_orll                   
0     00085615  __c28xabi_xorll                  
0     000856d5  _c_int00                         
0     0008572e  Interrupt_defaultHandler         
0     0008593f  Device_initGPIO                  
0     0008597f  memccpy                          
0     000859ad  sendSCIText                      
0     000859bc  __c28xabi_subd                   
0     000859f1  _args_main                       
0     000859fd  strchr                           
0     00085a1f  wcslen                           
0     00085a2a  Interrupt_illegalOperationHandler
0     00085a34  Interrupt_nmiHandler             
0     00085a3e  _register_unlock                 
0     00085a42  _register_lock                   
0     00085a46  _nop                             
0     00085a47  __c28xabi_negd                   
0     00085a50  __TI_decompress_none             
0     00085a60  strlen                           
0     00085a6f  __error__                        
0     00085a76  memset                           
0     00085a83  Board_init                       
0     00085a88  strcpy                           
0     00085a8d  _system_pre_init                 
0     00085a8f  PinMux_init                      
0     00085a90  _system_post_cinit               
1     00000400  __stack                          
1     000007f8  __TI_STACK_END                   
1     0000a800  currentDuty                      
1     0000a801  rms_flag                         
1     0000a802  schedState_R                     
1     0000a803  schedState_Y                     
1     0000a804  schedState_B                     
1     0000a805  raw_cal                          
1     0000a806  sample_counter                   
1     0000a807  data_ready_flag                  
1     0000a808  flatline_counter                 
1     0000a80a  FIRE_DELAY_R                     
1     0000a80c  FIRE_WIDTH_R                     
1     0000a80e  FIRE_DELAY_Y                     
1     0000a810  FIRE_WIDTH_Y                     
1     0000a812  FIRE_DELAY_B                     
1     0000a814  FIRE_WIDTH_B                     
1     0000a816  sum_squares_ac                   
1     0000a818  final_rms                        
1     0000a81a  temp_sum_squares                 
1     0000a81c  __TI_enable_exit_profile_output  
1     0000a81e  __TI_cleanup_ptr                 
1     0000a820  __TI_dtors_ptr                   
1     0000a822  _lock                            
1     0000a824  _unlock                          
1     0000a826  errno                            
abs   00000129  RamfuncsLoadSize                 
abs   00000129  RamfuncsRunSize                  
abs   000003f8  __TI_STACK_SIZE                  
abs   ffffffff  __TI_pprof_out_hndl              
abs   ffffffff  __TI_prof_data_size              
abs   ffffffff  __TI_prof_data_start             
n/a   UNDEFED   __c_args__                       

[156 symbols]
