<?xml version="1.0" encoding="ISO-8859-1" ?>
<link_info>
   <banner>TMS320C2000 Linker PC v22.6.3.LTS</banner>
   <copyright>Copyright (c) 1996-2018 Texas Instruments Incorporated</copyright>
   <link_time>0x699d77be</link_time>
   <link_errors>0x0</link_errors>
   <output_file>three_phase_triac_drive.out</output_file>
   <entry_point>
      <name>code_start</name>
      <address>0x80000</address>
   </entry_point>
   <input_file_list>
      <input_file id="fl-2">
         <path>.\syscfg\</path>
         <kind>object</kind>
         <file>board.obj</file>
         <name>board.obj</name>
      </input_file>
      <input_file id="fl-3">
         <path>.\syscfg\</path>
         <kind>object</kind>
         <file>c2000ware_libraries.obj</file>
         <name>c2000ware_libraries.obj</name>
      </input_file>
      <input_file id="fl-4">
         <path>.\</path>
         <kind>object</kind>
         <file>three_phase_triac.obj</file>
         <name>three_phase_triac.obj</name>
      </input_file>
      <input_file id="fl-5">
         <path>.\device\</path>
         <kind>object</kind>
         <file>device.obj</file>
         <name>device.obj</name>
      </input_file>
      <input_file id="fl-6">
         <path>.\device\</path>
         <kind>object</kind>
         <file>f28004x_codestartbranch.obj</file>
         <name>f28004x_codestartbranch.obj</name>
      </input_file>
      <input_file id="fl-c">
         <kind>object</kind>
         <file>&lt;internal&gt;</file>
         <name>&lt;internal&gt;</name>
      </input_file>
      <input_file id="fl-10">
         <path>C:\ti\C2000Ware_6_00_01_00\driverlib\f28004x\driverlib\ccs\Debug\</path>
         <kind>archive</kind>
         <file>driverlib_eabi.lib</file>
         <name>adc.obj</name>
      </input_file>
      <input_file id="fl-11">
         <path>C:\ti\C2000Ware_6_00_01_00\driverlib\f28004x\driverlib\ccs\Debug\</path>
         <kind>archive</kind>
         <file>driverlib_eabi.lib</file>
         <name>dcc.obj</name>
      </input_file>
      <input_file id="fl-12">
         <path>C:\ti\C2000Ware_6_00_01_00\driverlib\f28004x\driverlib\ccs\Debug\</path>
         <kind>archive</kind>
         <file>driverlib_eabi.lib</file>
         <name>flash.obj</name>
      </input_file>
      <input_file id="fl-13">
         <path>C:\ti\C2000Ware_6_00_01_00\driverlib\f28004x\driverlib\ccs\Debug\</path>
         <kind>archive</kind>
         <file>driverlib_eabi.lib</file>
         <name>gpio.obj</name>
      </input_file>
      <input_file id="fl-14">
         <path>C:\ti\C2000Ware_6_00_01_00\driverlib\f28004x\driverlib\ccs\Debug\</path>
         <kind>archive</kind>
         <file>driverlib_eabi.lib</file>
         <name>interrupt.obj</name>
      </input_file>
      <input_file id="fl-15">
         <path>C:\ti\C2000Ware_6_00_01_00\driverlib\f28004x\driverlib\ccs\Debug\</path>
         <kind>archive</kind>
         <file>driverlib_eabi.lib</file>
         <name>sci.obj</name>
      </input_file>
      <input_file id="fl-16">
         <path>C:\ti\C2000Ware_6_00_01_00\driverlib\f28004x\driverlib\ccs\Debug\</path>
         <kind>archive</kind>
         <file>driverlib_eabi.lib</file>
         <name>sysctl.obj</name>
      </input_file>
      <input_file id="fl-22">
         <path>C:\ti\ccs2041\ccs\tools\compiler\ti-cgt-c2000_22.6.3.LTS\lib\</path>
         <kind>archive</kind>
         <file>rts2800_fpu32_eabi.lib</file>
         <name>sprintf.c.obj</name>
      </input_file>
      <input_file id="fl-23">
         <path>C:\ti\ccs2041\ccs\tools\compiler\ti-cgt-c2000_22.6.3.LTS\lib\</path>
         <kind>archive</kind>
         <file>rts2800_fpu32_eabi.lib</file>
         <name>e_sqrtf.c.obj</name>
      </input_file>
      <input_file id="fl-24">
         <path>C:\ti\ccs2041\ccs\tools\compiler\ti-cgt-c2000_22.6.3.LTS\lib\</path>
         <kind>archive</kind>
         <file>rts2800_fpu32_eabi.lib</file>
         <name>boot28.asm.obj</name>
      </input_file>
      <input_file id="fl-25">
         <path>C:\ti\ccs2041\ccs\tools\compiler\ti-cgt-c2000_22.6.3.LTS\lib\</path>
         <kind>archive</kind>
         <file>rts2800_fpu32_eabi.lib</file>
         <name>fs_div28.asm.obj</name>
      </input_file>
      <input_file id="fl-26">
         <path>C:\ti\ccs2041\ccs\tools\compiler\ti-cgt-c2000_22.6.3.LTS\lib\</path>
         <kind>archive</kind>
         <file>rts2800_fpu32_eabi.lib</file>
         <name>ll_cmp28.asm.obj</name>
      </input_file>
      <input_file id="fl-27">
         <path>C:\ti\ccs2041\ccs\tools\compiler\ti-cgt-c2000_22.6.3.LTS\lib\</path>
         <kind>archive</kind>
         <file>rts2800_fpu32_eabi.lib</file>
         <name>memcpy.c.obj</name>
      </input_file>
      <input_file id="fl-28">
         <path>C:\ti\ccs2041\ccs\tools\compiler\ti-cgt-c2000_22.6.3.LTS\lib\</path>
         <kind>archive</kind>
         <file>rts2800_fpu32_eabi.lib</file>
         <name>pre_init.c.obj</name>
      </input_file>
      <input_file id="fl-29">
         <path>C:\ti\ccs2041\ccs\tools\compiler\ti-cgt-c2000_22.6.3.LTS\lib\</path>
         <kind>archive</kind>
         <file>rts2800_fpu32_eabi.lib</file>
         <name>autoinit.c.obj</name>
      </input_file>
      <input_file id="fl-2a">
         <path>C:\ti\ccs2041\ccs\tools\compiler\ti-cgt-c2000_22.6.3.LTS\lib\</path>
         <kind>archive</kind>
         <file>rts2800_fpu32_eabi.lib</file>
         <name>copy_zero_init.c.obj</name>
      </input_file>
      <input_file id="fl-2b">
         <path>C:\ti\ccs2041\ccs\tools\compiler\ti-cgt-c2000_22.6.3.LTS\lib\</path>
         <kind>archive</kind>
         <file>rts2800_fpu32_eabi.lib</file>
         <name>copy_decompress_none.c.obj</name>
      </input_file>
      <input_file id="fl-2c">
         <path>C:\ti\ccs2041\ccs\tools\compiler\ti-cgt-c2000_22.6.3.LTS\lib\</path>
         <kind>archive</kind>
         <file>rts2800_fpu32_eabi.lib</file>
         <name>copy_decompress_lzss.c.obj</name>
      </input_file>
      <input_file id="fl-2d">
         <path>C:\ti\ccs2041\ccs\tools\compiler\ti-cgt-c2000_22.6.3.LTS\lib\</path>
         <kind>archive</kind>
         <file>rts2800_fpu32_eabi.lib</file>
         <name>exit.c.obj</name>
      </input_file>
      <input_file id="fl-2e">
         <path>C:\ti\ccs2041\ccs\tools\compiler\ti-cgt-c2000_22.6.3.LTS\lib\</path>
         <kind>archive</kind>
         <file>rts2800_fpu32_eabi.lib</file>
         <name>_lock.c.obj</name>
      </input_file>
      <input_file id="fl-2f">
         <path>C:\ti\ccs2041\ccs\tools\compiler\ti-cgt-c2000_22.6.3.LTS\lib\</path>
         <kind>archive</kind>
         <file>rts2800_fpu32_eabi.lib</file>
         <name>args_main.c.obj</name>
      </input_file>
      <input_file id="fl-30">
         <path>C:\ti\ccs2041\ccs\tools\compiler\ti-cgt-c2000_22.6.3.LTS\lib\</path>
         <kind>archive</kind>
         <file>rts2800_fpu32_eabi.lib</file>
         <name>memset.c.obj</name>
      </input_file>
      <input_file id="fl-31">
         <path>C:\ti\ccs2041\ccs\tools\compiler\ti-cgt-c2000_22.6.3.LTS\lib\</path>
         <kind>archive</kind>
         <file>rts2800_fpu32_eabi.lib</file>
         <name>errno.c.obj</name>
      </input_file>
      <input_file id="fl-32">
         <path>C:\ti\ccs2041\ccs\tools\compiler\ti-cgt-c2000_22.6.3.LTS\lib\</path>
         <kind>archive</kind>
         <file>rts2800_fpu32_eabi.lib</file>
         <name>_printfi.c.obj</name>
      </input_file>
      <input_file id="fl-33">
         <path>C:\ti\ccs2041\ccs\tools\compiler\ti-cgt-c2000_22.6.3.LTS\lib\</path>
         <kind>archive</kind>
         <file>rts2800_fpu32_eabi.lib</file>
         <name>wcslen.c.obj</name>
      </input_file>
      <input_file id="fl-34">
         <path>C:\ti\ccs2041\ccs\tools\compiler\ti-cgt-c2000_22.6.3.LTS\lib\</path>
         <kind>archive</kind>
         <file>rts2800_fpu32_eabi.lib</file>
         <name>fd_cmp28.asm.obj</name>
      </input_file>
      <input_file id="fl-35">
         <path>C:\ti\ccs2041\ccs\tools\compiler\ti-cgt-c2000_22.6.3.LTS\lib\</path>
         <kind>archive</kind>
         <file>rts2800_fpu32_eabi.lib</file>
         <name>fd_mpy28.asm.obj</name>
      </input_file>
      <input_file id="fl-36">
         <path>C:\ti\ccs2041\ccs\tools\compiler\ti-cgt-c2000_22.6.3.LTS\lib\</path>
         <kind>archive</kind>
         <file>rts2800_fpu32_eabi.lib</file>
         <name>fd_neg28.asm.obj</name>
      </input_file>
      <input_file id="fl-37">
         <path>C:\ti\ccs2041\ccs\tools\compiler\ti-cgt-c2000_22.6.3.LTS\lib\</path>
         <kind>archive</kind>
         <file>rts2800_fpu32_eabi.lib</file>
         <name>fd_sub28.asm.obj</name>
      </input_file>
      <input_file id="fl-38">
         <path>C:\ti\ccs2041\ccs\tools\compiler\ti-cgt-c2000_22.6.3.LTS\lib\</path>
         <kind>archive</kind>
         <file>rts2800_fpu32_eabi.lib</file>
         <name>fd_toi28.asm.obj</name>
      </input_file>
      <input_file id="fl-39">
         <path>C:\ti\ccs2041\ccs\tools\compiler\ti-cgt-c2000_22.6.3.LTS\lib\</path>
         <kind>archive</kind>
         <file>rts2800_fpu32_eabi.lib</file>
         <name>fd_tol28.asm.obj</name>
      </input_file>
      <input_file id="fl-3a">
         <path>C:\ti\ccs2041\ccs\tools\compiler\ti-cgt-c2000_22.6.3.LTS\lib\</path>
         <kind>archive</kind>
         <file>rts2800_fpu32_eabi.lib</file>
         <name>ll_aox28.asm.obj</name>
      </input_file>
      <input_file id="fl-3b">
         <path>C:\ti\ccs2041\ccs\tools\compiler\ti-cgt-c2000_22.6.3.LTS\lib\</path>
         <kind>archive</kind>
         <file>rts2800_fpu32_eabi.lib</file>
         <name>ll_div28.asm.obj</name>
      </input_file>
      <input_file id="fl-3c">
         <path>C:\ti\ccs2041\ccs\tools\compiler\ti-cgt-c2000_22.6.3.LTS\lib\</path>
         <kind>archive</kind>
         <file>rts2800_fpu32_eabi.lib</file>
         <name>i_tofd28.asm.obj</name>
      </input_file>
      <input_file id="fl-3d">
         <path>C:\ti\ccs2041\ccs\tools\compiler\ti-cgt-c2000_22.6.3.LTS\lib\</path>
         <kind>archive</kind>
         <file>rts2800_fpu32_eabi.lib</file>
         <name>l_tofd28.asm.obj</name>
      </input_file>
      <input_file id="fl-3e">
         <path>C:\ti\ccs2041\ccs\tools\compiler\ti-cgt-c2000_22.6.3.LTS\lib\</path>
         <kind>archive</kind>
         <file>rts2800_fpu32_eabi.lib</file>
         <name>fd_div28.asm.obj</name>
      </input_file>
      <input_file id="fl-3f">
         <path>C:\ti\ccs2041\ccs\tools\compiler\ti-cgt-c2000_22.6.3.LTS\lib\</path>
         <kind>archive</kind>
         <file>rts2800_fpu32_eabi.lib</file>
         <name>cpy_tbl.c.obj</name>
      </input_file>
      <input_file id="fl-40">
         <path>C:\ti\ccs2041\ccs\tools\compiler\ti-cgt-c2000_22.6.3.LTS\lib\</path>
         <kind>archive</kind>
         <file>rts2800_fpu32_eabi.lib</file>
         <name>startup.c.obj</name>
      </input_file>
      <input_file id="fl-41">
         <path>C:\ti\ccs2041\ccs\tools\compiler\ti-cgt-c2000_22.6.3.LTS\lib\</path>
         <kind>archive</kind>
         <file>rts2800_fpu32_eabi.lib</file>
         <name>_ltoa.c.obj</name>
      </input_file>
      <input_file id="fl-42">
         <path>C:\ti\ccs2041\ccs\tools\compiler\ti-cgt-c2000_22.6.3.LTS\lib\</path>
         <kind>archive</kind>
         <file>rts2800_fpu32_eabi.lib</file>
         <name>atoi.c.obj</name>
      </input_file>
      <input_file id="fl-43">
         <path>C:\ti\ccs2041\ccs\tools\compiler\ti-cgt-c2000_22.6.3.LTS\lib\</path>
         <kind>archive</kind>
         <file>rts2800_fpu32_eabi.lib</file>
         <name>ctype.c.obj</name>
      </input_file>
      <input_file id="fl-44">
         <path>C:\ti\ccs2041\ccs\tools\compiler\ti-cgt-c2000_22.6.3.LTS\lib\</path>
         <kind>archive</kind>
         <file>rts2800_fpu32_eabi.lib</file>
         <name>memccpy.c.obj</name>
      </input_file>
      <input_file id="fl-45">
         <path>C:\ti\ccs2041\ccs\tools\compiler\ti-cgt-c2000_22.6.3.LTS\lib\</path>
         <kind>archive</kind>
         <file>rts2800_fpu32_eabi.lib</file>
         <name>strchr.c.obj</name>
      </input_file>
      <input_file id="fl-46">
         <path>C:\ti\ccs2041\ccs\tools\compiler\ti-cgt-c2000_22.6.3.LTS\lib\</path>
         <kind>archive</kind>
         <file>rts2800_fpu32_eabi.lib</file>
         <name>strcpy.c.obj</name>
      </input_file>
      <input_file id="fl-47">
         <path>C:\ti\ccs2041\ccs\tools\compiler\ti-cgt-c2000_22.6.3.LTS\lib\</path>
         <kind>archive</kind>
         <file>rts2800_fpu32_eabi.lib</file>
         <name>strlen.c.obj</name>
      </input_file>
      <input_file id="fl-48">
         <path>C:\ti\ccs2041\ccs\tools\compiler\ti-cgt-c2000_22.6.3.LTS\lib\</path>
         <kind>archive</kind>
         <file>rts2800_fpu32_eabi.lib</file>
         <name>s_frexp.c.obj</name>
      </input_file>
      <input_file id="fl-49">
         <path>C:\ti\ccs2041\ccs\tools\compiler\ti-cgt-c2000_22.6.3.LTS\lib\</path>
         <kind>archive</kind>
         <file>rts2800_fpu32_eabi.lib</file>
         <name>s_scalbn.c.obj</name>
      </input_file>
      <input_file id="fl-4a">
         <path>C:\ti\ccs2041\ccs\tools\compiler\ti-cgt-c2000_22.6.3.LTS\lib\</path>
         <kind>archive</kind>
         <file>rts2800_fpu32_eabi.lib</file>
         <name>s_copysign.c.obj</name>
      </input_file>
      <input_file id="fl-4b">
         <path>C:\ti\ccs2041\ccs\tools\compiler\ti-cgt-c2000_22.6.3.LTS\lib\</path>
         <kind>archive</kind>
         <file>rts2800_fpu32_eabi.lib</file>
         <name>fd_add28.asm.obj</name>
      </input_file>
      <input_file id="fl-4c">
         <path>C:\ti\ccs2041\ccs\tools\compiler\ti-cgt-c2000_22.6.3.LTS\lib\</path>
         <kind>archive</kind>
         <file>rts2800_fpu32_eabi.lib</file>
         <name>l_div28.asm.obj</name>
      </input_file>
   </input_file_list>
   <object_component_list>
      <object_component id="oc-20">
         <name>codestart</name>
         <load_address>0x80000</load_address>
         <run_address>0x80000</run_address>
         <size>0x2</size>
         <input_file_ref idref="fl-6"/>
      </object_component>
      <object_component id="oc-51b">
         <name>.text</name>
         <load_address>0x82000</load_address>
         <run_address>0x82000</run_address>
         <size>0x6c2</size>
         <input_file_ref idref="fl-32"/>
      </object_component>
      <object_component id="oc-414">
         <name>.text:__TI_printfi</name>
         <load_address>0x826c2</load_address>
         <run_address>0x826c2</run_address>
         <size>0x614</size>
         <input_file_ref idref="fl-32"/>
      </object_component>
      <object_component id="oc-2c">
         <name>.text:main</name>
         <load_address>0x82cd6</load_address>
         <run_address>0x82cd6</run_address>
         <size>0x1a7</size>
         <input_file_ref idref="fl-4"/>
      </object_component>
      <object_component id="oc-50a">
         <name>.text</name>
         <load_address>0x82e7d</load_address>
         <run_address>0x82e7d</run_address>
         <size>0x107</size>
         <input_file_ref idref="fl-3b"/>
      </object_component>
      <object_component id="oc-4b1">
         <name>.text:DCC_setCounterSeeds</name>
         <load_address>0x82f84</load_address>
         <run_address>0x82f84</run_address>
         <size>0x73</size>
         <input_file_ref idref="fl-16"/>
      </object_component>
      <object_component id="oc-233">
         <name>.text:GPIO_enableInterrupt</name>
         <load_address>0x82ff7</load_address>
         <run_address>0x82ff7</run_address>
         <size>0x9</size>
         <input_file_ref idref="fl-4"/>
      </object_component>
      <object_component id="oc-1c5">
         <name>.text:Device_enableAllPeripherals</name>
         <load_address>0x83000</load_address>
         <run_address>0x83000</run_address>
         <size>0xe0</size>
         <input_file_ref idref="fl-5"/>
      </object_component>
      <object_component id="oc-1ac">
         <name>.text:SysCtl_setClock</name>
         <load_address>0x830e0</load_address>
         <run_address>0x830e0</run_address>
         <size>0xc8</size>
         <input_file_ref idref="fl-16"/>
      </object_component>
      <object_component id="oc-37a">
         <name>.text:SysCtl_isPLLValid</name>
         <load_address>0x831a8</load_address>
         <run_address>0x831a8</run_address>
         <size>0xbd</size>
         <input_file_ref idref="fl-16"/>
      </object_component>
      <object_component id="oc-5b5">
         <name>.text</name>
         <load_address>0x83265</load_address>
         <run_address>0x83265</run_address>
         <size>0xa9</size>
         <input_file_ref idref="fl-49"/>
      </object_component>
      <object_component id="oc-5f7">
         <name>.text</name>
         <load_address>0x8330e</load_address>
         <run_address>0x8330e</run_address>
         <size>0x9c</size>
         <input_file_ref idref="fl-4b"/>
      </object_component>
      <object_component id="oc-58b">
         <name>.text</name>
         <load_address>0x833aa</load_address>
         <run_address>0x833aa</run_address>
         <size>0x8b</size>
         <input_file_ref idref="fl-3e"/>
      </object_component>
      <object_component id="oc-129">
         <name>.text</name>
         <load_address>0x83435</load_address>
         <run_address>0x83435</run_address>
         <size>0x88</size>
         <input_file_ref idref="fl-25"/>
      </object_component>
      <object_component id="oc-590">
         <name>.text</name>
         <load_address>0x834bd</load_address>
         <run_address>0x834bd</run_address>
         <size>0x83</size>
         <input_file_ref idref="fl-35"/>
      </object_component>
      <object_component id="oc-2e1">
         <name>.text:Interrupt_clearIFR</name>
         <load_address>0x83540</load_address>
         <run_address>0x83540</run_address>
         <size>0x7f</size>
         <input_file_ref idref="fl-14"/>
      </object_component>
      <object_component id="oc-b1">
         <name>.text:Device_init</name>
         <load_address>0x835bf</load_address>
         <run_address>0x835bf</run_address>
         <size>0x62</size>
         <input_file_ref idref="fl-5"/>
      </object_component>
      <object_component id="oc-1b8">
         <name>.text:SysCtl_getClock</name>
         <load_address>0x83621</load_address>
         <run_address>0x83621</run_address>
         <size>0x5e</size>
         <input_file_ref idref="fl-16"/>
      </object_component>
      <object_component id="oc-5af">
         <name>.text</name>
         <load_address>0x8367f</load_address>
         <run_address>0x8367f</run_address>
         <size>0x5a</size>
         <input_file_ref idref="fl-48"/>
      </object_component>
      <object_component id="oc-4f">
         <name>.text:epwmSchedulerISR_B</name>
         <load_address>0x836d9</load_address>
         <run_address>0x836d9</run_address>
         <size>0x57</size>
         <input_file_ref idref="fl-4"/>
      </object_component>
      <object_component id="oc-43">
         <name>.text:epwmSchedulerISR_R</name>
         <load_address>0x83730</load_address>
         <run_address>0x83730</run_address>
         <size>0x57</size>
         <input_file_ref idref="fl-4"/>
      </object_component>
      <object_component id="oc-49">
         <name>.text:epwmSchedulerISR_Y</name>
         <load_address>0x83787</load_address>
         <run_address>0x83787</run_address>
         <size>0x57</size>
         <input_file_ref idref="fl-4"/>
      </object_component>
      <object_component id="oc-55">
         <name>.text:cpuTimer2_ISR</name>
         <load_address>0x837de</load_address>
         <run_address>0x837de</run_address>
         <size>0x55</size>
         <input_file_ref idref="fl-4"/>
      </object_component>
      <object_component id="oc-1d1">
         <name>.text:GPIO_setPadConfig</name>
         <load_address>0x83833</load_address>
         <run_address>0x83833</run_address>
         <size>0x52</size>
         <input_file_ref idref="fl-13"/>
      </object_component>
      <object_component id="oc-10b">
         <name>.text:initSCIA</name>
         <load_address>0x83885</load_address>
         <run_address>0x83885</run_address>
         <size>0x51</size>
         <input_file_ref idref="fl-4"/>
      </object_component>
      <object_component id="oc-140">
         <name>.text:Interrupt_disable</name>
         <load_address>0x838d6</load_address>
         <run_address>0x838d6</run_address>
         <size>0x4e</size>
         <input_file_ref idref="fl-14"/>
      </object_component>
      <object_component id="oc-374">
         <name>.text:SysCtl_selectOscSource</name>
         <load_address>0x83924</load_address>
         <run_address>0x83924</run_address>
         <size>0x4d</size>
         <input_file_ref idref="fl-16"/>
      </object_component>
      <object_component id="oc-24d">
         <name>.text:ADC_setVREF</name>
         <load_address>0x83971</load_address>
         <run_address>0x83971</run_address>
         <size>0x4c</size>
         <input_file_ref idref="fl-10"/>
      </object_component>
      <object_component id="oc-96">
         <name>.text:EPWM_setInterruptSource</name>
         <load_address>0x839bd</load_address>
         <run_address>0x839bd</run_address>
         <size>0x4b</size>
         <input_file_ref idref="fl-4"/>
      </object_component>
      <object_component id="oc-cf">
         <name>.text:initEPWM1_R</name>
         <load_address>0x83a08</load_address>
         <run_address>0x83a08</run_address>
         <size>0x4b</size>
         <input_file_ref idref="fl-4"/>
      </object_component>
      <object_component id="oc-e1">
         <name>.text:initEPWM2_Y</name>
         <load_address>0x83a53</load_address>
         <run_address>0x83a53</run_address>
         <size>0x4b</size>
         <input_file_ref idref="fl-4"/>
      </object_component>
      <object_component id="oc-f3">
         <name>.text:initEPWM3_B</name>
         <load_address>0x83a9e</load_address>
         <run_address>0x83a9e</run_address>
         <size>0x4b</size>
         <input_file_ref idref="fl-4"/>
      </object_component>
      <object_component id="oc-3d">
         <name>.text:xint3_ISR_B</name>
         <load_address>0x83ae9</load_address>
         <run_address>0x83ae9</run_address>
         <size>0x49</size>
         <input_file_ref idref="fl-4"/>
      </object_component>
      <object_component id="oc-2b">
         <name>.text:xint1_ISR_R</name>
         <load_address>0x83b32</load_address>
         <run_address>0x83b32</run_address>
         <size>0x48</size>
         <input_file_ref idref="fl-4"/>
      </object_component>
      <object_component id="oc-37">
         <name>.text:xint2_ISR_Y</name>
         <load_address>0x83b7a</load_address>
         <run_address>0x83b7a</run_address>
         <size>0x48</size>
         <input_file_ref idref="fl-4"/>
      </object_component>
      <object_component id="oc-260">
         <name>.text:ADC_setupSOC</name>
         <load_address>0x83bc2</load_address>
         <run_address>0x83bc2</run_address>
         <size>0x46</size>
         <input_file_ref idref="fl-4"/>
      </object_component>
      <object_component id="oc-54c">
         <name>.text:SysCtl_pollX1Counter</name>
         <load_address>0x83c08</load_address>
         <run_address>0x83c08</run_address>
         <size>0x45</size>
         <input_file_ref idref="fl-16"/>
      </object_component>
      <object_component id="oc-ff">
         <name>.text:initepwm_scheduler_B</name>
         <load_address>0x83c4d</load_address>
         <run_address>0x83c4d</run_address>
         <size>0x43</size>
         <input_file_ref idref="fl-4"/>
      </object_component>
      <object_component id="oc-db">
         <name>.text:initepwm_scheduler_R</name>
         <load_address>0x83c90</load_address>
         <run_address>0x83c90</run_address>
         <size>0x43</size>
         <input_file_ref idref="fl-4"/>
      </object_component>
      <object_component id="oc-ed">
         <name>.text:initepwm_scheduler_Y</name>
         <load_address>0x83cd3</load_address>
         <run_address>0x83cd3</run_address>
         <size>0x43</size>
         <input_file_ref idref="fl-4"/>
      </object_component>
      <object_component id="oc-214">
         <name>.text:EPWM_setActionQualifierAction</name>
         <load_address>0x83d16</load_address>
         <run_address>0x83d16</run_address>
         <size>0x40</size>
         <input_file_ref idref="fl-4"/>
      </object_component>
      <object_component id="oc-474">
         <name>.text:SysCtl_selectXTAL</name>
         <load_address>0x83d56</load_address>
         <run_address>0x83d56</run_address>
         <size>0x40</size>
         <input_file_ref idref="fl-16"/>
      </object_component>
      <object_component id="oc-279">
         <name>.text:SCI_setConfig</name>
         <load_address>0x83d96</load_address>
         <run_address>0x83d96</run_address>
         <size>0x3e</size>
         <input_file_ref idref="fl-15"/>
      </object_component>
      <object_component id="oc-bd">
         <name>.text:Interrupt_initModule</name>
         <load_address>0x83dd4</load_address>
         <run_address>0x83dd4</run_address>
         <size>0x3d</size>
         <input_file_ref idref="fl-14"/>
      </object_component>
      <object_component id="oc-1dd">
         <name>.text:GPIO_setAnalogMode</name>
         <load_address>0x83e11</load_address>
         <run_address>0x83e11</run_address>
         <size>0x3a</size>
         <input_file_ref idref="fl-13"/>
      </object_component>
      <object_component id="oc-1fc">
         <name>.text:GPIO_setPinConfig</name>
         <load_address>0x83e4b</load_address>
         <run_address>0x83e4b</run_address>
         <size>0x37</size>
         <input_file_ref idref="fl-13"/>
      </object_component>
      <object_component id="oc-221">
         <name>.text:GPIO_setQualificationMode</name>
         <load_address>0x83e82</load_address>
         <run_address>0x83e82</run_address>
         <size>0x37</size>
         <input_file_ref idref="fl-13"/>
      </object_component>
      <object_component id="oc-134">
         <name>.text:Interrupt_enable</name>
         <load_address>0x83eb9</load_address>
         <run_address>0x83eb9</run_address>
         <size>0x37</size>
         <input_file_ref idref="fl-14"/>
      </object_component>
      <object_component id="oc-227">
         <name>.text:GPIO_setInterruptPin</name>
         <load_address>0x83ef0</load_address>
         <run_address>0x83ef0</run_address>
         <size>0x34</size>
         <input_file_ref idref="fl-13"/>
      </object_component>
      <object_component id="oc-105">
         <name>.text:initADC</name>
         <load_address>0x83f24</load_address>
         <run_address>0x83f24</run_address>
         <size>0x33</size>
         <input_file_ref idref="fl-4"/>
      </object_component>
      <object_component id="oc-14d">
         <name>.text</name>
         <load_address>0x83f57</load_address>
         <run_address>0x83f57</run_address>
         <size>0x32</size>
         <input_file_ref idref="fl-22"/>
      </object_component>
      <object_component id="oc-1d7">
         <name>.text:GPIO_setDirectionMode</name>
         <load_address>0x83f89</load_address>
         <run_address>0x83f89</run_address>
         <size>0x31</size>
         <input_file_ref idref="fl-13"/>
      </object_component>
      <object_component id="oc-4ff">
         <name>.text</name>
         <load_address>0x83fba</load_address>
         <run_address>0x83fba</run_address>
         <size>0x31</size>
         <input_file_ref idref="fl-42"/>
      </object_component>
      <object_component id="oc-2c2">
         <name>.text:CPUTimer_enableInterrupt</name>
         <load_address>0x83feb</load_address>
         <run_address>0x83feb</run_address>
         <size>0x15</size>
         <input_file_ref idref="fl-4"/>
      </object_component>
      <object_component id="oc-59a">
         <name>.text</name>
         <load_address>0x85000</load_address>
         <run_address>0x85000</run_address>
         <size>0x30</size>
         <input_file_ref idref="fl-41"/>
      </object_component>
      <object_component id="oc-266">
         <name>.text:ADC_setInterruptSource</name>
         <load_address>0x85030</load_address>
         <run_address>0x85030</run_address>
         <size>0x2f</size>
         <input_file_ref idref="fl-4"/>
      </object_component>
      <object_component id="oc-13">
         <name>.text:decompress:lzss</name>
         <load_address>0x8505f</load_address>
         <run_address>0x8505f</run_address>
         <size>0x2e</size>
         <input_file_ref idref="fl-2c"/>
      </object_component>
      <object_component id="oc-18d">
         <name>.text:EPWM_isBaseValid</name>
         <load_address>0x8508d</load_address>
         <run_address>0x8508d</run_address>
         <size>0x2b</size>
         <input_file_ref idref="fl-4"/>
      </object_component>
      <object_component id="oc-42c">
         <name>.text:__TI_auto_init_nobinit_nopinit</name>
         <load_address>0x850b8</load_address>
         <run_address>0x850b8</run_address>
         <size>0x2b</size>
         <input_file_ref idref="fl-29"/>
      </object_component>
      <object_component id="oc-111">
         <name>.text:initSamplingTimer</name>
         <load_address>0x850e3</load_address>
         <run_address>0x850e3</run_address>
         <size>0x2b</size>
         <input_file_ref idref="fl-4"/>
      </object_component>
      <object_component id="oc-581">
         <name>.text</name>
         <load_address>0x8510e</load_address>
         <run_address>0x8510e</run_address>
         <size>0x2a</size>
         <input_file_ref idref="fl-34"/>
      </object_component>
      <object_component id="oc-5ef">
         <name>.text</name>
         <load_address>0x85138</load_address>
         <run_address>0x85138</run_address>
         <size>0x2a</size>
         <input_file_ref idref="fl-4c"/>
      </object_component>
      <object_component id="oc-324">
         <name>.text</name>
         <load_address>0x85162</load_address>
         <run_address>0x85162</run_address>
         <size>0x29</size>
         <input_file_ref idref="fl-2d"/>
      </object_component>
      <object_component id="oc-3ba">
         <name>.text:ADC_setOffsetTrimAll</name>
         <load_address>0x8518b</load_address>
         <run_address>0x8518b</run_address>
         <size>0x28</size>
         <input_file_ref idref="fl-10"/>
      </object_component>
      <object_component id="oc-240">
         <name>.text:EPWM_setInterruptEventCount</name>
         <load_address>0x851b3</load_address>
         <run_address>0x851b3</run_address>
         <size>0x28</size>
         <input_file_ref idref="fl-4"/>
      </object_component>
      <object_component id="oc-117">
         <name>.text:C2000Ware_libraries_init</name>
         <load_address>0x851db</load_address>
         <run_address>0x851db</run_address>
         <size>0x1</size>
         <input_file_ref idref="fl-3"/>
      </object_component>
      <object_component id="oc-12e">
         <name>.text</name>
         <load_address>0x851dc</load_address>
         <run_address>0x851dc</run_address>
         <size>0x27</size>
         <input_file_ref idref="fl-23"/>
      </object_component>
      <object_component id="oc-47a">
         <name>.text:SysCtl_selectXTALSingleEnded</name>
         <load_address>0x85203</load_address>
         <run_address>0x85203</run_address>
         <size>0x25</size>
         <input_file_ref idref="fl-16"/>
      </object_component>
      <object_component id="oc-4b7">
         <name>.text:DCC_enableSingleShotMode</name>
         <load_address>0x85228</load_address>
         <run_address>0x85228</run_address>
         <size>0x24</size>
         <input_file_ref idref="fl-16"/>
      </object_component>
      <object_component id="oc-606">
         <name>.text</name>
         <load_address>0x8524c</load_address>
         <run_address>0x8524c</run_address>
         <size>0x24</size>
         <input_file_ref idref="fl-4a"/>
      </object_component>
      <object_component id="oc-13a">
         <name>.text:EPWM_setCounterCompareValue</name>
         <load_address>0x85270</load_address>
         <run_address>0x85270</run_address>
         <size>0x22</size>
         <input_file_ref idref="fl-4"/>
      </object_component>
      <object_component id="oc-21a">
         <name>.text:EPWM_setTripZoneAction</name>
         <load_address>0x85292</load_address>
         <run_address>0x85292</run_address>
         <size>0x22</size>
         <input_file_ref idref="fl-4"/>
      </object_component>
      <object_component id="oc-5aa">
         <name>.text</name>
         <load_address>0x852b4</load_address>
         <run_address>0x852b4</run_address>
         <size>0x21</size>
         <input_file_ref idref="fl-38"/>
      </object_component>
      <object_component id="oc-26c">
         <name>.text:ADC_enableInterrupt</name>
         <load_address>0x852d5</load_address>
         <run_address>0x852d5</run_address>
         <size>0x20</size>
         <input_file_ref idref="fl-4"/>
      </object_component>
      <object_component id="oc-3a8">
         <name>.text:XBAR_setInputPin</name>
         <load_address>0x852f5</load_address>
         <run_address>0x852f5</run_address>
         <size>0x20</size>
         <input_file_ref idref="fl-13"/>
      </object_component>
      <object_component id="oc-146">
         <name>.text:EPWM_clearTripZoneFlag</name>
         <load_address>0x85315</load_address>
         <run_address>0x85315</run_address>
         <size>0x1f</size>
         <input_file_ref idref="fl-4"/>
      </object_component>
      <object_component id="oc-90">
         <name>.text:EPWM_forceTripZoneEvent</name>
         <load_address>0x85334</load_address>
         <run_address>0x85334</run_address>
         <size>0x1f</size>
         <input_file_ref idref="fl-4"/>
      </object_component>
      <object_component id="oc-595">
         <name>.text</name>
         <load_address>0x85353</load_address>
         <run_address>0x85353</run_address>
         <size>0x1f</size>
         <input_file_ref idref="fl-39"/>
      </object_component>
      <object_component id="oc-4ab">
         <name>.text:DCC_setCounter1ClkSource</name>
         <load_address>0x85372</load_address>
         <run_address>0x85372</run_address>
         <size>0x1e</size>
         <input_file_ref idref="fl-16"/>
      </object_component>
      <object_component id="oc-20e">
         <name>.text:EPWM_setPhaseShift</name>
         <load_address>0x85390</load_address>
         <run_address>0x85390</run_address>
         <size>0x1e</size>
         <input_file_ref idref="fl-4"/>
      </object_component>
      <object_component id="oc-5c">
         <name>.text:Interrupt_initVectorTable</name>
         <load_address>0x853ae</load_address>
         <run_address>0x853ae</run_address>
         <size>0x1e</size>
         <input_file_ref idref="fl-14"/>
      </object_component>
      <object_component id="oc-d5">
         <name>.text:initZVC_R</name>
         <load_address>0x853cc</load_address>
         <run_address>0x853cc</run_address>
         <size>0x1e</size>
         <input_file_ref idref="fl-4"/>
      </object_component>
      <object_component id="oc-505">
         <name>.text</name>
         <load_address>0x853ea</load_address>
         <run_address>0x853ea</run_address>
         <size>0x1e</size>
         <input_file_ref idref="fl-26"/>
      </object_component>
      <object_component id="oc-2ff">
         <name>.text:ADC_getInterruptStatus</name>
         <load_address>0x85408</load_address>
         <run_address>0x85408</run_address>
         <size>0x1d</size>
         <input_file_ref idref="fl-4"/>
      </object_component>
      <object_component id="oc-27f">
         <name>.text:SCI_enableFIFO</name>
         <load_address>0x85425</load_address>
         <run_address>0x85425</run_address>
         <size>0x1d</size>
         <input_file_ref idref="fl-4"/>
      </object_component>
      <object_component id="oc-f9">
         <name>.text:initZVC_B</name>
         <load_address>0x85442</load_address>
         <run_address>0x85442</run_address>
         <size>0x1d</size>
         <input_file_ref idref="fl-4"/>
      </object_component>
      <object_component id="oc-e7">
         <name>.text:initZVC_Y</name>
         <load_address>0x8545f</load_address>
         <run_address>0x8545f</run_address>
         <size>0x1d</size>
         <input_file_ref idref="fl-4"/>
      </object_component>
      <object_component id="oc-5bb">
         <name>.text</name>
         <load_address>0x8547c</load_address>
         <run_address>0x8547c</run_address>
         <size>0x1d</size>
         <input_file_ref idref="fl-3c"/>
      </object_component>
      <object_component id="oc-76">
         <name>.text</name>
         <load_address>0x85499</load_address>
         <run_address>0x85499</run_address>
         <size>0x1d</size>
         <input_file_ref idref="fl-27"/>
      </object_component>
      <object_component id="oc-4a5">
         <name>.text:DCC_setCounter0ClkSource</name>
         <load_address>0x854b6</load_address>
         <run_address>0x854b6</run_address>
         <size>0x1c</size>
         <input_file_ref idref="fl-16"/>
      </object_component>
      <object_component id="oc-202">
         <name>.text:EPWM_setClockPrescaler</name>
         <load_address>0x854d2</load_address>
         <run_address>0x854d2</run_address>
         <size>0x1c</size>
         <input_file_ref idref="fl-4"/>
      </object_component>
      <object_component id="oc-16a">
         <name>.text:readADC</name>
         <load_address>0x854ee</load_address>
         <run_address>0x854ee</run_address>
         <size>0x1c</size>
         <input_file_ref idref="fl-4"/>
      </object_component>
      <object_component id="oc-5a0">
         <name>.text</name>
         <load_address>0x8550a</load_address>
         <run_address>0x8550a</run_address>
         <size>0x1c</size>
         <input_file_ref idref="fl-3d"/>
      </object_component>
      <object_component id="oc-305">
         <name>.text:ADC_readResult</name>
         <load_address>0x85526</load_address>
         <run_address>0x85526</run_address>
         <size>0x1a</size>
         <input_file_ref idref="fl-4"/>
      </object_component>
      <object_component id="oc-2c8">
         <name>.text:CPUTimer_startTimer</name>
         <load_address>0x85540</load_address>
         <run_address>0x85540</run_address>
         <size>0x1a</size>
         <input_file_ref idref="fl-4"/>
      </object_component>
      <object_component id="oc-1bf">
         <name>.text:SysCtl_getLowSpeedClock</name>
         <load_address>0x8555a</load_address>
         <run_address>0x8555a</run_address>
         <size>0x1a</size>
         <input_file_ref idref="fl-16"/>
      </object_component>
      <object_component id="oc-2ec">
         <name>.text:SCI_writeCharBlockingFIFO</name>
         <load_address>0x85574</load_address>
         <run_address>0x85574</run_address>
         <size>0x19</size>
         <input_file_ref idref="fl-4"/>
      </object_component>
      <object_component id="oc-3d5">
         <name>.text:SCI_disableModule</name>
         <load_address>0x8558d</load_address>
         <run_address>0x8558d</run_address>
         <size>0x18</size>
         <input_file_ref idref="fl-15"/>
      </object_component>
      <object_component id="oc-285">
         <name>.text:SCI_resetChannels</name>
         <load_address>0x855a5</load_address>
         <run_address>0x855a5</run_address>
         <size>0x18</size>
         <input_file_ref idref="fl-4"/>
      </object_component>
      <object_component id="oc-28b">
         <name>.text:SCI_resetRxFIFO</name>
         <load_address>0x855bd</load_address>
         <run_address>0x855bd</run_address>
         <size>0x18</size>
         <input_file_ref idref="fl-4"/>
      </object_component>
      <object_component id="oc-291">
         <name>.text:SCI_resetTxFIFO</name>
         <load_address>0x855d5</load_address>
         <run_address>0x855d5</run_address>
         <size>0x18</size>
         <input_file_ref idref="fl-4"/>
      </object_component>
      <object_component id="oc-11d">
         <name>.text:SysCtl_disablePeripheral</name>
         <load_address>0x855ed</load_address>
         <run_address>0x855ed</run_address>
         <size>0x18</size>
         <input_file_ref idref="fl-4"/>
      </object_component>
      <object_component id="oc-50f">
         <name>.text</name>
         <load_address>0x85605</load_address>
         <run_address>0x85605</run_address>
         <size>0x18</size>
         <input_file_ref idref="fl-3a"/>
      </object_component>
      <object_component id="oc-2f9">
         <name>.text:ADC_forceSOC</name>
         <load_address>0x8561d</load_address>
         <run_address>0x8561d</run_address>
         <size>0x17</size>
         <input_file_ref idref="fl-4"/>
      </object_component>
      <object_component id="oc-3b3">
         <name>.text:ADC_isBaseValid</name>
         <load_address>0x85634</load_address>
         <run_address>0x85634</run_address>
         <size>0x17</size>
         <input_file_ref idref="fl-10"/>
      </object_component>
      <object_component id="oc-3c2">
         <name>.text:ADC_isBaseValid</name>
         <load_address>0x8564b</load_address>
         <run_address>0x8564b</run_address>
         <size>0x17</size>
         <input_file_ref idref="fl-4"/>
      </object_component>
      <object_component id="oc-3f0">
         <name>.text:CPUTimer_isBaseValid</name>
         <load_address>0x85662</load_address>
         <run_address>0x85662</run_address>
         <size>0x17</size>
         <input_file_ref idref="fl-4"/>
      </object_component>
      <object_component id="oc-2b0">
         <name>.text:CPUTimer_setPreScaler</name>
         <load_address>0x85679</load_address>
         <run_address>0x85679</run_address>
         <size>0x17</size>
         <input_file_ref idref="fl-4"/>
      </object_component>
      <object_component id="oc-385">
         <name>.text:SysCtl_enablePeripheral</name>
         <load_address>0x85690</load_address>
         <run_address>0x85690</run_address>
         <size>0x17</size>
         <input_file_ref idref="fl-5"/>
      </object_component>
      <object_component id="oc-481">
         <name>.text:SysCtl_enablePeripheral</name>
         <load_address>0x856a7</load_address>
         <run_address>0x856a7</run_address>
         <size>0x17</size>
         <input_file_ref idref="fl-16"/>
      </object_component>
      <object_component id="oc-123">
         <name>.text:SysCtl_enablePeripheral</name>
         <load_address>0x856be</load_address>
         <run_address>0x856be</run_address>
         <size>0x17</size>
         <input_file_ref idref="fl-4"/>
      </object_component>
      <object_component id="oc-187">
         <name>.text</name>
         <load_address>0x856d5</load_address>
         <run_address>0x856d5</run_address>
         <size>0x17</size>
         <input_file_ref idref="fl-24"/>
      </object_component>
      <object_component id="oc-253">
         <name>.text:ADC_setPrescaler</name>
         <load_address>0x856ec</load_address>
         <run_address>0x856ec</run_address>
         <size>0x16</size>
         <input_file_ref idref="fl-4"/>
      </object_component>
      <object_component id="oc-49f">
         <name>.text:DCC_disableDoneSignal</name>
         <load_address>0x85702</load_address>
         <run_address>0x85702</run_address>
         <size>0x16</size>
         <input_file_ref idref="fl-16"/>
      </object_component>
      <object_component id="oc-4c3">
         <name>.text:DCC_enableDoneSignal</name>
         <load_address>0x85718</load_address>
         <run_address>0x85718</run_address>
         <size>0x16</size>
         <input_file_ref idref="fl-16"/>
      </object_component>
      <object_component id="oc-5b">
         <name>.text:Interrupt_defaultHandler</name>
         <load_address>0x8572e</load_address>
         <run_address>0x8572e</run_address>
         <size>0x16</size>
         <input_file_ref idref="fl-14"/>
      </object_component>
      <object_component id="oc-48d">
         <name>.text:DCC_clearDoneFlag</name>
         <load_address>0x85744</load_address>
         <run_address>0x85744</run_address>
         <size>0x15</size>
         <input_file_ref idref="fl-16"/>
      </object_component>
      <object_component id="oc-487">
         <name>.text:DCC_clearErrorFlag</name>
         <load_address>0x85759</load_address>
         <run_address>0x85759</run_address>
         <size>0x15</size>
         <input_file_ref idref="fl-16"/>
      </object_component>
      <object_component id="oc-499">
         <name>.text:DCC_disableErrorSignal</name>
         <load_address>0x8576e</load_address>
         <run_address>0x8576e</run_address>
         <size>0x15</size>
         <input_file_ref idref="fl-16"/>
      </object_component>
      <object_component id="oc-4bd">
         <name>.text:DCC_enableErrorSignal</name>
         <load_address>0x85783</load_address>
         <run_address>0x85783</run_address>
         <size>0x15</size>
         <input_file_ref idref="fl-16"/>
      </object_component>
      <object_component id="oc-1e5">
         <name>.text:GPIO_unlockPortConfig</name>
         <load_address>0x85798</load_address>
         <run_address>0x85798</run_address>
         <size>0x15</size>
         <input_file_ref idref="fl-5"/>
      </object_component>
      <object_component id="oc-272">
         <name>.text:ADC_clearInterruptStatus</name>
         <load_address>0x857ad</load_address>
         <run_address>0x857ad</run_address>
         <size>0x14</size>
         <input_file_ref idref="fl-4"/>
      </object_component>
      <object_component id="oc-2bc">
         <name>.text:CPUTimer_reloadTimerCounter</name>
         <load_address>0x857c1</load_address>
         <run_address>0x857c1</run_address>
         <size>0x14</size>
         <input_file_ref idref="fl-4"/>
      </object_component>
      <object_component id="oc-2b6">
         <name>.text:CPUTimer_stopTimer</name>
         <load_address>0x857d5</load_address>
         <run_address>0x857d5</run_address>
         <size>0x14</size>
         <input_file_ref idref="fl-4"/>
      </object_component>
      <object_component id="oc-493">
         <name>.text:DCC_disableModule</name>
         <load_address>0x857e9</load_address>
         <run_address>0x857e9</run_address>
         <size>0x14</size>
         <input_file_ref idref="fl-16"/>
      </object_component>
      <object_component id="oc-4c9">
         <name>.text:DCC_enableModule</name>
         <load_address>0x857fd</load_address>
         <run_address>0x857fd</run_address>
         <size>0x14</size>
         <input_file_ref idref="fl-16"/>
      </object_component>
      <object_component id="oc-a2">
         <name>.text:EPWM_setTimeBaseCounterMode</name>
         <load_address>0x85811</load_address>
         <run_address>0x85811</run_address>
         <size>0x14</size>
         <input_file_ref idref="fl-4"/>
      </object_component>
      <object_component id="oc-208">
         <name>.text:EPWM_setTimeBasePeriod</name>
         <load_address>0x85825</load_address>
         <run_address>0x85825</run_address>
         <size>0x14</size>
         <input_file_ref idref="fl-4"/>
      </object_component>
      <object_component id="oc-38d">
         <name>.text:GPIO_isPinValid</name>
         <load_address>0x85839</load_address>
         <run_address>0x85839</run_address>
         <size>0x14</size>
         <input_file_ref idref="fl-13"/>
      </object_component>
      <object_component id="oc-41d">
         <name>.text:SCI_getTxFIFOStatus</name>
         <load_address>0x8584d</load_address>
         <run_address>0x8584d</run_address>
         <size>0x14</size>
         <input_file_ref idref="fl-4"/>
      </object_component>
      <object_component id="oc-259">
         <name>.text:ADC_enableConverter</name>
         <load_address>0x85861</load_address>
         <run_address>0x85861</run_address>
         <size>0x13</size>
         <input_file_ref idref="fl-4"/>
      </object_component>
      <object_component id="oc-161">
         <name>.text:EPWM_clearEventTriggerInterruptFlag</name>
         <load_address>0x85874</load_address>
         <run_address>0x85874</run_address>
         <size>0x13</size>
         <input_file_ref idref="fl-4"/>
      </object_component>
      <object_component id="oc-23a">
         <name>.text:EPWM_enableInterrupt</name>
         <load_address>0x85887</load_address>
         <run_address>0x85887</run_address>
         <size>0x13</size>
         <input_file_ref idref="fl-4"/>
      </object_component>
      <object_component id="oc-3db">
         <name>.text:SCI_enableModule</name>
         <load_address>0x8589a</load_address>
         <run_address>0x8589a</run_address>
         <size>0x13</size>
         <input_file_ref idref="fl-15"/>
      </object_component>
      <object_component id="oc-297">
         <name>.text:SCI_enableModule</name>
         <load_address>0x858ad</load_address>
         <run_address>0x858ad</run_address>
         <size>0x13</size>
         <input_file_ref idref="fl-4"/>
      </object_component>
      <object_component id="oc-2a3">
         <name>.text:SCI_enableRxModule</name>
         <load_address>0x858c0</load_address>
         <run_address>0x858c0</run_address>
         <size>0x13</size>
         <input_file_ref idref="fl-4"/>
      </object_component>
      <object_component id="oc-29d">
         <name>.text:SCI_enableTxModule</name>
         <load_address>0x858d3</load_address>
         <run_address>0x858d3</run_address>
         <size>0x13</size>
         <input_file_ref idref="fl-4"/>
      </object_component>
      <object_component id="oc-3ce">
         <name>.text:SCI_isBaseValid</name>
         <load_address>0x858e6</load_address>
         <run_address>0x858e6</run_address>
         <size>0x13</size>
         <input_file_ref idref="fl-15"/>
      </object_component>
      <object_component id="oc-3e3">
         <name>.text:SCI_isBaseValid</name>
         <load_address>0x858f9</load_address>
         <run_address>0x858f9</run_address>
         <size>0x13</size>
         <input_file_ref idref="fl-4"/>
      </object_component>
      <object_component id="oc-9c">
         <name>.text:EPWM_setTimeBaseCounter</name>
         <load_address>0x8590c</load_address>
         <run_address>0x8590c</run_address>
         <size>0x12</size>
         <input_file_ref idref="fl-4"/>
      </object_component>
      <object_component id="oc-2aa">
         <name>.text:CPUTimer_setPeriod</name>
         <load_address>0x8591e</load_address>
         <run_address>0x8591e</run_address>
         <size>0x11</size>
         <input_file_ref idref="fl-4"/>
      </object_component>
      <object_component id="oc-55b">
         <name>.text:DCC_isBaseValid</name>
         <load_address>0x8592f</load_address>
         <run_address>0x8592f</run_address>
         <size>0x10</size>
         <input_file_ref idref="fl-16"/>
      </object_component>
      <object_component id="oc-b7">
         <name>.text:Device_initGPIO</name>
         <load_address>0x8593f</load_address>
         <run_address>0x8593f</run_address>
         <size>0x10</size>
         <input_file_ref idref="fl-5"/>
      </object_component>
      <object_component id="oc-32e">
         <name>.text:Flash_isCtrlBaseValid</name>
         <load_address>0x8594f</load_address>
         <run_address>0x8594f</run_address>
         <size>0x10</size>
         <input_file_ref idref="fl-12"/>
      </object_component>
      <object_component id="oc-335">
         <name>.text:Flash_isECCBaseValid</name>
         <load_address>0x8595f</load_address>
         <run_address>0x8595f</run_address>
         <size>0x10</size>
         <input_file_ref idref="fl-12"/>
      </object_component>
      <object_component id="oc-22d">
         <name>.text:GPIO_setInterruptType</name>
         <load_address>0x8596f</load_address>
         <run_address>0x8596f</run_address>
         <size>0x10</size>
         <input_file_ref idref="fl-4"/>
      </object_component>
      <object_component id="oc-4f7">
         <name>.text</name>
         <load_address>0x8597f</load_address>
         <run_address>0x8597f</run_address>
         <size>0x10</size>
         <input_file_ref idref="fl-44"/>
      </object_component>
      <object_component id="oc-1cb">
         <name>.text:ASysCtl_disableDCDC</name>
         <load_address>0x8598f</load_address>
         <run_address>0x8598f</run_address>
         <size>0xf</size>
         <input_file_ref idref="fl-5"/>
      </object_component>
      <object_component id="oc-c3">
         <name>.text:Interrupt_register</name>
         <load_address>0x8599e</load_address>
         <run_address>0x8599e</run_address>
         <size>0xf</size>
         <input_file_ref idref="fl-4"/>
      </object_component>
      <object_component id="oc-153">
         <name>.text:sendSCIText</name>
         <load_address>0x859ad</load_address>
         <run_address>0x859ad</run_address>
         <size>0xf</size>
         <input_file_ref idref="fl-4"/>
      </object_component>
      <object_component id="oc-5a5">
         <name>.text</name>
         <load_address>0x859bc</load_address>
         <run_address>0x859bc</run_address>
         <size>0xe</size>
         <input_file_ref idref="fl-37"/>
      </object_component>
      <object_component id="oc-1ec">
         <name>.text:Interrupt_disableGlobal</name>
         <load_address>0x859ca</load_address>
         <run_address>0x859ca</run_address>
         <size>0xd</size>
         <input_file_ref idref="fl-14"/>
      </object_component>
      <object_component id="oc-2d9">
         <name>.text:Interrupt_enableGlobal</name>
         <load_address>0x859d7</load_address>
         <run_address>0x859d7</run_address>
         <size>0xd</size>
         <input_file_ref idref="fl-14"/>
      </object_component>
      <object_component id="oc-1b2">
         <name>.text:SysCtl_setLowSpeedClock</name>
         <load_address>0x859e4</load_address>
         <run_address>0x859e4</run_address>
         <size>0xd</size>
         <input_file_ref idref="fl-5"/>
      </object_component>
      <object_component id="oc-31e">
         <name>.text</name>
         <load_address>0x859f1</load_address>
         <run_address>0x859f1</run_address>
         <size>0xc</size>
         <input_file_ref idref="fl-2f"/>
      </object_component>
      <object_component id="oc-5c0">
         <name>.text</name>
         <load_address>0x859fd</load_address>
         <run_address>0x859fd</run_address>
         <size>0xc</size>
         <input_file_ref idref="fl-45"/>
      </object_component>
      <object_component id="oc-1a0">
         <name>.text:SysCtl_disableWatchdog</name>
         <load_address>0x85a09</load_address>
         <run_address>0x85a09</run_address>
         <size>0xb</size>
         <input_file_ref idref="fl-5"/>
      </object_component>
      <object_component id="oc-36e">
         <name>.text:SysCtl_isMCDClockFailureDetected</name>
         <load_address>0x85a14</load_address>
         <run_address>0x85a14</run_address>
         <size>0xb</size>
         <input_file_ref idref="fl-16"/>
      </object_component>
      <object_component id="oc-514">
         <name>.text</name>
         <load_address>0x85a1f</load_address>
         <run_address>0x85a1f</run_address>
         <size>0xb</size>
         <input_file_ref idref="fl-33"/>
      </object_component>
      <object_component id="oc-67">
         <name>.text:Interrupt_illegalOperationHandler</name>
         <load_address>0x85a2a</load_address>
         <run_address>0x85a2a</run_address>
         <size>0xa</size>
         <input_file_ref idref="fl-14"/>
      </object_component>
      <object_component id="oc-6d">
         <name>.text:Interrupt_nmiHandler</name>
         <load_address>0x85a34</load_address>
         <run_address>0x85a34</run_address>
         <size>0xa</size>
         <input_file_ref idref="fl-14"/>
      </object_component>
      <object_component id="oc-540">
         <name>.text</name>
         <load_address>0x85a3e</load_address>
         <run_address>0x85a3e</run_address>
         <size>0x9</size>
         <input_file_ref idref="fl-2e"/>
      </object_component>
      <object_component id="oc-586">
         <name>.text</name>
         <load_address>0x85a47</load_address>
         <run_address>0x85a47</run_address>
         <size>0x9</size>
         <input_file_ref idref="fl-36"/>
      </object_component>
      <object_component id="oc-19">
         <name>.text:decompress:none</name>
         <load_address>0x85a50</load_address>
         <run_address>0x85a50</run_address>
         <size>0x8</size>
         <input_file_ref idref="fl-2b"/>
      </object_component>
      <object_component id="oc-8a">
         <name>.text</name>
         <load_address>0x85a58</load_address>
         <run_address>0x85a58</run_address>
         <size>0x8</size>
         <input_file_ref idref="fl-6"/>
      </object_component>
      <object_component id="oc-4eb">
         <name>.text</name>
         <load_address>0x85a60</load_address>
         <run_address>0x85a60</run_address>
         <size>0x8</size>
         <input_file_ref idref="fl-47"/>
      </object_component>
      <object_component id="oc-552">
         <name>.text:SysCtl_resetMCD</name>
         <load_address>0x85a68</load_address>
         <run_address>0x85a68</run_address>
         <size>0x7</size>
         <input_file_ref idref="fl-16"/>
      </object_component>
      <object_component id="oc-193">
         <name>.text:__error__</name>
         <load_address>0x85a6f</load_address>
         <run_address>0x85a6f</run_address>
         <size>0x7</size>
         <input_file_ref idref="fl-5"/>
      </object_component>
      <object_component id="oc-180">
         <name>.text</name>
         <load_address>0x85a76</load_address>
         <run_address>0x85a76</run_address>
         <size>0x7</size>
         <input_file_ref idref="fl-30"/>
      </object_component>
      <object_component id="oc-a8">
         <name>.text:Interrupt_clearACKGroup</name>
         <load_address>0x85a7d</load_address>
         <run_address>0x85a7d</run_address>
         <size>0x6</size>
         <input_file_ref idref="fl-4"/>
      </object_component>
      <object_component id="oc-c9">
         <name>.text:Board_init</name>
         <load_address>0x85a83</load_address>
         <run_address>0x85a83</run_address>
         <size>0x5</size>
         <input_file_ref idref="fl-2"/>
      </object_component>
      <object_component id="oc-4f1">
         <name>.text</name>
         <load_address>0x85a88</load_address>
         <run_address>0x85a88</run_address>
         <size>0x5</size>
         <input_file_ref idref="fl-46"/>
      </object_component>
      <object_component id="oc-317">
         <name>.text</name>
         <load_address>0x85a8d</load_address>
         <run_address>0x85a8d</run_address>
         <size>0x2</size>
         <input_file_ref idref="fl-28"/>
      </object_component>
      <object_component id="oc-1f4">
         <name>.text:PinMux_init</name>
         <load_address>0x85a8f</load_address>
         <run_address>0x85a8f</run_address>
         <size>0x1</size>
         <input_file_ref idref="fl-2"/>
      </object_component>
      <object_component id="oc-526">
         <name>.text</name>
         <load_address>0x85a90</load_address>
         <run_address>0x85a90</run_address>
         <size>0x1</size>
         <input_file_ref idref="fl-40"/>
      </object_component>
      <object_component id="oc-65d">
         <name>.cinit..data.load</name>
         <load_address>0x8112c</load_address>
         <run_address>0x8112c</run_address>
         <size>0x11</size>
      </object_component>
      <object_component id="oc-65b">
         <name>__TI_handler_table</name>
         <load_address>0x8113e</load_address>
         <run_address>0x8113e</run_address>
         <size>0x4</size>
      </object_component>
      <object_component id="oc-65c">
         <name>__TI_cinit_table</name>
         <load_address>0x81142</load_address>
         <run_address>0x81142</run_address>
         <size>0x4</size>
      </object_component>
      <object_component id="oc-73">
         <name>.stack</name>
         <uninitialized>true</uninitialized>
         <run_address>0x400</run_address>
         <size>0x0</size>
         <input_file_ref idref="fl-24"/>
      </object_component>
      <object_component id="oc-65e">
         <name>.stack</name>
         <uninitialized>true</uninitialized>
         <run_address>0x400</run_address>
         <size>0x0</size>
      </object_component>
      <object_component id="oc-ae">
         <name>.data</name>
         <load_address>0xa800</load_address>
         <run_address>0xa800</run_address>
         <size>0x1c</size>
         <input_file_ref idref="fl-4"/>
      </object_component>
      <object_component id="oc-45e">
         <name>.data</name>
         <load_address>0xa81c</load_address>
         <run_address>0xa81c</run_address>
         <size>0x6</size>
         <input_file_ref idref="fl-2d"/>
      </object_component>
      <object_component id="oc-461">
         <name>.data:_lock</name>
         <load_address>0xa822</load_address>
         <run_address>0xa822</run_address>
         <size>0x2</size>
         <input_file_ref idref="fl-2e"/>
      </object_component>
      <object_component id="oc-5ce">
         <name>.data:_unlock</name>
         <load_address>0xa824</load_address>
         <run_address>0xa824</run_address>
         <size>0x2</size>
         <input_file_ref idref="fl-2e"/>
      </object_component>
      <object_component id="oc-2d4">
         <name>.data</name>
         <load_address>0xa826</load_address>
         <run_address>0xa826</run_address>
         <size>0x1</size>
         <input_file_ref idref="fl-31"/>
      </object_component>
      <object_component id="oc-14c">
         <name>.const:.string</name>
         <load_address>0x84000</load_address>
         <run_address>0x84000</run_address>
         <size>0x128</size>
         <input_file_ref idref="fl-4"/>
      </object_component>
      <object_component id="oc-576">
         <name>.const:.string:_ctypes_</name>
         <load_address>0x84128</load_address>
         <run_address>0x84128</run_address>
         <size>0x101</size>
         <input_file_ref idref="fl-43"/>
      </object_component>
      <object_component id="oc-334">
         <name>.const:.string</name>
         <load_address>0x8422a</load_address>
         <run_address>0x8422a</run_address>
         <size>0x9b</size>
         <input_file_ref idref="fl-12"/>
      </object_component>
      <object_component id="oc-36d">
         <name>.const:.string</name>
         <load_address>0x842c6</load_address>
         <run_address>0x842c6</run_address>
         <size>0x9a</size>
         <input_file_ref idref="fl-16"/>
      </object_component>
      <object_component id="oc-393">
         <name>.const:.string</name>
         <load_address>0x84360</load_address>
         <run_address>0x84360</run_address>
         <size>0x98</size>
         <input_file_ref idref="fl-13"/>
      </object_component>
      <object_component id="oc-3d4">
         <name>.const:.string</name>
         <load_address>0x843f8</load_address>
         <run_address>0x843f8</run_address>
         <size>0x97</size>
         <input_file_ref idref="fl-15"/>
      </object_component>
      <object_component id="oc-1be">
         <name>.const:.string</name>
         <load_address>0x84490</load_address>
         <run_address>0x84490</run_address>
         <size>0x53</size>
         <input_file_ref idref="fl-5"/>
      </object_component>
      <object_component id="oc-406">
         <name>.const:.string</name>
         <load_address>0x844e4</load_address>
         <run_address>0x844e4</run_address>
         <size>0x51</size>
         <input_file_ref idref="fl-14"/>
      </object_component>
      <object_component id="oc-3b9">
         <name>.const:.string</name>
         <load_address>0x84536</load_address>
         <run_address>0x84536</run_address>
         <size>0x4b</size>
         <input_file_ref idref="fl-10"/>
      </object_component>
      <object_component id="oc-4ea">
         <name>.const:.string</name>
         <load_address>0x84582</load_address>
         <run_address>0x84582</run_address>
         <size>0x26</size>
         <input_file_ref idref="fl-32"/>
      </object_component>
      <object_component id="oc-580">
         <name>.const</name>
         <load_address>0x845a8</load_address>
         <run_address>0x845a8</run_address>
         <size>0x1c</size>
         <input_file_ref idref="fl-32"/>
      </object_component>
      <object_component id="oc-603">
         <name>.const</name>
         <load_address>0x845c4</load_address>
         <run_address>0x845c4</run_address>
         <size>0x1c</size>
         <input_file_ref idref="fl-49"/>
      </object_component>
      <object_component id="oc-5fe">
         <name>.const</name>
         <load_address>0x845e0</load_address>
         <run_address>0x845e0</run_address>
         <size>0x8</size>
         <input_file_ref idref="fl-48"/>
      </object_component>
      <object_component id="oc-159">
         <name>.const</name>
         <load_address>0x845e8</load_address>
         <run_address>0x845e8</run_address>
         <size>0x2</size>
         <input_file_ref idref="fl-4"/>
      </object_component>
      <object_component id="oc-1a6">
         <name>.TI.ramfunc:Flash_initModule</name>
         <load_address>0x81000</load_address>
         <run_address>0x8000</run_address>
         <size>0x44</size>
         <input_file_ref idref="fl-12"/>
      </object_component>
      <object_component id="oc-33b">
         <name>.TI.ramfunc:Flash_setBankPowerMode</name>
         <load_address>0x81044</load_address>
         <run_address>0x8044</run_address>
         <size>0x2c</size>
         <input_file_ref idref="fl-12"/>
      </object_component>
      <object_component id="oc-353">
         <name>.TI.ramfunc:Flash_setWaitstates</name>
         <load_address>0x81070</load_address>
         <run_address>0x8070</run_address>
         <size>0x24</size>
         <input_file_ref idref="fl-12"/>
      </object_component>
      <object_component id="oc-341">
         <name>.TI.ramfunc:Flash_setPumpPowerMode</name>
         <load_address>0x81094</load_address>
         <run_address>0x8094</run_address>
         <size>0x1d</size>
         <input_file_ref idref="fl-12"/>
      </object_component>
      <object_component id="oc-347">
         <name>.TI.ramfunc:Flash_disableCache</name>
         <load_address>0x810b1</load_address>
         <run_address>0x80b1</run_address>
         <size>0x18</size>
         <input_file_ref idref="fl-12"/>
      </object_component>
      <object_component id="oc-34d">
         <name>.TI.ramfunc:Flash_disablePrefetch</name>
         <load_address>0x810c9</load_address>
         <run_address>0x80c9</run_address>
         <size>0x18</size>
         <input_file_ref idref="fl-12"/>
      </object_component>
      <object_component id="oc-359">
         <name>.TI.ramfunc:Flash_enableCache</name>
         <load_address>0x810e1</load_address>
         <run_address>0x80e1</run_address>
         <size>0x17</size>
         <input_file_ref idref="fl-12"/>
      </object_component>
      <object_component id="oc-35f">
         <name>.TI.ramfunc:Flash_enablePrefetch</name>
         <load_address>0x810f8</load_address>
         <run_address>0x80f8</run_address>
         <size>0x17</size>
         <input_file_ref idref="fl-12"/>
      </object_component>
      <object_component id="oc-365">
         <name>.TI.ramfunc:Flash_enableECC</name>
         <load_address>0x8110f</load_address>
         <run_address>0x810f</run_address>
         <size>0x16</size>
         <input_file_ref idref="fl-12"/>
      </object_component>
      <object_component id="oc-25f">
         <name>.TI.ramfunc</name>
         <load_address>0x81125</load_address>
         <run_address>0x8125</run_address>
         <size>0x4</size>
         <input_file_ref idref="fl-16"/>
      </object_component>
      <object_component id="oc-1fb">
         <name>.debug_types</name>
         <load_address>0x0</load_address>
         <run_address>0x0</run_address>
         <size>0x2d9</size>
         <input_file_ref idref="fl-2"/>
      </object_component>
      <object_component id="oc-2d0">
         <name>.debug_types</name>
         <load_address>0x0</load_address>
         <run_address>0x0</run_address>
         <size>0x0</size>
         <input_file_ref idref="fl-3"/>
      </object_component>
      <object_component id="oc-15d">
         <name>.debug_types</name>
         <load_address>0x2d9</load_address>
         <run_address>0x2d9</run_address>
         <size>0x23e2</size>
         <input_file_ref idref="fl-4"/>
      </object_component>
      <object_component id="oc-1e4">
         <name>.debug_types</name>
         <load_address>0x26bb</load_address>
         <run_address>0x26bb</run_address>
         <size>0x475</size>
         <input_file_ref idref="fl-5"/>
      </object_component>
      <object_component id="oc-3c1">
         <name>.debug_types</name>
         <load_address>0x2b30</load_address>
         <run_address>0x2b30</run_address>
         <size>0x128</size>
         <input_file_ref idref="fl-10"/>
      </object_component>
      <object_component id="oc-36c">
         <name>.debug_types</name>
         <load_address>0x2c58</load_address>
         <run_address>0x2c58</run_address>
         <size>0x1e9</size>
         <input_file_ref idref="fl-12"/>
      </object_component>
      <object_component id="oc-395">
         <name>.debug_types</name>
         <load_address>0x2e41</load_address>
         <run_address>0x2e41</run_address>
         <size>0x212</size>
         <input_file_ref idref="fl-13"/>
      </object_component>
      <object_component id="oc-172">
         <name>.debug_types</name>
         <load_address>0x0</load_address>
         <run_address>0x0</run_address>
         <size>0x0</size>
         <input_file_ref idref="fl-14"/>
      </object_component>
      <object_component id="oc-3e2">
         <name>.debug_types</name>
         <load_address>0x3053</load_address>
         <run_address>0x3053</run_address>
         <size>0x259</size>
         <input_file_ref idref="fl-15"/>
      </object_component>
      <object_component id="oc-381">
         <name>.debug_types</name>
         <load_address>0x32ac</load_address>
         <run_address>0x32ac</run_address>
         <size>0x1d4</size>
         <input_file_ref idref="fl-16"/>
      </object_component>
      <object_component id="oc-2eb">
         <name>.debug_types</name>
         <load_address>0x3480</load_address>
         <run_address>0x3480</run_address>
         <size>0x2c2</size>
         <input_file_ref idref="fl-22"/>
      </object_component>
      <object_component id="oc-2d8">
         <name>.debug_types</name>
         <load_address>0x3742</load_address>
         <run_address>0x3742</run_address>
         <size>0x5e</size>
         <input_file_ref idref="fl-23"/>
      </object_component>
      <object_component id="oc-17a">
         <name>.debug_types</name>
         <load_address>0x37a0</load_address>
         <run_address>0x37a0</run_address>
         <size>0x89</size>
         <input_file_ref idref="fl-27"/>
      </object_component>
      <object_component id="oc-42b">
         <name>.debug_types</name>
         <load_address>0x0</load_address>
         <run_address>0x0</run_address>
         <size>0x0</size>
         <input_file_ref idref="fl-28"/>
      </object_component>
      <object_component id="oc-52d">
         <name>.debug_types</name>
         <load_address>0x3829</load_address>
         <run_address>0x3829</run_address>
         <size>0x412</size>
         <input_file_ref idref="fl-29"/>
      </object_component>
      <object_component id="oc-7d">
         <name>.debug_types</name>
         <load_address>0x3c3b</load_address>
         <run_address>0x3c3b</run_address>
         <size>0x194</size>
         <input_file_ref idref="fl-2b"/>
      </object_component>
      <object_component id="oc-75">
         <name>.debug_types</name>
         <load_address>0x3dcf</load_address>
         <run_address>0x3dcf</run_address>
         <size>0x191</size>
         <input_file_ref idref="fl-2c"/>
      </object_component>
      <object_component id="oc-465">
         <name>.debug_types</name>
         <load_address>0x3f60</load_address>
         <run_address>0x3f60</run_address>
         <size>0x90</size>
         <input_file_ref idref="fl-2d"/>
      </object_component>
      <object_component id="oc-548">
         <name>.debug_types</name>
         <load_address>0x3ff0</load_address>
         <run_address>0x3ff0</run_address>
         <size>0x2f</size>
         <input_file_ref idref="fl-2e"/>
      </object_component>
      <object_component id="oc-45d">
         <name>.debug_types</name>
         <load_address>0x401f</load_address>
         <run_address>0x401f</run_address>
         <size>0xb6</size>
         <input_file_ref idref="fl-2f"/>
      </object_component>
      <object_component id="oc-316">
         <name>.debug_types</name>
         <load_address>0x0</load_address>
         <run_address>0x0</run_address>
         <size>0x0</size>
         <input_file_ref idref="fl-30"/>
      </object_component>
      <object_component id="oc-401">
         <name>.debug_types</name>
         <load_address>0x0</load_address>
         <run_address>0x0</run_address>
         <size>0x0</size>
         <input_file_ref idref="fl-31"/>
      </object_component>
      <object_component id="oc-4fe">
         <name>.debug_types</name>
         <load_address>0x40d5</load_address>
         <run_address>0x40d5</run_address>
         <size>0x8c8</size>
         <input_file_ref idref="fl-32"/>
      </object_component>
      <object_component id="oc-57f">
         <name>.debug_types</name>
         <load_address>0x499d</load_address>
         <run_address>0x499d</run_address>
         <size>0x160</size>
         <input_file_ref idref="fl-33"/>
      </object_component>
      <object_component id="oc-5c8">
         <name>.debug_types</name>
         <load_address>0x0</load_address>
         <run_address>0x0</run_address>
         <size>0x0</size>
         <input_file_ref idref="fl-40"/>
      </object_component>
      <object_component id="oc-5f5">
         <name>.debug_types</name>
         <load_address>0x4afd</load_address>
         <run_address>0x4afd</run_address>
         <size>0x61</size>
         <input_file_ref idref="fl-41"/>
      </object_component>
      <object_component id="oc-57a">
         <name>.debug_types</name>
         <load_address>0x4b5e</load_address>
         <run_address>0x4b5e</run_address>
         <size>0x34</size>
         <input_file_ref idref="fl-42"/>
      </object_component>
      <object_component id="oc-5e3">
         <name>.debug_types</name>
         <load_address>0x0</load_address>
         <run_address>0x0</run_address>
         <size>0x0</size>
         <input_file_ref idref="fl-43"/>
      </object_component>
      <object_component id="oc-572">
         <name>.debug_types</name>
         <load_address>0x0</load_address>
         <run_address>0x0</run_address>
         <size>0x0</size>
         <input_file_ref idref="fl-44"/>
      </object_component>
      <object_component id="oc-610">
         <name>.debug_types</name>
         <load_address>0x0</load_address>
         <run_address>0x0</run_address>
         <size>0x0</size>
         <input_file_ref idref="fl-45"/>
      </object_component>
      <object_component id="oc-570">
         <name>.debug_types</name>
         <load_address>0x4b92</load_address>
         <run_address>0x4b92</run_address>
         <size>0x34</size>
         <input_file_ref idref="fl-46"/>
      </object_component>
      <object_component id="oc-56e">
         <name>.debug_types</name>
         <load_address>0x0</load_address>
         <run_address>0x0</run_address>
         <size>0x0</size>
         <input_file_ref idref="fl-47"/>
      </object_component>
      <object_component id="oc-602">
         <name>.debug_types</name>
         <load_address>0x4bc6</load_address>
         <run_address>0x4bc6</run_address>
         <size>0x2f</size>
         <input_file_ref idref="fl-48"/>
      </object_component>
      <object_component id="oc-60d">
         <name>.debug_types</name>
         <load_address>0x0</load_address>
         <run_address>0x0</run_address>
         <size>0x0</size>
         <input_file_ref idref="fl-49"/>
      </object_component>
      <object_component id="oc-629">
         <name>.debug_types</name>
         <load_address>0x0</load_address>
         <run_address>0x0</run_address>
         <size>0x0</size>
         <input_file_ref idref="fl-4a"/>
      </object_component>
      <object_component id="oc-cc">
         <name>.debug_info</name>
         <load_address>0x0</load_address>
         <run_address>0x0</run_address>
         <size>0x130</size>
         <input_file_ref idref="fl-2"/>
      </object_component>
      <object_component id="oc-1f7">
         <name>.debug_info</name>
         <load_address>0x130</load_address>
         <run_address>0x130</run_address>
         <size>0x121</size>
         <input_file_ref idref="fl-2"/>
      </object_component>
      <object_component id="oc-11a">
         <name>.debug_info</name>
         <load_address>0x251</load_address>
         <run_address>0x251</run_address>
         <size>0x157</size>
         <input_file_ref idref="fl-3"/>
      </object_component>
      <object_component id="oc-af">
         <name>.debug_info</name>
         <load_address>0x3a8</load_address>
         <run_address>0x3a8</run_address>
         <size>0x3fd</size>
         <input_file_ref idref="fl-4"/>
      </object_component>
      <object_component id="oc-15a">
         <name>.debug_info</name>
         <load_address>0x7a5</load_address>
         <run_address>0x7a5</run_address>
         <size>0x113</size>
         <input_file_ref idref="fl-4"/>
      </object_component>
      <object_component id="oc-3c3">
         <name>.debug_info</name>
         <load_address>0x8b8</load_address>
         <run_address>0x8b8</run_address>
         <size>0x18a</size>
         <input_file_ref idref="fl-4"/>
      </object_component>
      <object_component id="oc-254">
         <name>.debug_info</name>
         <load_address>0xa42</load_address>
         <run_address>0xa42</run_address>
         <size>0x1d7</size>
         <input_file_ref idref="fl-4"/>
      </object_component>
      <object_component id="oc-261">
         <name>.debug_info</name>
         <load_address>0xc19</load_address>
         <run_address>0xc19</run_address>
         <size>0x256</size>
         <input_file_ref idref="fl-4"/>
      </object_component>
      <object_component id="oc-25a">
         <name>.debug_info</name>
         <load_address>0xe6f</load_address>
         <run_address>0xe6f</run_address>
         <size>0x1ae</size>
         <input_file_ref idref="fl-4"/>
      </object_component>
      <object_component id="oc-2fa">
         <name>.debug_info</name>
         <load_address>0x101d</load_address>
         <run_address>0x101d</run_address>
         <size>0x1cb</size>
         <input_file_ref idref="fl-4"/>
      </object_component>
      <object_component id="oc-300">
[...]
         <value>0x836d9</value>
         <object_component_ref idref="oc-4f"/>
      </symbol>
      <symbol id="sm-2e5">
         <name>epwmSchedulerISR_Y</name>
         <value>0x83787</value>
         <object_component_ref idref="oc-49"/>
      </symbol>
      <symbol id="sm-2e6">
         <name>epwmSchedulerISR_R</name>
         <value>0x83730</value>
         <object_component_ref idref="oc-43"/>
      </symbol>
      <symbol id="sm-2e7">
         <name>initSCIA</name>
         <value>0x83885</value>
         <object_component_ref idref="oc-10b"/>
      </symbol>
      <symbol id="sm-2e8">
         <name>final_rms</name>
         <value>0xa818</value>
         <object_component_ref idref="oc-ae"/>
      </symbol>
      <symbol id="sm-2e9">
         <name>initepwm_scheduler_Y</name>
         <value>0x83cd3</value>
         <object_component_ref idref="oc-ed"/>
      </symbol>
      <symbol id="sm-2ea">
         <name>initepwm_scheduler_R</name>
         <value>0x83c90</value>
         <object_component_ref idref="oc-db"/>
      </symbol>
      <symbol id="sm-2eb">
         <name>initepwm_scheduler_B</name>
         <value>0x83c4d</value>
         <object_component_ref idref="oc-ff"/>
      </symbol>
      <symbol id="sm-2ec">
         <name>schedState_B</name>
         <value>0xa804</value>
         <object_component_ref idref="oc-ae"/>
      </symbol>
      <symbol id="sm-2ed">
         <name>schedState_Y</name>
         <value>0xa803</value>
         <object_component_ref idref="oc-ae"/>
      </symbol>
      <symbol id="sm-2ee">
         <name>schedState_R</name>
         <value>0xa802</value>
         <object_component_ref idref="oc-ae"/>
      </symbol>
      <symbol id="sm-2ef">
         <name>main</name>
         <value>0x82cd6</value>
         <object_component_ref idref="oc-2c"/>
      </symbol>
      <symbol id="sm-2f0">
         <name>raw_cal</name>
         <value>0xa805</value>
         <object_component_ref idref="oc-ae"/>
      </symbol>
      <symbol id="sm-2f1">
         <name>initEPWM1_R</name>
         <value>0x83a08</value>
         <object_component_ref idref="oc-cf"/>
      </symbol>
      <symbol id="sm-2f2">
         <name>xint2_ISR_Y</name>
         <value>0x83b7a</value>
         <object_component_ref idref="oc-37"/>
      </symbol>
      <symbol id="sm-2f3">
         <name>rms_flag</name>
         <value>0xa801</value>
         <object_component_ref idref="oc-ae"/>
      </symbol>
      <symbol id="sm-2f4">
         <name>sum_squares_ac</name>
         <value>0xa816</value>
         <object_component_ref idref="oc-ae"/>
      </symbol>
      <symbol id="sm-2f5">
         <name>currentDuty</name>
         <value>0xa800</value>
         <object_component_ref idref="oc-ae"/>
      </symbol>
      <symbol id="sm-2f6">
         <name>data_ready_flag</name>
         <value>0xa807</value>
         <object_component_ref idref="oc-ae"/>
      </symbol>
      <symbol id="sm-2f7">
         <name>initADC</name>
         <value>0x83f24</value>
         <object_component_ref idref="oc-105"/>
      </symbol>
      <symbol id="sm-2f8">
         <name>xint1_ISR_R</name>
         <value>0x83b32</value>
         <object_component_ref idref="oc-2b"/>
      </symbol>
      <symbol id="sm-2f9">
         <name>FIRE_DELAY_Y</name>
         <value>0xa80e</value>
         <object_component_ref idref="oc-ae"/>
      </symbol>
      <symbol id="sm-2fa">
         <name>FIRE_DELAY_R</name>
         <value>0xa80a</value>
         <object_component_ref idref="oc-ae"/>
      </symbol>
      <symbol id="sm-2fb">
         <name>FIRE_DELAY_B</name>
         <value>0xa812</value>
         <object_component_ref idref="oc-ae"/>
      </symbol>
      <symbol id="sm-2fc">
         <name>temp_sum_squares</name>
         <value>0xa81a</value>
         <object_component_ref idref="oc-ae"/>
      </symbol>
      <symbol id="sm-2fd">
         <name>VOLTS_PER_COUNT</name>
         <value>0x845e8</value>
         <object_component_ref idref="oc-159"/>
      </symbol>
      <symbol id="sm-2fe">
         <name>FIRE_WIDTH_Y</name>
         <value>0xa810</value>
         <object_component_ref idref="oc-ae"/>
      </symbol>
      <symbol id="sm-2ff">
         <name>FIRE_WIDTH_R</name>
         <value>0xa80c</value>
         <object_component_ref idref="oc-ae"/>
      </symbol>
      <symbol id="sm-300">
         <name>FIRE_WIDTH_B</name>
         <value>0xa814</value>
         <object_component_ref idref="oc-ae"/>
      </symbol>
      <symbol id="sm-301">
         <name>initEPWM3_B</name>
         <value>0x83a9e</value>
         <object_component_ref idref="oc-f3"/>
      </symbol>
      <symbol id="sm-350">
         <name>Device_enableAllPeripherals</name>
         <value>0x83000</value>
         <object_component_ref idref="oc-1c5"/>
      </symbol>
      <symbol id="sm-351">
         <name>Device_initGPIO</name>
         <value>0x8593f</value>
         <object_component_ref idref="oc-b7"/>
      </symbol>
      <symbol id="sm-352">
         <name>Device_init</name>
         <value>0x835bf</value>
         <object_component_ref idref="oc-b1"/>
      </symbol>
      <symbol id="sm-353">
         <name>__error__</name>
         <value>0x85a6f</value>
         <object_component_ref idref="oc-193"/>
      </symbol>
      <symbol id="sm-362">
         <name>code_start</name>
         <value>0x80000</value>
         <object_component_ref idref="oc-20"/>
      </symbol>
      <symbol id="sm-38e">
         <name>ADC_setOffsetTrimAll</name>
         <value>0x8518b</value>
         <object_component_ref idref="oc-3ba"/>
      </symbol>
      <symbol id="sm-38f">
         <name>ADC_setVREF</name>
         <value>0x83971</value>
         <object_component_ref idref="oc-24d"/>
      </symbol>
      <symbol id="sm-400">
         <name>Flash_initModule</name>
         <value>0x8000</value>
         <object_component_ref idref="oc-1a6"/>
      </symbol>
      <symbol id="sm-462">
         <name>GPIO_setQualificationMode</name>
         <value>0x83e82</value>
         <object_component_ref idref="oc-221"/>
      </symbol>
      <symbol id="sm-463">
         <name>GPIO_setPadConfig</name>
         <value>0x83833</value>
         <object_component_ref idref="oc-1d1"/>
      </symbol>
      <symbol id="sm-464">
         <name>GPIO_setInterruptPin</name>
         <value>0x83ef0</value>
         <object_component_ref idref="oc-227"/>
      </symbol>
      <symbol id="sm-465">
         <name>GPIO_setAnalogMode</name>
         <value>0x83e11</value>
         <object_component_ref idref="oc-1dd"/>
      </symbol>
      <symbol id="sm-466">
         <name>GPIO_setDirectionMode</name>
         <value>0x83f89</value>
         <object_component_ref idref="oc-1d7"/>
      </symbol>
      <symbol id="sm-467">
         <name>GPIO_setPinConfig</name>
         <value>0x83e4b</value>
         <object_component_ref idref="oc-1fc"/>
      </symbol>
      <symbol id="sm-4e0">
         <name>Interrupt_defaultHandler</name>
         <value>0x8572e</value>
         <object_component_ref idref="oc-5b"/>
      </symbol>
      <symbol id="sm-4e1">
         <name>Interrupt_disable</name>
         <value>0x838d6</value>
         <object_component_ref idref="oc-140"/>
      </symbol>
      <symbol id="sm-4e2">
         <name>Interrupt_initModule</name>
         <value>0x83dd4</value>
         <object_component_ref idref="oc-bd"/>
      </symbol>
      <symbol id="sm-4e3">
         <name>Interrupt_nmiHandler</name>
         <value>0x85a34</value>
         <object_component_ref idref="oc-6d"/>
      </symbol>
      <symbol id="sm-4e4">
         <name>Interrupt_enable</name>
         <value>0x83eb9</value>
         <object_component_ref idref="oc-134"/>
      </symbol>
      <symbol id="sm-4e5">
         <name>Interrupt_initVectorTable</name>
         <value>0x853ae</value>
         <object_component_ref idref="oc-5c"/>
      </symbol>
      <symbol id="sm-4e6">
         <name>Interrupt_illegalOperationHandler</name>
         <value>0x85a2a</value>
         <object_component_ref idref="oc-67"/>
      </symbol>
      <symbol id="sm-515">
         <name>SCI_setConfig</name>
         <value>0x83d96</value>
         <object_component_ref idref="oc-279"/>
      </symbol>
      <symbol id="sm-629">
         <name>SysCtl_isPLLValid</name>
         <value>0x831a8</value>
         <object_component_ref idref="oc-37a"/>
      </symbol>
      <symbol id="sm-62a">
         <name>SysCtl_delay</name>
         <value>0x8125</value>
         <object_component_ref idref="oc-25f"/>
      </symbol>
      <symbol id="sm-62b">
         <name>SysCtl_selectXTALSingleEnded</name>
         <value>0x85203</value>
         <object_component_ref idref="oc-47a"/>
      </symbol>
      <symbol id="sm-62c">
         <name>SysCtl_selectXTAL</name>
         <value>0x83d56</value>
         <object_component_ref idref="oc-474"/>
      </symbol>
      <symbol id="sm-62d">
         <name>SysCtl_selectOscSource</name>
         <value>0x83924</value>
         <object_component_ref idref="oc-374"/>
      </symbol>
      <symbol id="sm-62e">
         <name>SysCtl_getLowSpeedClock</name>
         <value>0x8555a</value>
         <object_component_ref idref="oc-1bf"/>
      </symbol>
      <symbol id="sm-62f">
         <name>SysCtl_setClock</name>
         <value>0x830e0</value>
         <object_component_ref idref="oc-1ac"/>
      </symbol>
      <symbol id="sm-630">
         <name>SysCtl_getClock</name>
         <value>0x83621</value>
         <object_component_ref idref="oc-1b8"/>
      </symbol>
      <symbol id="sm-63f">
         <name>sprintf</name>
         <value>0x83f57</value>
         <object_component_ref idref="oc-14d"/>
      </symbol>
      <symbol id="sm-650">
         <name>sqrtf</name>
         <value>0x851dc</value>
         <object_component_ref idref="oc-12e"/>
      </symbol>
      <symbol id="sm-65a">
         <name>_c_int00</name>
         <value>0x856d5</value>
         <object_component_ref idref="oc-187"/>
      </symbol>
      <symbol id="sm-65b">
         <name>__stack</name>
         <value>0x400</value>
         <object_component_ref idref="oc-73"/>
      </symbol>
      <symbol id="sm-668">
         <name>__c28xabi_divf</name>
         <value>0x83435</value>
         <object_component_ref idref="oc-129"/>
      </symbol>
      <symbol id="sm-672">
         <name>__c28xabi_cmpll</name>
         <value>0x853ea</value>
         <object_component_ref idref="oc-505"/>
      </symbol>
      <symbol id="sm-673">
         <name>__c28xabi_cmpull</name>
         <value>0x853fc</value>
         <object_component_ref idref="oc-505"/>
      </symbol>
      <symbol id="sm-685">
         <name>memcpy</name>
         <value>0x85499</value>
         <object_component_ref idref="oc-76"/>
      </symbol>
      <symbol id="sm-692">
         <name>_system_pre_init</name>
         <value>0x85a8d</value>
         <object_component_ref idref="oc-317"/>
      </symbol>
      <symbol id="sm-6a1">
         <name>__TI_auto_init_nobinit_nopinit</name>
         <value>0x850b8</value>
         <object_component_ref idref="oc-42c"/>
      </symbol>
      <symbol id="sm-6af">
         <name>__TI_decompress_none</name>
         <value>0x85a50</value>
         <object_component_ref idref="oc-19"/>
      </symbol>
      <symbol id="sm-6c3">
         <name>__TI_decompress_lzss</name>
         <value>0x8505f</value>
         <object_component_ref idref="oc-13"/>
      </symbol>
      <symbol id="sm-6d9">
         <name>C$$EXIT</name>
         <value>0x85162</value>
         <object_component_ref idref="oc-324"/>
      </symbol>
      <symbol id="sm-6da">
         <name>abort</name>
         <value>0x85162</value>
         <object_component_ref idref="oc-324"/>
      </symbol>
      <symbol id="sm-6db">
         <name>exit</name>
         <value>0x85164</value>
         <object_component_ref idref="oc-324"/>
      </symbol>
      <symbol id="sm-6dc">
         <name>__TI_dtors_ptr</name>
         <value>0xa820</value>
         <object_component_ref idref="oc-45e"/>
      </symbol>
      <symbol id="sm-6dd">
         <name>__TI_cleanup_ptr</name>
         <value>0xa81e</value>
         <object_component_ref idref="oc-45e"/>
      </symbol>
      <symbol id="sm-6de">
         <name>__TI_enable_exit_profile_output</name>
         <value>0xa81c</value>
         <object_component_ref idref="oc-45e"/>
      </symbol>
      <symbol id="sm-6f5">
         <name>_nop</name>
         <value>0x85a46</value>
         <object_component_ref idref="oc-540"/>
      </symbol>
      <symbol id="sm-6f6">
         <name>_lock</name>
         <value>0xa822</value>
         <object_component_ref idref="oc-461"/>
      </symbol>
      <symbol id="sm-6f7">
         <name>_unlock</name>
         <value>0xa824</value>
         <object_component_ref idref="oc-5ce"/>
      </symbol>
      <symbol id="sm-6f8">
         <name>_register_lock</name>
         <value>0x85a42</value>
         <object_component_ref idref="oc-540"/>
      </symbol>
      <symbol id="sm-6f9">
         <name>_register_unlock</name>
         <value>0x85a3e</value>
         <object_component_ref idref="oc-540"/>
      </symbol>
      <symbol id="sm-708">
         <name>_args_main</name>
         <value>0x859f1</value>
         <object_component_ref idref="oc-31e"/>
      </symbol>
      <symbol id="sm-717">
         <name>memset</name>
         <value>0x85a76</value>
         <object_component_ref idref="oc-180"/>
      </symbol>
      <symbol id="sm-722">
         <name>errno</name>
         <value>0xa826</value>
         <object_component_ref idref="oc-2d4"/>
      </symbol>
      <symbol id="sm-88a">
         <name>__TI_printfi</name>
         <value>0x82b51</value>
         <object_component_ref idref="oc-414"/>
      </symbol>
      <symbol id="sm-899">
         <name>wcslen</name>
         <value>0x85a1f</value>
         <object_component_ref idref="oc-514"/>
      </symbol>
      <symbol id="sm-8a5">
         <name>__c28xabi_cmpd</name>
         <value>0x8510e</value>
         <object_component_ref idref="oc-581"/>
      </symbol>
      <symbol id="sm-8b3">
         <name>__c28xabi_mpyd</name>
         <value>0x834bd</value>
         <object_component_ref idref="oc-590"/>
      </symbol>
      <symbol id="sm-8bc">
         <name>__c28xabi_negd</name>
         <value>0x85a47</value>
         <object_component_ref idref="oc-586"/>
      </symbol>
      <symbol id="sm-8c4">
         <name>__c28xabi_subd</name>
         <value>0x859bc</value>
         <object_component_ref idref="oc-5a5"/>
      </symbol>
      <symbol id="sm-8cf">
         <name>__c28xabi_dtoi</name>
         <value>0x852b4</value>
         <object_component_ref idref="oc-5aa"/>
      </symbol>
      <symbol id="sm-8da">
         <name>__c28xabi_dtol</name>
         <value>0x85353</value>
         <object_component_ref idref="oc-595"/>
      </symbol>
      <symbol id="sm-8e2">
         <name>__c28xabi_orll</name>
         <value>0x8560d</value>
         <object_component_ref idref="oc-50f"/>
      </symbol>
      <symbol id="sm-8e3">
         <name>__c28xabi_xorll</name>
         <value>0x85615</value>
         <object_component_ref idref="oc-50f"/>
      </symbol>
      <symbol id="sm-8e4">
         <name>__c28xabi_andll</name>
         <value>0x85605</value>
         <object_component_ref idref="oc-50f"/>
      </symbol>
      <symbol id="sm-90b">
         <name>__c28xabi_modull</name>
         <value>0x82f22</value>
         <object_component_ref idref="oc-50a"/>
      </symbol>
      <symbol id="sm-90c">
         <name>__c28xabi_divull</name>
         <value>0x82ef3</value>
         <object_component_ref idref="oc-50a"/>
      </symbol>
      <symbol id="sm-90d">
         <name>__c28xabi_divll</name>
         <value>0x82e7d</value>
         <object_component_ref idref="oc-50a"/>
      </symbol>
      <symbol id="sm-90e">
         <name>__c28xabi_modll</name>
         <value>0x82eb9</value>
         <object_component_ref idref="oc-50a"/>
      </symbol>
      <symbol id="sm-91a">
         <name>__c28xabi_itod</name>
         <value>0x8547c</value>
         <object_component_ref idref="oc-5bb"/>
      </symbol>
      <symbol id="sm-926">
         <name>__c28xabi_ltod</name>
         <value>0x8550a</value>
         <object_component_ref idref="oc-5a0"/>
      </symbol>
      <symbol id="sm-939">
         <name>__c28xabi_divd</name>
         <value>0x833aa</value>
         <object_component_ref idref="oc-58b"/>
      </symbol>
      <symbol id="sm-947">
         <name>_system_post_cinit</name>
         <value>0x85a90</value>
         <object_component_ref idref="oc-526"/>
      </symbol>
      <symbol id="sm-956">
         <name>__TI_ltoa</name>
         <value>0x85000</value>
         <object_component_ref idref="oc-59a"/>
      </symbol>
      <symbol id="sm-96b">
         <name>atoi</name>
         <value>0x83fba</value>
         <object_component_ref idref="oc-4ff"/>
      </symbol>
      <symbol id="sm-976">
         <name>_ctypes_</name>
         <value>0x84128</value>
         <object_component_ref idref="oc-576"/>
      </symbol>
      <symbol id="sm-986">
         <name>memccpy</name>
         <value>0x8597f</value>
         <object_component_ref idref="oc-4f7"/>
      </symbol>
      <symbol id="sm-996">
         <name>strchr</name>
         <value>0x859fd</value>
         <object_component_ref idref="oc-5c0"/>
      </symbol>
      <symbol id="sm-9a4">
         <name>strcpy</name>
         <value>0x85a88</value>
         <object_component_ref idref="oc-4f1"/>
      </symbol>
      <symbol id="sm-9b2">
         <name>strlen</name>
         <value>0x85a60</value>
         <object_component_ref idref="oc-4eb"/>
      </symbol>
      <symbol id="sm-9c9">
         <name>frexpl</name>
         <value>0x8367f</value>
         <object_component_ref idref="oc-5af"/>
      </symbol>
      <symbol id="sm-9ca">
         <name>frexp</name>
         <value>0x8367f</value>
         <object_component_ref idref="oc-5af"/>
      </symbol>
      <symbol id="sm-9ec">
         <name>scalbn</name>
         <value>0x83265</value>
         <object_component_ref idref="oc-5b5"/>
      </symbol>
      <symbol id="sm-9ed">
         <name>scalbnl</name>
         <value>0x83265</value>
         <object_component_ref idref="oc-5b5"/>
      </symbol>
      <symbol id="sm-9ee">
         <name>ldexpl</name>
         <value>0x83265</value>
         <object_component_ref idref="oc-5b5"/>
      </symbol>
      <symbol id="sm-9ef">
         <name>ldexp</name>
         <value>0x83265</value>
         <object_component_ref idref="oc-5b5"/>
      </symbol>
      <symbol id="sm-9fd">
         <name>copysign</name>
         <value>0x8524c</value>
         <object_component_ref idref="oc-606"/>
      </symbol>
      <symbol id="sm-9fe">
         <name>copysignl</name>
         <value>0x8524c</value>
         <object_component_ref idref="oc-606"/>
      </symbol>
      <symbol id="sm-a15">
         <name>__c28xabi_addd</name>
         <value>0x8330e</value>
         <object_component_ref idref="oc-5f7"/>
      </symbol>
      <symbol id="sm-a1d">
         <name>__c28xabi_divul</name>
         <value>0x85155</value>
         <object_component_ref idref="oc-5ef"/>
      </symbol>
      <symbol id="sm-a1e">
         <name>__c28xabi_modul</name>
         <value>0x8515c</value>
         <object_component_ref idref="oc-5ef"/>
      </symbol>
      <symbol id="sm-a1f">
         <name>__c28xabi_modl</name>
         <value>0x85147</value>
         <object_component_ref idref="oc-5ef"/>
      </symbol>
      <symbol id="sm-a20">
         <name>__c28xabi_divl</name>
         <value>0x85138</value>
         <object_component_ref idref="oc-5ef"/>
      </symbol>
      <symbol id="sm-a22">
         <name>__c_args__</name>
         <value>0x0</value>
      </symbol>
   </symbol_table>
   <title>Link successful</title>
</link_info>
